Microchip MPLAB XC8 Compiler V2.41

Linker command line:

-W-3 \
  --edf=C:\Program Files\Microchip\xc8\v2.41\pic\dat\20230208172133_en.msgs \
  -cn -h+dist/default/production\LCD_Driver.production.sym \
  --cmf=dist/default/production\LCD_Driver.production.cmf -z -Q18F4620 \
  -oC:\Users\Belal\AppData\Local\Temp\xcAs4p8.\driver_tmp_3.o \
  --defsym=__MPLAB_BUILD=1 --fixupoverflow=error \
  -Mdist/default/production/LCD_Driver.production.map \
  --md=C:\Users\Belal\AppData\Local\Temp\xcAs4p8.\driver_tmp_0.dat -E1 \
  -ver=XC8 Compiler --acfsm=1493 -ACODE=00h-0FFFFh -ACONST=00h-0FFFFh \
  -ASMALLCONST=01000h-010FFhx240 -AMEDIUMCONST=01000h-0FFFFh \
  -ACOMRAM=01h-07Fh -AABS1=00h-0F7Fh -ABIGRAM=01h-0F7Fh \
  -ARAM=080h-0FFh,0100h-01FFhx14,0F00h-0F7Fh -ABANK0=080h-0FFh \
  -ABANK1=0100h-01FFh -ABANK2=0200h-02FFh -ABANK3=0300h-03FFh \
  -ABANK4=0400h-04FFh -ABANK5=0500h-05FFh -ABANK6=0600h-06FFh \
  -ABANK7=0700h-07FFh -ABANK8=0800h-08FFh -ABANK9=0900h-09FFh \
  -ABANK10=0A00h-0AFFh -ABANK11=0B00h-0BFFh -ABANK12=0C00h-0CFFh \
  -ABANK13=0D00h-0DFFh -ABANK14=0E00h-0EFFh -ABANK15=0F00h-0F7Fh \
  -ASFR=0F80h-0FFFh -ABIGSFR=0F80h-0FFFh -ACONFIG=0300000h-030000Dh \
  -AIDLOC=0200000h-0200007h -AEEDATA=0F00000h-0F003FFh -peeprom_data=EEDATA \
  -preset_vec=00h,intcode=08h,intcodelo=018h,powerup,init -pramtop=01000h \
  -psmallconst=SMALLCONST -pmediumconst=MEDIUMCONST -pconst=CONST \
  -AFARRAM=00h-00h \
  -prdata=COMRAM,nvrram=COMRAM,nvbit=COMRAM,rbss=COMRAM,rbit=COMRAM \
  -pfarbss=FARRAM,fardata=FARRAM,nvFARRAM=FARRAM \
  -pintsave_regs=BIGRAM,bigbss=BIGRAM,bigdata=BIGRAM -pbss=RAM \
  -pidata=CODE,irdata=CODE,ibigdata=CODE,ifardata=CODE -prparam=COMRAM \
  C:\Users\Belal\AppData\Local\Temp\xcAs4p8.\driver_tmp_9.o \
  dist/default/production\LCD_Driver.production.o 

Object code version is 3.11

Machine type is 18F4620



                Name                               Link     Load   Length Selector   Space Scale
C:\Users\Belal\AppData\Local\Temp\xcAs4p8.\driver_tmp_9.o
                idloc                            200000   200000        8        0       5
                config                           300000   300000        E        0       4
                init                                 5A       5A        4        C       0
                reset_vec                             0        0        4        0       0
dist/default/production\LCD_Driver.production.o
                intcodelo                            18       18       42        C       0
                intcode                               8        8        6        4       0
                idloc                            200000   200000        8        0       5
                config                           300000   300000        E        0       4
                temp                                 6B       6B        1        1       1
                smallconst                         1000     1000        6      800       0
                text65                             24DE     24DE        4     1259       0
                text64                             1F64     1F64       38      F76       0
                text63                             22FE     22FE       20      F76       0
                text62                             1CDA     1CDA       62      803       0
                text61                             21F6     21F6       2E      F76       0
                text60                             20DA     20DA       32      F76       0
                text59                             233C     233C       1C      F76       0
                text58                             213C     213C       30      F76       0
                text57                             2480     2480       10     1238       0
                text56                             21C8     21C8       2E      F76       0
                text55                             24DA     24DA        4     1259       0
                text54                             24D6     24D6        4     1259       0
                text53                             24D2     24D2        4     1259       0
                text52                             2442     2442       1A      F76       0
                text51                             2428     2428       1A      F76       0
                text50                             240E     240E       1A      F76       0
                text49                             23F4     23F4       1A      F76       0
                text48                             24E4     24E4        2     1259       0
                text47                             249C     249C        C     1238       0
                text46                             24BA     24BA        8     1259       0
                text45                             2470     2470       10     1238       0
                text44                             203E     203E       36      F76       0
                text43                             1D9A     1D9A       5E      803       0
                text42                             22DE     22DE       20      F76       0
                text41                             224E     224E       2A      F76       0
                text40                             2008     2008       36      F76       0
                text39                             13A8     13A8      3A2      803       0
                intcode_body                       2224     2224       2A      F76       0
                text37                             24CE     24CE        4     1259       0
                text36                             1F2C     1F2C       38      F76       0
                text35                             22BE     22BE       20      F76       0
                text34                             1C6E     1C6E       6C      803       0
                text33                             219A     219A       2E      F76       0
                text32                             20A8     20A8       32      F76       0
                text31                             2278     2278       26      F76       0
                text30                             210C     210C       30      F76       0
                text29                             23DA     23DA       1A      F76       0
                text28                             216C     216C       2E      F76       0
                text27                             24CA     24CA        4     1259       0
                text26                             24C6     24C6        4     1259       0
                text25                             24C2     24C2        4     1259       0
                text24                             23C0     23C0       1A      F76       0
                text23                             23A6     23A6       1A      F76       0
                text22                             238C     238C       1A      F76       0
                text21                             2372     2372       1A      F76       0
                text20                             24E2     24E2        2     1259       0
                text19                             2490     2490        C     1238       0
                text18                             24B2     24B2        8     1259       0
                text17                             2358     2358       1A      F76       0
                text16                             1FD2     1FD2       36      F76       0
                text15                             1D3C     1D3C       5E      803       0
                text14                             229E     229E       20      F76       0
                text13                             2074     2074       34      F76       0
                text12                             1F9C     1F9C       36      F76       0
                text11                             1006     1006      3A2      803       0
                text9                              1EEC     1EEC       40      F76       0
                text8                              1AE6     1AE6       84      803       0
                text7                              174A     174A      14A      803       0
                text6                              1894     1894      132      803       0
                text5                              1E4C     1E4C       52      803       0
                text4                              1BEC     1BEC       82      803       0
                text3                              231E     231E       1E      F76       0
                text2                              19C6     19C6       96      803       0
                text1                              1A5C     1A5C       8A      803       0
                text0                              1DF8     1DF8       54      803       0
                cstackCOMRAM                         47       47       1B        1       1
                cstackBANK0                          F6       F6        A       80       1
                cstackBANK1                         113      113        A      100       1
                dataBANK1                           100      100       13      100       1
                dataBANK0                            80       80       4D       80       1
                bssBANK0                             CD       CD       29       80       1
                dataCOMRAM                           62       62        9        1       1
                bssCOMRAM                             1        1       46        1       1
                cinit                              1B6A     1B6A       82      803       0
                idataBANK1                         245C     245C       13      F76       0
                idataBANK0                         1E9E     1E9E       4D      803       0
                idataCOMRAM                        24A8     24A8        9     1238       0

TOTAL           Name                               Link     Load   Length     Space
        CLASS   CODE           
                intcodelo                            18       18       42         0
                intcode                               8        8        6         0
                init                                 5A       5A        4         0
                reset_vec                             0        0        4         0
                text65                             24DE     24DE        4         0
                text64                             1F64     1F64       38         0
                text63                             22FE     22FE       20         0
                text62                             1CDA     1CDA       62         0
                text61                             21F6     21F6       2E         0
                text60                             20DA     20DA       32         0
                text59                             233C     233C       1C         0
                text58                             213C     213C       30         0
                text57                             2480     2480       10         0
                text56                             21C8     21C8       2E         0
                text55                             24DA     24DA        4         0
                text54                             24D6     24D6        4         0
                text53                             24D2     24D2        4         0
                text52                             2442     2442       1A         0
                text51                             2428     2428       1A         0
                text50                             240E     240E       1A         0
                text49                             23F4     23F4       1A         0
                text48                             24E4     24E4        2         0
                text47                             249C     249C        C         0
                text46                             24BA     24BA        8         0
                text45                             2470     2470       10         0
                text44                             203E     203E       36         0
                text43                             1D9A     1D9A       5E         0
                text42                             22DE     22DE       20         0
                text41                             224E     224E       2A         0
                text40                             2008     2008       36         0
                text39                             13A8     13A8      3A2         0
                intcode_body                       2224     2224       2A         0
                text37                             24CE     24CE        4         0
                text36                             1F2C     1F2C       38         0
                text35                             22BE     22BE       20         0
                text34                             1C6E     1C6E       6C         0
                text33                             219A     219A       2E         0
                text32                             20A8     20A8       32         0
                text31                             2278     2278       26         0
                text30                             210C     210C       30         0
                text29                             23DA     23DA       1A         0
                text28                             216C     216C       2E         0
                text27                             24CA     24CA        4         0
                text26                             24C6     24C6        4         0
                text25                             24C2     24C2        4         0
                text24                             23C0     23C0       1A         0
                text23                             23A6     23A6       1A         0
                text22                             238C     238C       1A         0
                text21                             2372     2372       1A         0
                text20                             24E2     24E2        2         0
                text19                             2490     2490        C         0
                text18                             24B2     24B2        8         0
                text17                             2358     2358       1A         0
                text16                             1FD2     1FD2       36         0
                text15                             1D3C     1D3C       5E         0
                text14                             229E     229E       20         0
                text13                             2074     2074       34         0
                text12                             1F9C     1F9C       36         0
                text11                             1006     1006      3A2         0
                text9                              1EEC     1EEC       40         0
                text8                              1AE6     1AE6       84         0
                text7                              174A     174A      14A         0
                text6                              1894     1894      132         0
                text5                              1E4C     1E4C       52         0
                text4                              1BEC     1BEC       82         0
                text3                              231E     231E       1E         0
                text2                              19C6     19C6       96         0
                text1                              1A5C     1A5C       8A         0
                text0                              1DF8     1DF8       54         0
                cinit                              1B6A     1B6A       82         0
                idataBANK1                         245C     245C       13         0
                idataBANK0                         1E9E     1E9E       4D         0
                idataCOMRAM                        24A8     24A8        9         0

        CLASS   CONST          

        CLASS   SMALLCONST     
                smallconst                         1000     1000        6         0

        CLASS   MEDIUMCONST    

        CLASS   COMRAM         
                temp                                 6B       6B        1         1
                cstackCOMRAM                         47       47       1B         1
                dataCOMRAM                           62       62        9         1
                bssCOMRAM                             1        1       46         1

        CLASS   ABS1           

        CLASS   BIGRAM         

        CLASS   RAM            

        CLASS   BANK0          
                cstackBANK0                          F6       F6        A         1
                dataBANK0                            80       80       4D         1
                bssBANK0                             CD       CD       29         1

        CLASS   BANK1          
                cstackBANK1                         113      113        A         1
                dataBANK1                           100      100       13         1

        CLASS   BANK2          

        CLASS   BANK3          

        CLASS   BANK4          

        CLASS   BANK5          

        CLASS   BANK6          

        CLASS   BANK7          

        CLASS   BANK8          

        CLASS   BANK9          

        CLASS   BANK10         

        CLASS   BANK11         

        CLASS   BANK12         

        CLASS   BANK13         

        CLASS   BANK14         

        CLASS   BANK15         

        CLASS   SFR            

        CLASS   BIGSFR         

        CLASS   CONFIG         
                config                           300000   300000        E         4

        CLASS   IDLOC          
                idloc                            200000   200000        8         5

        CLASS   EEDATA         

        CLASS   FARRAM         

        CLASS   HEAP           

        CLASS   STACK          



SEGMENTS        Name                           Load    Length   Top    Selector   Space  Class

                reset_vec                      000000  000004  000004         0       0  CODE    
                bssCOMRAM                      000001  00006B  00006C         1       1  COMRAM  
                intcode                        000008  000006  00000E         4       0  CODE    
                intcodelo                      000018  000046  00005E         C       0  CODE    
                dataBANK0                      000080  000080  000100        80       1  BANK0   
                dataBANK1                      000100  00001D  00011D       100       1  BANK1   
                smallconst                     001000  000006  001006       800       0  SMALLCON
                text11                         001006  000EE5  001EEB       803       0  CODE    
                text9                          001EEC  000583  00246F       F76       0  CODE    
                text45                         002470  000041  0024B1      1238       0  CODE    
                text18                         0024B2  000034  0024E6      1259       0  CODE    


UNUSED ADDRESS RANGES

        Name                Unused          Largest block    Delta
        BANK1            00011D-0001FF               E3
        BANK10           000A00-000AFF              100
        BANK11           000B00-000BFF              100
        BANK12           000C00-000CFF              100
        BANK13           000D00-000DFF              100
        BANK14           000E00-000EFF              100
        BANK15           000F00-000F7F               80
        BANK2            000200-0002FF              100
        BANK3            000300-0003FF              100
        BANK4            000400-0004FF              100
        BANK5            000500-0005FF              100
        BANK6            000600-0006FF              100
        BANK7            000700-0007FF              100
        BANK8            000800-0008FF              100
        BANK9            000900-0009FF              100
        BIGRAM           00006C-00007F               14
                         00011D-000F7F              E63
        BIGSFR           000F80-000FFF               80
        CODE             000004-000007                4
                         00000E-000017                A
                         00005E-000FFF              FA2
                         001EEB-001EEB                1
                         00246F-00246F                1
                         0024B1-0024B1                1
                         0024E6-00FFFF             DB1A
        COMRAM           00006C-00007F               14
        CONST            000004-000007                4
                         00000E-000017                A
                         00005E-000FFF              FA2
                         001EEB-001EEB                1
                         00246F-00246F                1
                         0024B1-0024B1                1
                         0024E6-00FFFF             DB1A
        EEDATA           F00000-F003FF              400
        MEDIUMCONST      001EEB-001EEB                1
                         00246F-00246F                1
                         0024B1-0024B1                1
                         0024E6-00FFFF             DB1A
        RAM              00011D-000F7F              100
        SFR              000F80-000FFF               80
        SMALLCONST       001EEB-001EEB                1
                         00246F-00246F                1
                         0024B1-0024B1                1
                         0024E6-00FFFF              100

                                  Symbol Table

CCP1_Capture_Mode_Read_Value@F3086                bssCOMRAM    000033
CCP1_Capture_Mode_Read_Value@_capture_value       cstackCOMRAM 000053
CCP1_Capture_Mode_Read_Value@compare_temp_value   cstackCOMRAM 000055
EUSART_ASYNC_ReadByteNonBlocking@_data            cstackCOMRAM 000053
RB4_ISR@RB4_Source                                cstackCOMRAM 000053
RB5_ISR@RB5_Source                                cstackCOMRAM 000053
RB6_ISR@RB6_Source                                cstackCOMRAM 000053
RB7_ISR@RB7_Source                                cstackCOMRAM 000053
SPI_Init_Slave@_spi                               cstackBANK0  0000F6
SPI_Init_Slave@ret                                cstackBANK0  0000F9
SPI_ReadByteNonBlocking@_data                     cstackBANK0  0000F6
SPI_ReadByteNonBlocking@ret                       cstackBANK0  0000F8
Timer1_Read_value@_timer                          cstackCOMRAM 000053
Timer1_Read_value@_value                          cstackCOMRAM 000055
Timer1_Read_value@tmr1h                           cstackCOMRAM 00005A
Timer1_Read_value@tmr1l                           cstackCOMRAM 000059
Timer1_Write_value@_timer                         cstackCOMRAM 000053
Timer1_Write_value@_value                         cstackCOMRAM 000055
Timer3_Write_value@_timer                         cstackCOMRAM 000053
Timer3_Write_value@_value                         cstackCOMRAM 000055
_ADCON0bits                                       (abs)        000FC2
_ADCON1bits                                       (abs)        000FC1
_ADCON2bits                                       (abs)        000FC0
_ADC_ISR                                          text37       0024CE
_ADC_InterruptHandler                             bssCOMRAM    000037
_ADRESH                                           (abs)        000FC4
_ADRESL                                           (abs)        000FC3
_BAUDCONbits                                      (abs)        000FB8
_CCP1CONbits                                      (abs)        000FBD
_CCP1_Capture_Mode_Read_Value                     text36       001F2C
_CCP1_ISR                                         text33       00219A
_CCP1_InterruptHandler                            bssCOMRAM    000035
_CCP1_Interrupt_flag                              bssCOMRAM    00003A
_CCP1_Interrupt_flag_2                            bssCOMRAM    000039
_CCP1_interruptHundler                            text34       001C6E
_CCP1_interruptHundler$intlevel1                  text34       001C78
_CCPR1H                                           (abs)        000FBF
_CCPR1L                                           (abs)        000FBE
_EEADR                                            (abs)        000FA9
_EEADRH                                           (abs)        000FAA
_EECON1bits                                       (abs)        000FA6
_EECON2                                           (abs)        000FA7
_EEDATA                                           (abs)        000FA8
_EUSART_ASYNC_ReadByteNonBlocking                 text32       0020A8
_EUSART_FramingErrorHandler                       bssCOMRAM    000009
_EUSART_OverrunErrorHandler                       bssCOMRAM    000007
_EUSART_RX_ISR                                    text30       00210C
_EUSART_Rx_InterruptHandler                       text31       002278
_EUSART_Rx_InterruptHandler$intlevel1             text31       002282
_EUSART_Rx_InterruptHandler@hal_usart$F3617       bssCOMRAM    00000B
_EUSART_TX_ISR                                    text28       00216C
_EUSART_Tx_InterruptHandler                       text29       0023DA
_EUSART_Tx_InterruptHandler$intlevel1             text29       0023E4
_EUSART_Tx_InterruptHandler@hal_usart$F3616       bssCOMRAM    00000D
_INT0_ISR                                         text27       0024CA
_INT0_InterruptHandler                            bssCOMRAM    000031
_INT1_ISR                                         text26       0024C6
_INT1_InterruptHandler                            bssCOMRAM    00002F
_INT2_ISR                                         text25       0024C2
_INT2_InterruptHandler                            bssCOMRAM    00002D
_INTCON2bits                                      (abs)        000FF1
_INTCON3bits                                      (abs)        000FF0
_INTCONbits                                       (abs)        000FF2
_IPR1bits                                         (abs)        000F9F
_InterruptCheck                                   text11       001006
_InterruptManagerHigh                             intcode      000008
_InterruptManagerLow                              intcodelo    000018
_LATA                                             (abs)        000F89
_LATB                                             (abs)        000F8A
_LATC                                             (abs)        000F8B
_LATD                                             (abs)        000F8C
_LATE                                             (abs)        000F8D
_PIE1bits                                         (abs)        000F9D
_PIE2bits                                         (abs)        000FA0
_PIR1bits                                         (abs)        000F9E
_PIR2bits                                         (abs)        000FA1
_PORTA                                            (abs)        000F80
_PORTB                                            (abs)        000F81
_PORTBbits                                        (abs)        000F81
_PORTC                                            (abs)        000F82
_PORTD                                            (abs)        000F83
_PORTE                                            (abs)        000F84
_RB4_Flag                                         dataCOMRAM   000066
_RB4_ISR                                          text24       0023C0
_RB4_InterruptHandler_HIGH                        bssCOMRAM    00002B
_RB4_InterruptHandler_LOW                         bssCOMRAM    000029
_RB5_Flag                                         dataCOMRAM   000065
_RB5_ISR                                          text23       0023A6
_RB5_InterruptHandler_HIGH                        bssCOMRAM    000027
_RB5_InterruptHandler_LOW                         bssCOMRAM    000025
_RB6_Flag                                         dataCOMRAM   000064
_RB6_ISR                                          text22       00238C
_RB6_InterruptHandler_HIGH                        bssCOMRAM    000023
_RB6_InterruptHandler_LOW                         bssCOMRAM    000021
_RB7_Flag                                         dataCOMRAM   000063
_RB7_ISR                                          text21       002372
_RB7_InterruptHandler_HIGH                        bssCOMRAM    00001F
_RB7_InterruptHandler_LOW                         bssCOMRAM    00001D
_RCONbits                                         (abs)        000FD0
_RCREG                                            (abs)        000FAE
_RCSTAbits                                        (abs)        000FAB
_SPBRG                                            (abs)        000FAF
_SPBRGH                                           (abs)        000FB0
_SPI_ISR                                          text20       0024E2
_SPI_Init_Slave                                   text8        001AE6
_SPI_InterruotHandler                             bssCOMRAM    000005
_SPI_Master_obj                                   bssBANK0     0000DE
_SPI_ReadByteNonBlocking                          text9        001EEC
_SPI_Slave_obj                                    dataCOMRAM   000067
_SSPBUF                                           (abs)        000FC9
_SSPCON1bits                                      (abs)        000FC6
_SSPSTATbits                                      (abs)        000FC7
_T0CONbits                                        (abs)        000FD5
_T1CONbits                                        (abs)        000FCD
_T2CONbits                                        (abs)        000FCA
_T3CONbits                                        (abs)        000FB1
_TMR0H                                            (abs)        000FD7
_TMR0L                                            (abs)        000FD6
_TMR0_InterruptHandler                            bssCOMRAM    00001B
_TMR1H                                            (abs)        000FCF
_TMR1L                                            (abs)        000FCE
_TMR1_ISR                                         text19       002490
_TMR1_InterruptHandler                            bssCOMRAM    000017
_TMR2                                             (abs)        000FCC
_TMR2_ISR                                         text18       0024B2
_TMR2_InterruptHandler                            bssCOMRAM    000013
_TMR3H                                            (abs)        000FB3
_TMR3L                                            (abs)        000FB2
_TMR3_ISR                                         text16       001FD2
_TMR3_InterruptHandler                            bssCOMRAM    000011
_TMRO_ISR                                         text12       001F9C
_TRISA                                            (abs)        000F92
_TRISAbits                                        (abs)        000F92
_TRISB                                            (abs)        000F93
_TRISC                                            (abs)        000F94
_TRISCbits                                        (abs)        000F94
_TRISD                                            (abs)        000F95
_TRISE                                            (abs)        000F96
_TXREG                                            (abs)        000FAD
_TXSTAbits                                        (abs)        000FAC
_Timer1_Read_value                                text15       001D3C
_Timer1_Write_value                               text14       00229E
_Timer3_Write_value                               text35       0022BE
_Total_period_microSecond                         bssBANK0     0000E6
__HRAM                                            (abs)        000000
__H__absolute__                                   __absolute__ 000000
__Habs1                                           abs1         000000
__Hbank0                                          bank0        000000
__Hbank1                                          bank1        000000
__Hbank10                                         bank10       000000
__Hbank11                                         bank11       000000
__Hbank12                                         bank12       000000
__Hbank13                                         bank13       000000
__Hbank14                                         bank14       000000
__Hbank15                                         bank15       000000
__Hbank2                                          bank2        000000
__Hbank3                                          bank3        000000
__Hbank4                                          bank4        000000
__Hbank5                                          bank5        000000
__Hbank6                                          bank6        000000
__Hbank7                                          bank7        000000
__Hbank8                                          bank8        000000
__Hbank9                                          bank9        000000
__Hbigbss                                         bigbss       000000
__Hbigdata                                        bigdata      000000
__Hbigram                                         bigram       000000
__Hbigsfr                                         bigsfr       000000
__Hbss                                            bss          000000
__HbssBANK0                                       bssBANK0     000000
__HbssCOMRAM                                      bssCOMRAM    000000
__Hcinit                                          cinit        000000
__Hclrtext                                        clrtext      000000
__Hcomram                                         comram       000000
__Hconfig                                         config       30000E
__Hconst                                          const        000000
__HcstackBANK0                                    cstackBANK0  000000
__HcstackBANK1                                    cstackBANK1  000000
__HcstackCOMRAM                                   cstackCOMRAM 000000
__Hdata                                           data         000000
__HdataBANK0                                      dataBANK0    000000
__HdataBANK1                                      dataBANK1    000000
__HdataCOMRAM                                     dataCOMRAM   000000
__Heeprom_data                                    eeprom_data  000000
__Hfarbss                                         farbss       000000
__Hfardata                                        fardata      000000
__Hheap                                           heap         000000
__Hibigdata                                       ibigdata     000000
__Hidata                                          idata        000000
__HidataBANK0                                     idataBANK0   000000
__HidataBANK1                                     idataBANK1   000000
__HidataCOMRAM                                    idataCOMRAM  000000
__Hidloc                                          idloc        200008
__Hifardata                                       ifardata     000000
__Hinit                                           init         00005E
__Hintcode                                        intcode      00000E
__Hintcode_body                                   intcode_body 000000
__Hintcodelo                                      intcodelo    00005A
__Hintentry                                       intentry     000000
__Hintret                                         intret       000000
__Hintsave_regs                                   intsave_regs 000000
__Hirdata                                         irdata       000000
__Hmediumconst                                    mediumconst  000000
__HnvFARRAM                                       nvFARRAM     000000
__Hnvbit                                          nvbit        000000
__Hnvrram                                         nvrram       000000
__Hparam                                          rparam       000000
__Hpowerup                                        powerup      00005A
__Hram                                            ram          000000
__Hramtop                                         ramtop       001000
__Hrbit                                           rbit         000000
__Hrbss                                           rbss         000000
__Hrdata                                          rdata        000000
__Hreset_vec                                      reset_vec    000004
__Hrparam                                         rparam       000000
__Hsfr                                            sfr          000000
__Hsmallconst                                     smallconst   001006
__Hspace_0                                        (abs)        0024E6
__Hspace_1                                        (abs)        00011D
__Hspace_2                                        (abs)        000000
__Hspace_4                                        (abs)        60000E
__Hstack                                          stack        000000
__Hstruct                                         struct       000000
__Htemp                                           temp         00006C
__Htext                                           text         000000
__Htext0                                          text0        000000
__Htext1                                          text1        000000
__Htext11                                         text11       000000
__Htext12                                         text12       000000
__Htext13                                         text13       000000
__Htext14                                         text14       000000
__Htext15                                         text15       000000
__Htext16                                         text16       000000
__Htext17                                         text17       000000
__Htext18                                         text18       000000
__Htext19                                         text19       000000
__Htext2                                          text2        000000
__Htext20                                         text20       000000
__Htext21                                         text21       000000
__Htext22                                         text22       000000
__Htext23                                         text23       000000
__Htext24                                         text24       000000
__Htext25                                         text25       000000
__Htext26                                         text26       000000
__Htext27                                         text27       000000
__Htext28                                         text28       000000
__Htext29                                         text29       000000
__Htext3                                          text3        000000
__Htext30                                         text30       000000
__Htext31                                         text31       000000
__Htext32                                         text32       000000
__Htext33                                         text33       000000
__Htext34                                         text34       000000
__Htext35                                         text35       000000
__Htext36                                         text36       000000
__Htext37                                         text37       000000
__Htext39                                         text39       000000
__Htext4                                          text4        000000
__Htext40                                         text40       000000
__Htext41                                         text41       000000
__Htext42                                         text42       000000
__Htext43                                         text43       000000
__Htext44                                         text44       000000
__Htext45                                         text45       000000
__Htext46                                         text46       000000
__Htext47                                         text47       000000
__Htext48                                         text48       000000
__Htext49                                         text49       000000
__Htext5                                          text5        000000
__Htext50                                         text50       000000
__Htext51                                         text51       000000
__Htext52                                         text52       000000
__Htext53                                         text53       000000
__Htext54                                         text54       000000
__Htext55                                         text55       000000
__Htext56                                         text56       000000
__Htext57                                         text57       000000
__Htext58                                         text58       000000
__Htext59                                         text59       000000
__Htext6                                          text6        000000
__Htext60                                         text60       000000
__Htext61                                         text61       000000
__Htext62                                         text62       000000
__Htext63                                         text63       000000
__Htext64                                         text64       000000
__Htext65                                         text65       000000
__Htext66                                         text66       000000
__Htext7                                          text7        000000
__Htext8                                          text8        000000
__Htext9                                          text9        000000
__LRAM                                            (abs)        000001
__L__absolute__                                   __absolute__ 000000
__Labs1                                           abs1         000000
__Lbank0                                          bank0        000000
__Lbank1                                          bank1        000000
__Lbank10                                         bank10       000000
__Lbank11                                         bank11       000000
__Lbank12                                         bank12       000000
__Lbank13                                         bank13       000000
__Lbank14                                         bank14       000000
__Lbank15                                         bank15       000000
__Lbank2                                          bank2        000000
__Lbank3                                          bank3        000000
__Lbank4                                          bank4        000000
__Lbank5                                          bank5        000000
__Lbank6                                          bank6        000000
__Lbank7                                          bank7        000000
__Lbank8                                          bank8        000000
__Lbank9                                          bank9        000000
__Lbigbss                                         bigbss       000000
__Lbigdata                                        bigdata      000000
__Lbigram                                         bigram       000000
__Lbigsfr                                         bigsfr       000000
__Lbss                                            bss          000000
__LbssBANK0                                       bssBANK0     000000
__LbssCOMRAM                                      bssCOMRAM    000000
__Lcinit                                          cinit        000000
__Lclrtext                                        clrtext      000000
__Lcomram                                         comram       000000
__Lconfig                                         config       000000
__Lconst                                          const        000000
__LcstackBANK0                                    cstackBANK0  000000
__LcstackBANK1                                    cstackBANK1  000000
__LcstackCOMRAM                                   cstackCOMRAM 000000
__Ldata                                           data         000000
__LdataBANK0                                      dataBANK0    000000
__LdataBANK1                                      dataBANK1    000000
__LdataCOMRAM                                     dataCOMRAM   000000
__Leeprom_data                                    eeprom_data  000000
__Lfarbss                                         farbss       000000
__Lfardata                                        fardata      000000
__Lheap                                           heap         000000
__Libigdata                                       ibigdata     000000
__Lidata                                          idata        000000
__LidataBANK0                                     idataBANK0   000000
__LidataBANK1                                     idataBANK1   000000
__LidataCOMRAM                                    idataCOMRAM  000000
__Lidloc                                          idloc        000000
__Lifardata                                       ifardata     000000
__Linit                                           init         00005A
__Lintcode                                        intcode      000008
__Lintcode_body                                   intcode_body 000000
__Lintcodelo                                      intcodelo    000018
__Lintentry                                       intentry     000000
__Lintret                                         intret       000000
__Lintsave_regs                                   intsave_regs 000000
__Lirdata                                         irdata       000000
__Lmediumconst                                    mediumconst  000000
__LnvFARRAM                                       nvFARRAM     000000
__Lnvbit                                          nvbit        000000
__Lnvrram                                         nvrram       000000
__Lparam                                          rparam       000000
__Lpowerup                                        powerup      00005A
__Lram                                            ram          000000
__Lramtop                                         ramtop       001000
__Lrbit                                           rbit         000000
__Lrbss                                           rbss         000000
__Lrdata                                          rdata        000000
__Lreset_vec                                      reset_vec    000000
__Lrparam                                         rparam       000000
__Lsfr                                            sfr          000000
__Lsmallconst                                     smallconst   001000
__Lspace_0                                        (abs)        000000
__Lspace_1                                        (abs)        000000
__Lspace_2                                        (abs)        000000
__Lspace_4                                        (abs)        000000
__Lstack                                          stack        000000
__Lstruct                                         struct       000000
__Ltemp                                           temp         00006B
__Ltext                                           text         000000
__Ltext0                                          text0        000000
__Ltext1                                          text1        000000
__Ltext11                                         text11       000000
__Ltext12                                         text12       000000
__Ltext13                                         text13       000000
__Ltext14                                         text14       000000
__Ltext15                                         text15       000000
__Ltext16                                         text16       000000
__Ltext17                                         text17       000000
__Ltext18                                         text18       000000
__Ltext19                                         text19       000000
__Ltext2                                          text2        000000
__Ltext20                                         text20       000000
__Ltext21                                         text21       000000
__Ltext22                                         text22       000000
__Ltext23                                         text23       000000
__Ltext24                                         text24       000000
__Ltext25                                         text25       000000
__Ltext26                                         text26       000000
__Ltext27                                         text27       000000
__Ltext28                                         text28       000000
__Ltext29                                         text29       000000
__Ltext3                                          text3        000000
__Ltext30                                         text30       000000
__Ltext31                                         text31       000000
__Ltext32                                         text32       000000
__Ltext33                                         text33       000000
__Ltext34                                         text34       000000
__Ltext35                                         text35       000000
__Ltext36                                         text36       000000
__Ltext37                                         text37       000000
__Ltext39                                         text39       000000
__Ltext4                                          text4        000000
__Ltext40                                         text40       000000
__Ltext41                                         text41       000000
__Ltext42                                         text42       000000
__Ltext43                                         text43       000000
__Ltext44                                         text44       000000
__Ltext45                                         text45       000000
__Ltext46                                         text46       000000
__Ltext47                                         text47       000000
__Ltext48                                         text48       000000
__Ltext49                                         text49       000000
__Ltext5                                          text5        000000
__Ltext50                                         text50       000000
__Ltext51                                         text51       000000
__Ltext52                                         text52       000000
__Ltext53                                         text53       000000
__Ltext54                                         text54       000000
__Ltext55                                         text55       000000
__Ltext56                                         text56       000000
__Ltext57                                         text57       000000
__Ltext58                                         text58       000000
__Ltext59                                         text59       000000
__Ltext6                                          text6        000000
__Ltext60                                         text60       000000
__Ltext61                                         text61       000000
__Ltext62                                         text62       000000
__Ltext63                                         text63       000000
__Ltext64                                         text64       000000
__Ltext65                                         text65       000000
__Ltext66                                         text66       000000
__Ltext7                                          text7        000000
__Ltext8                                          text8        000000
__Ltext9                                          text9        000000
__S0                                              (abs)        0024E6
__S1                                              (abs)        00011D
__S4                                              (abs)        000000
__S5                                              (abs)        000000
___heap_hi                                        (abs)        000000
___heap_lo                                        (abs)        000000
___inthi_sp                                       stack        000000
___intlo_sp                                       stack        000000
___param_bank                                     (abs)        000000
___rparam_used                                    (abs)        000001
___sp                                             stack        000000
__accesstop                                       (abs)        000080
__activetblptr                                    (abs)        000003
__end_of_ADC_ISR                                  text37       0024D2
__end_of_CCP1_Capture_Mode_Read_Value             text36       001F64
__end_of_CCP1_ISR                                 text33       0021C8
__end_of_CCP1_interruptHundler                    text34       001CDA
__end_of_EUSART_ASYNC_ReadByteNonBlocking         text32       0020DA
__end_of_EUSART_RX_ISR                            text30       00213C
__end_of_EUSART_Rx_InterruptHandler               text31       00229E
__end_of_EUSART_TX_ISR                            text28       00219A
__end_of_EUSART_Tx_InterruptHandler               text29       0023F4
__end_of_INT0_ISR                                 text27       0024CE
__end_of_INT1_ISR                                 text26       0024CA
__end_of_INT2_ISR                                 text25       0024C6
__end_of_InterruptCheck                           text11       0013A8
__end_of_InterruptManagerHigh                     intcode_body 00224E
__end_of_InterruptManagerLow                      intcodelo    00005A
__end_of_RB4_ISR                                  text24       0023DA
__end_of_RB5_ISR                                  text23       0023C0
__end_of_RB6_ISR                                  text22       0023A6
__end_of_RB7_ISR                                  text21       00238C
__end_of_SPI_ISR                                  text20       0024E4
__end_of_SPI_Init_Slave                           text8        001B6A
__end_of_SPI_ReadByteNonBlocking                  text9        001F2C
__end_of_TMR1_ISR                                 text19       00249C
__end_of_TMR2_ISR                                 text18       0024BA
__end_of_TMR3_ISR                                 text16       002008
__end_of_TMRO_ISR                                 text12       001FD2
__end_of_Timer1_Read_value                        text15       001D9A
__end_of_Timer1_Write_value                       text14       0022BE
__end_of_Timer3_Write_value                       text35       0022DE
__end_of__initialization                          cinit        001BE2
__end_of_app_intialize                            text3        00233C
__end_of_gpio_pin_direction_intialize             text7        001894
__end_of_gpio_pin_intialize                       text5        001E9E
__end_of_gpio_pin_toggle_logic                    text2        001A5C
__end_of_gpio_pin_write_logic                     text6        0019C6
__end_of_led_initialize                           text4        001C6E
__end_of_led_turn_toggle                          text1        001AE6
__end_of_main                                     text0        001E4C
__end_of_timer0_interruptHundler                  text13       0020A8
__end_of_timer3_interruptHundler                  text17       002372
__end_ofi2_ADC_ISR                                text65       0024E2
__end_ofi2_CCP1_Capture_Mode_Read_Value           text64       001F9C
__end_ofi2_CCP1_ISR                               text61       002224
__end_ofi2_CCP1_interruptHundler                  text62       001D3C
__end_ofi2_EUSART_ASYNC_ReadByteNonBlocking       text60       00210C
__end_ofi2_EUSART_RX_ISR                          text58       00216C
__end_ofi2_EUSART_Rx_InterruptHandler             text59       002358
__end_ofi2_EUSART_TX_ISR                          text56       0021F6
__end_ofi2_EUSART_Tx_InterruptHandler             text57       002490
__end_ofi2_INT0_ISR                               text55       0024DE
__end_ofi2_INT1_ISR                               text54       0024DA
__end_ofi2_INT2_ISR                               text53       0024D6
__end_ofi2_InterruptCheck                         text39       00174A
__end_ofi2_RB4_ISR                                text52       00245C
__end_ofi2_RB5_ISR                                text51       002442
__end_ofi2_RB6_ISR                                text50       002428
__end_ofi2_RB7_ISR                                text49       00240E
__end_ofi2_SPI_ISR                                text48       0024E6
__end_ofi2_TMR1_ISR                               text47       0024A8
__end_ofi2_TMR2_ISR                               text46       0024C2
__end_ofi2_TMR3_ISR                               text44       002074
__end_ofi2_TMRO_ISR                               text40       00203E
__end_ofi2_Timer1_Read_value                      text43       001DF8
__end_ofi2_Timer1_Write_value                     text42       0022FE
__end_ofi2_Timer3_Write_value                     text63       00231E
__end_ofi2_timer0_interruptHundler                text41       002278
__end_ofi2_timer3_interruptHundler                text45       002480
__initialization                                  cinit        001B6A
__mediumconst                                     mediumconst  000000
__pbssBANK0                                       bssBANK0     0000CD
__pbssCOMRAM                                      bssCOMRAM    000001
__pcinit                                          cinit        001B6A
__pcstackBANK0                                    cstackBANK0  0000F6
__pcstackBANK1                                    cstackBANK1  000113
__pcstackCOMRAM                                   cstackCOMRAM 000047
__pdataBANK0                                      dataBANK0    000080
__pdataBANK1                                      dataBANK1    000100
__pdataCOMRAM                                     dataCOMRAM   000062
__pidataBANK0                                     idataBANK0   001E9E
__pidataBANK1                                     idataBANK1   00245C
__pidataCOMRAM                                    idataCOMRAM  0024A8
__pintcode                                        intcode      000008
__pintcode_body                                   intcode_body 002224
__pintcodelo                                      intcodelo    000018
__psmallconst                                     smallconst   001000
__ptext0                                          text0        001DF8
__ptext1                                          text1        001A5C
__ptext11                                         text11       001006
__ptext12                                         text12       001F9C
__ptext13                                         text13       002074
__ptext14                                         text14       00229E
__ptext15                                         text15       001D3C
__ptext16                                         text16       001FD2
__ptext17                                         text17       002358
__ptext18                                         text18       0024B2
__ptext19                                         text19       002490
__ptext2                                          text2        0019C6
__ptext20                                         text20       0024E2
__ptext21                                         text21       002372
__ptext22                                         text22       00238C
__ptext23                                         text23       0023A6
__ptext24                                         text24       0023C0
__ptext25                                         text25       0024C2
__ptext26                                         text26       0024C6
__ptext27                                         text27       0024CA
__ptext28                                         text28       00216C
__ptext29                                         text29       0023DA
__ptext3                                          text3        00231E
__ptext30                                         text30       00210C
__ptext31                                         text31       002278
__ptext32                                         text32       0020A8
__ptext33                                         text33       00219A
__ptext34                                         text34       001C6E
__ptext35                                         text35       0022BE
__ptext36                                         text36       001F2C
__ptext37                                         text37       0024CE
__ptext39                                         text39       0013A8
__ptext4                                          text4        001BEC
__ptext40                                         text40       002008
__ptext41                                         text41       00224E
__ptext42                                         text42       0022DE
__ptext43                                         text43       001D9A
__ptext44                                         text44       00203E
__ptext45                                         text45       002470
__ptext46                                         text46       0024BA
__ptext47                                         text47       00249C
__ptext48                                         text48       0024E4
__ptext49                                         text49       0023F4
__ptext5                                          text5        001E4C
__ptext50                                         text50       00240E
__ptext51                                         text51       002428
__ptext52                                         text52       002442
__ptext53                                         text53       0024D2
__ptext54                                         text54       0024D6
__ptext55                                         text55       0024DA
__ptext56                                         text56       0021C8
__ptext57                                         text57       002480
__ptext58                                         text58       00213C
__ptext59                                         text59       00233C
__ptext6                                          text6        001894
__ptext60                                         text60       0020DA
__ptext61                                         text61       0021F6
__ptext62                                         text62       001CDA
__ptext63                                         text63       0022FE
__ptext64                                         text64       001F64
__ptext65                                         text65       0024DE
__ptext66                                         text66       000000
__ptext7                                          text7        00174A
__ptext8                                          text8        001AE6
__ptext9                                          text9        001EEC
__ramtop                                          ramtop       001000
__smallconst                                      smallconst   001000
_app_intialize                                    text3        00231E
_ccp1_capature_value                              bssCOMRAM    000041
_ccp1_obj                                         dataBANK0    0000AF
_freqenct_measured                                bssBANK0     0000E2
_gpio_pin_direction_intialize                     text7        00174A
_gpio_pin_intialize                               text5        001E4C
_gpio_pin_toggle_logic                            text2        0019C6
_gpio_pin_write_logic                             text6        001894
_lat_registers                                    dataBANK0    00008A
_lcd_1                                            dataBANK0    0000B6
_lcd_2                                            dataBANK0    00009E
_led1                                             dataCOMRAM   00006A
_led2                                             dataCOMRAM   000062
_led_initialize                                   text4        001BEC
_led_turn_toggle                                  text1        001A5C
_main                                             text0        001DF8
_port_registers                                   dataBANK0    000080
_rec_uart_data                                    bssCOMRAM    000045
_timer0                                           dataBANK0    0000A8
_timer0_count                                     bssCOMRAM    00003B
_timer0_interruptHundler                          text13       002074
_timer0_interruptHundler$intlevel1                text13       00207E
_timer0_preload                                   bssCOMRAM    000019
_timer1                                           dataBANK0    0000C7
_timer1_count                                     bssCOMRAM    000046
_timer1_preload                                   bssCOMRAM    000015
_timer2                                           dataBANK0    0000BC
_timer2_preload                                   bssCOMRAM    00003C
_timer3                                           dataBANK0    0000C1
_timer3_interruptHundler                          text17       002358
_timer3_interruptHundler$intlevel1                text17       002362
_timer3_overflow                                  bssBANK0     0000F2
_timer3_preload                                   bssCOMRAM    00000F
_tris_registers                                   dataBANK0    000094
_usart_obj                                        dataBANK1    000100
_usart_rx_valid                                   bssBANK0     0000EE
_usart_tx_valid                                   bssBANK0     0000EA
btemp                                             temp         00006B
end_of_initialization                             cinit        001BE2
gpio_pin_direction_intialize@_pin_config          cstackBANK0  0000F6
gpio_pin_direction_intialize@ret                  cstackBANK0  0000FE
gpio_pin_intialize@_pin_config                    cstackBANK1  000113
gpio_pin_intialize@ret                            cstackBANK1  000115
gpio_pin_toggle_logic@_pin_config                 cstackBANK0  0000F6
gpio_pin_write_logic@_pin_config                  cstackBANK0  0000F6
gpio_pin_write_logic@logic                        cstackBANK0  0000F8
gpio_pin_write_logic@ret                          cstackBANK0  0000FF
i2CCP1_Capture_Mode_Read_Value@_capture_value     cstackCOMRAM 000047
i2CCP1_Capture_Mode_Read_Value@compare_temp_value cstackCOMRAM 000049
i2EUSART_ASYNC_ReadByteNonBlocking@_data          cstackCOMRAM 000047
i2RB4_ISR@RB4_Source                              cstackCOMRAM 000047
i2RB5_ISR@RB5_Source                              cstackCOMRAM 000047
i2RB6_ISR@RB6_Source                              cstackCOMRAM 000047
i2RB7_ISR@RB7_Source                              cstackCOMRAM 000047
i2Timer1_Read_value@_timer                        cstackCOMRAM 000047
i2Timer1_Read_value@_value                        cstackCOMRAM 000049
i2Timer1_Read_value@tmr1h                         cstackCOMRAM 00004E
i2Timer1_Read_value@tmr1l                         cstackCOMRAM 00004D
i2Timer1_Write_value@_timer                       cstackCOMRAM 000047
i2Timer1_Write_value@_value                       cstackCOMRAM 000049
i2Timer3_Write_value@_timer                       cstackCOMRAM 000047
i2Timer3_Write_value@_value                       cstackCOMRAM 000049
i2_ADC_ISR                                        text65       0024DE
i2_CCP1_Capture_Mode_Read_Value                   text64       001F64
i2_CCP1_ISR                                       text61       0021F6
i2_CCP1_interruptHundler                          text62       001CDA
i2_EUSART_ASYNC_ReadByteNonBlocking               text60       0020DA
i2_EUSART_RX_ISR                                  text58       00213C
i2_EUSART_Rx_InterruptHandler                     text59       00233C
i2_EUSART_TX_ISR                                  text56       0021C8
i2_EUSART_Tx_InterruptHandler                     text57       002480
i2_INT0_ISR                                       text55       0024DA
i2_INT1_ISR                                       text54       0024D6
i2_INT2_ISR                                       text53       0024D2
i2_InterruptCheck                                 text39       0013A8
i2_RB4_ISR                                        text52       002442
i2_RB5_ISR                                        text51       002428
i2_RB6_ISR                                        text50       00240E
i2_RB7_ISR                                        text49       0023F4
i2_SPI_ISR                                        text48       0024E4
i2_TMR1_ISR                                       text47       00249C
i2_TMR2_ISR                                       text46       0024BA
i2_TMR3_ISR                                       text44       00203E
i2_TMRO_ISR                                       text40       002008
i2_Timer1_Read_value                              text43       001D9A
i2_Timer1_Write_value                             text42       0022DE
i2_Timer3_Write_value                             text63       0022FE
i2_timer0_interruptHundler                        text41       00224E
i2_timer3_interruptHundler                        text45       002470
int$flags                                         temp         00006B
int_func                                          intcode_body 002224
intlevel0                                         text         000000
intlevel1                                         text         000000
intlevel2                                         text         000000
intlevel3                                         text         000000
isa$std                                           (abs)        000001
isa$xinst                                         (abs)        000000
led_initialize@F3048                              bssCOMRAM    000040
led_initialize@led                                cstackBANK1  000116
led_initialize@pin_obj                            cstackBANK1  00011A
led_initialize@ret                                cstackBANK1  000119
led_turn_off@F3058                                bssCOMRAM    00003E
led_turn_on@F3053                                 bssCOMRAM    00003F
led_turn_toggle@F3063                             bssCOMRAM    00003D
led_turn_toggle@led                               cstackBANK0  0000FD
led_turn_toggle@pin_obj                           cstackBANK1  000113
stackhi                                           (abs)        000000
stacklo                                           (abs)        000000
start                                             init         00005A
start_initialization                              cinit        001B6A
ttemp5                                            temp         00006C
ttemp6                                            temp         00006F
ttemp7                                            temp         000073
wtemp8                                            temp         00006C


MODULE INFORMATION

Module		Function		Class		Link	Load	Size
MCAL_Layer/Timer/Timer3/hal_timer3.c
		_TMR3_ISR      		CODE           	1FD2	0000	54
		_Timer3_Write_value		CODE           	22BE	0000	32

MCAL_Layer/Timer/Timer3/hal_timer3.c estimated size: 86

MCAL_Layer/Timer/Timer2/hal_timer2.c
		_TMR2_ISR      		CODE           	24B2	0000	8

MCAL_Layer/Timer/Timer2/hal_timer2.c estimated size: 8

MCAL_Layer/Timer/Timer1/hal_timer1.c
		_Timer1_Read_value		CODE           	1D3C	0000	94
		_TMR1_ISR      		CODE           	2490	0000	12
		_Timer1_Write_value		CODE           	229E	0000	32

MCAL_Layer/Timer/Timer1/hal_timer1.c estimated size: 138

MCAL_Layer/Timer/Timer0/hal_timer0.c
		_TMRO_ISR      		CODE           	1F9C	0000	54

MCAL_Layer/Timer/Timer0/hal_timer0.c estimated size: 54

MCAL_Layer/SPI/hal_SPI.c
		_SPI_ReadByteNonBlocking		CODE           	1EEC	0000	64
		_SPI_ISR       		CODE           	24E2	0000	2
		_SPI_Init_Slave		CODE           	1AE6	0000	132

MCAL_Layer/SPI/hal_SPI.c estimated size: 198

shared
		i2_EUSART_Rx_InterruptHandler		CODE           	233C	0000	28
		i2_EUSART_Tx_InterruptHandler		CODE           	2480	0000	16
		i2_RB6_ISR     		CODE           	240E	0000	26
		i2_INT1_ISR    		CODE           	24D6	0000	4
		i2_TMR1_ISR    		CODE           	249C	0000	12
		i2_RB7_ISR     		CODE           	23F4	0000	26
		i2_CCP1_ISR    		CODE           	21F6	0000	46
		i2_timer0_interruptHundler		CODE           	224E	0000	42
		i2_timer3_interruptHundler		CODE           	2470	0000	16
		i2_Timer1_Read_value		CODE           	1D9A	0000	94
		i2_EUSART_RX_ISR		CODE           	213C	0000	48
		i2_EUSART_TX_ISR		CODE           	21C8	0000	46
		__initialization		CODE           	1B6A	0000	120
		i2_Timer1_Write_value		CODE           	22DE	0000	32
		i2_Timer3_Write_value		CODE           	22FE	0000	32
		i2_InterruptCheck		CODE           	13A8	0000	930
		i2_INT2_ISR    		CODE           	24D2	0000	4
		i2_TMRO_ISR    		CODE           	2008	0000	54
		i2_TMR2_ISR    		CODE           	24BA	0000	8
		i2_SPI_ISR     		CODE           	24E4	0000	2
		i2_RB4_ISR     		CODE           	2442	0000	26
		i2_ADC_ISR     		CODE           	24DE	0000	4
		i2_EUSART_ASYNC_ReadByteNonBlocking		CODE           	20DA	0000	50
		i2_INT0_ISR    		CODE           	24DA	0000	4
		i2_CCP1_interruptHundler		CODE           	1CDA	0000	98
		i2_RB5_ISR     		CODE           	2428	0000	26
		i2_TMR3_ISR    		CODE           	203E	0000	54
		i2_CCP1_Capture_Mode_Read_Value		CODE           	1F64	0000	56

shared estimated size: 1904

MCAL_Layer/Interrupt/mcal_external_interrupt.c
		_RB4_ISR       		CODE           	23C0	0000	26
		_RB5_ISR       		CODE           	23A6	0000	26
		_RB6_ISR       		CODE           	238C	0000	26
		_RB7_ISR       		CODE           	2372	0000	26
		_INT0_ISR      		CODE           	24CA	0000	4
		_INT1_ISR      		CODE           	24C6	0000	4
		_INT2_ISR      		CODE           	24C2	0000	4

MCAL_Layer/Interrupt/mcal_external_interrupt.c estimated size: 116

MCAL_Layer/ADC/hal_adc.c
		_ADC_ISR       		CODE           	24CE	0000	4

MCAL_Layer/ADC/hal_adc.c estimated size: 4

MCAL_Layer/Interrupt/mcal_interrupt_manager.c
		_InterruptCheck		CODE           	1006	0000	930
		_InterruptManagerLow		CODE           	0018	0000	66
		_InterruptManagerHigh		CODE           	0008	0000	48

MCAL_Layer/Interrupt/mcal_interrupt_manager.c estimated size: 1044

MCAL_Layer/GPIO/hal_gpio.c
		_gpio_pin_write_logic		CODE           	1894	0000	306
		_gpio_pin_intialize		CODE           	1E4C	0000	82
		_gpio_pin_direction_intialize		CODE           	174A	0000	330
		_gpio_pin_toggle_logic		CODE           	19C6	0000	150

MCAL_Layer/GPIO/hal_gpio.c estimated size: 868

MCAL_Layer/USART/hal_usart.c
		_EUSART_RX_ISR 		CODE           	210C	0000	48
		_EUSART_TX_ISR 		CODE           	216C	0000	46
		_EUSART_ASYNC_ReadByteNonBlocking		CODE           	20A8	0000	50

MCAL_Layer/USART/hal_usart.c estimated size: 144

ECU_Layer/LED/ecu_led.c
		_led_turn_toggle		CODE           	1A5C	0000	138
		_led_initialize		CODE           	1BEC	0000	130

ECU_Layer/LED/ecu_led.c estimated size: 268

application.c
		_timer0_interruptHundler		CODE           	2074	0000	52
		_timer3_interruptHundler		CODE           	2358	0000	26
		_main          		CODE           	1DF8	0000	84
		_app_intialize 		CODE           	231E	0000	30
		_CCP1_interruptHundler		CODE           	1C6E	0000	108
		_EUSART_Rx_InterruptHandler		CODE           	2278	0000	38
		_EUSART_Tx_InterruptHandler		CODE           	23DA	0000	26

application.c estimated size: 364

MCAL_Layer/CCP/CCP1/hal_ccp1.c
		_CCP1_ISR      		CODE           	219A	0000	46
		_CCP1_Capture_Mode_Read_Value		CODE           	1F2C	0000	56

MCAL_Layer/CCP/CCP1/hal_ccp1.c estimated size: 102

