Microchip MPLAB XC8 Compiler V2.41

Linker command line:

-W-3 \
  --edf=C:\Program Files\Microchip\xc8\v2.41\pic\dat\20230208172133_en.msgs \
  -cn -h+dist/default/production\LCD_Driver.production.sym \
  --cmf=dist/default/production\LCD_Driver.production.cmf -z -Q18F4620 \
  -oC:\Users\Belal\AppData\Local\Temp\xcBsbko.1\driver_tmp_3.o \
  --defsym=__MPLAB_BUILD=1 --fixupoverflow=error \
  -Mdist/default/production/LCD_Driver.production.map \
  --md=C:\Users\Belal\AppData\Local\Temp\xcBsbko.1\driver_tmp_0.dat -E1 \
  -ver=XC8 Compiler --acfsm=1493 -ACODE=00h-0FFFFh -ACONST=00h-0FFFFh \
  -ASMALLCONST=01000h-010FFhx240 -AMEDIUMCONST=01000h-0FFFFh \
  -ACOMRAM=01h-07Fh -AABS1=00h-0F7Fh -ABIGRAM=01h-0F7Fh \
  -ARAM=080h-0FFh,0100h-01FFhx14,0F00h-0F7Fh -ABANK0=080h-0FFh \
  -ABANK1=0100h-01FFh -ABANK2=0200h-02FFh -ABANK3=0300h-03FFh \
  -ABANK4=0400h-04FFh -ABANK5=0500h-05FFh -ABANK6=0600h-06FFh \
  -ABANK7=0700h-07FFh -ABANK8=0800h-08FFh -ABANK9=0900h-09FFh \
  -ABANK10=0A00h-0AFFh -ABANK11=0B00h-0BFFh -ABANK12=0C00h-0CFFh \
  -ABANK13=0D00h-0DFFh -ABANK14=0E00h-0EFFh -ABANK15=0F00h-0F7Fh \
  -ASFR=0F80h-0FFFh -ABIGSFR=0F80h-0FFFh -ACONFIG=0300000h-030000Dh \
  -AIDLOC=0200000h-0200007h -AEEDATA=0F00000h-0F003FFh -peeprom_data=EEDATA \
  -preset_vec=00h,intcode=08h,intcodelo=018h,powerup,init -pramtop=01000h \
  -psmallconst=SMALLCONST -pmediumconst=MEDIUMCONST -pconst=CONST \
  -AFARRAM=00h-00h \
  -prdata=COMRAM,nvrram=COMRAM,nvbit=COMRAM,rbss=COMRAM,rbit=COMRAM \
  -pfarbss=FARRAM,fardata=FARRAM,nvFARRAM=FARRAM \
  -pintsave_regs=BIGRAM,bigbss=BIGRAM,bigdata=BIGRAM -pbss=RAM \
  -pidata=CODE,irdata=CODE,ibigdata=CODE,ifardata=CODE -prparam=COMRAM \
  C:\Users\Belal\AppData\Local\Temp\xcBsbko.1\driver_tmp_9.o \
  dist/default/production\LCD_Driver.production.o 

Object code version is 3.11

Machine type is 18F4620



                Name                               Link     Load   Length Selector   Space Scale
C:\Users\Belal\AppData\Local\Temp\xcBsbko.1\driver_tmp_9.o
                idloc                            200000   200000        8        0       5
                config                           300000   300000        E        0       4
                init                                 5A       5A        4        C       0
                reset_vec                             0        0        4        0       0
dist/default/production\LCD_Driver.production.o
                intcodelo                            18       18       42        C       0
                intcode                               8        8        6        4       0
                idloc                            200000   200000        8        0       5
                config                           300000   300000        E        0       4
                temp                                 64       64        1        1       1
                smallconst                         1000     1000        C      800       0
                text69                             3480     3480        4      806       0
                text68                             2F04     2F04       38      806       0
                text67                             3274     3274       20      806       0
                text66                             2CB8     2CB8       64      806       0
                text65                             3192     3192       2E      806       0
                text64                             347C     347C        4      806       0
                text63                             341E     341E       10      806       0
                text62                             30AA     30AA       30      806       0
                text61                             340E     340E       10      806       0
                text60                             3164     3164       2E      806       0
                text59                             3478     3478        4      806       0
                text58                             3474     3474        4      806       0
                text57                             3470     3470        4      806       0
                text56                             33B4     33B4       1A      806       0
                text55                             339A     339A       1A      806       0
                text54                             3380     3380       1A      806       0
                text53                             3366     3366       1A      806       0
                text52                             343A     343A        C      806       0
                text51                             344E     344E        8      806       0
                text50                             33FE     33FE       10      806       0
                text49                             2FDE     2FDE       36      806       0
                text48                             2D7A     2D7A       5E      806       0
                text47                             3254     3254       20      806       0
                text46                             31EA     31EA       2A      806       0
                text45                             2FA8     2FA8       36      806       0
                text44                             1D62     1D62      3A2      806       0
                intcode_body                       31C0     31C0       2A      806       0
                text42                             346C     346C        4      806       0
                text41                             2ECC     2ECC       38      806       0
                text40                             3234     3234       20      806       0
                text39                             2C4A     2C4A       6E      806       0
                text38                             3136     3136       2E      806       0
                text37                             3468     3468        4      806       0
                text36                             334C     334C       1A      806       0
                text35                             307A     307A       30      806       0
                text34                             3332     3332       1A      806       0
                text33                             3108     3108       2E      806       0
                text32                             3464     3464        4      806       0
                text31                             3460     3460        4      806       0
                text30                             345C     345C        4      806       0
                text29                             3318     3318       1A      806       0
                text28                             32FE     32FE       1A      806       0
                text27                             32E4     32E4       1A      806       0
                text26                             32CA     32CA       1A      806       0
                text25                             342E     342E        C      806       0
                text24                             3446     3446        8      806       0
                text23                             32B0     32B0       1A      806       0
                text22                             2F72     2F72       36      806       0
                text21                             2D1C     2D1C       5E      806       0
                text20                             3214     3214       20      806       0
                text19                             3014     3014       34      806       0
                text18                             2F3C     2F3C       36      806       0
                text17                             19C0     19C0      3A2      806       0
                text15                             33E6     33E6       18      806       0
                text14                             2DD8     2DD8       56      806       0
                text13                             29C8     29C8       D0      806       0
                text12                             2A98     2A98       A8      806       0
                text11                             14FE     14FE      4C2      806       0
                text10                             2104     2104      39A      806       0
                text9                              28C2     28C2      106      806       0
                text8                              249E     249E      1B4      806       0
                text7                              100C     100C      4F2      806       0
                text6                              2E2E     2E2E       54      806       0
                text5                              2652     2652      144      806       0
                text4                              2796     2796      12C      806       0
                text3                              2E82     2E82       4A      806       0
                text2                              2BCE     2BCE       7C      806       0
                text1                              3294     3294       1C      806       0
                text0                              33CE     33CE       18      806       0
                cstackCOMRAM                          1        1       46        1       1
                cstackBANK0                          FD       FD        3       80       1
                cstackBANK1                         12E      12E       18      100       1
                dataBANK1                           100      100       2E      100       1
                bssBANK1                            146      146        B      100       1
                dataBANK0                            CB       CB       32       80       1
                bssBANK0                             80       80       4B       80       1
                dataCOMRAM                           5E       5E        6        1       1
                bssCOMRAM                            47       47       17        1       1
                cinit                              2B40     2B40       8E      806       0
                idataBANK1                         30DA     30DA       2E      806       0
                idataBANK0                         3048     3048       32      806       0
                idataCOMRAM                        3456     3456        6      806       0

TOTAL           Name                               Link     Load   Length     Space
        CLASS   CODE           
                intcodelo                            18       18       42         0
                intcode                               8        8        6         0
                init                                 5A       5A        4         0
                reset_vec                             0        0        4         0
                text69                             3480     3480        4         0
                text68                             2F04     2F04       38         0
                text67                             3274     3274       20         0
                text66                             2CB8     2CB8       64         0
                text65                             3192     3192       2E         0
                text64                             347C     347C        4         0
                text63                             341E     341E       10         0
                text62                             30AA     30AA       30         0
                text61                             340E     340E       10         0
                text60                             3164     3164       2E         0
                text59                             3478     3478        4         0
                text58                             3474     3474        4         0
                text57                             3470     3470        4         0
                text56                             33B4     33B4       1A         0
                text55                             339A     339A       1A         0
                text54                             3380     3380       1A         0
                text53                             3366     3366       1A         0
                text52                             343A     343A        C         0
                text51                             344E     344E        8         0
                text50                             33FE     33FE       10         0
                text49                             2FDE     2FDE       36         0
                text48                             2D7A     2D7A       5E         0
                text47                             3254     3254       20         0
                text46                             31EA     31EA       2A         0
                text45                             2FA8     2FA8       36         0
                text44                             1D62     1D62      3A2         0
                intcode_body                       31C0     31C0       2A         0
                text42                             346C     346C        4         0
                text41                             2ECC     2ECC       38         0
                text40                             3234     3234       20         0
                text39                             2C4A     2C4A       6E         0
                text38                             3136     3136       2E         0
                text37                             3468     3468        4         0
                text36                             334C     334C       1A         0
                text35                             307A     307A       30         0
                text34                             3332     3332       1A         0
                text33                             3108     3108       2E         0
                text32                             3464     3464        4         0
                text31                             3460     3460        4         0
                text30                             345C     345C        4         0
                text29                             3318     3318       1A         0
                text28                             32FE     32FE       1A         0
                text27                             32E4     32E4       1A         0
                text26                             32CA     32CA       1A         0
                text25                             342E     342E        C         0
                text24                             3446     3446        8         0
                text23                             32B0     32B0       1A         0
                text22                             2F72     2F72       36         0
                text21                             2D1C     2D1C       5E         0
                text20                             3214     3214       20         0
                text19                             3014     3014       34         0
                text18                             2F3C     2F3C       36         0
                text17                             19C0     19C0      3A2         0
                text15                             33E6     33E6       18         0
                text14                             2DD8     2DD8       56         0
                text13                             29C8     29C8       D0         0
                text12                             2A98     2A98       A8         0
                text11                             14FE     14FE      4C2         0
                text10                             2104     2104      39A         0
                text9                              28C2     28C2      106         0
                text8                              249E     249E      1B4         0
                text7                              100C     100C      4F2         0
                text6                              2E2E     2E2E       54         0
                text5                              2652     2652      144         0
                text4                              2796     2796      12C         0
                text3                              2E82     2E82       4A         0
                text2                              2BCE     2BCE       7C         0
                text1                              3294     3294       1C         0
                text0                              33CE     33CE       18         0
                cinit                              2B40     2B40       8E         0
                idataBANK1                         30DA     30DA       2E         0
                idataBANK0                         3048     3048       32         0
                idataCOMRAM                        3456     3456        6         0

        CLASS   CONST          

        CLASS   SMALLCONST     
                smallconst                         1000     1000        C         0

        CLASS   MEDIUMCONST    

        CLASS   COMRAM         
                temp                                 64       64        1         1
                cstackCOMRAM                          1        1       46         1
                dataCOMRAM                           5E       5E        6         1
                bssCOMRAM                            47       47       17         1

        CLASS   ABS1           

        CLASS   BIGRAM         

        CLASS   RAM            

        CLASS   BANK0          
                cstackBANK0                          FD       FD        3         1
                dataBANK0                            CB       CB       32         1
                bssBANK0                             80       80       4B         1

        CLASS   BANK1          
                cstackBANK1                         12E      12E       18         1
                dataBANK1                           100      100       2E         1
                bssBANK1                            146      146        B         1

        CLASS   BANK2          

        CLASS   BANK3          

        CLASS   BANK4          

        CLASS   BANK5          

        CLASS   BANK6          

        CLASS   BANK7          

        CLASS   BANK8          

        CLASS   BANK9          

        CLASS   BANK10         

        CLASS   BANK11         

        CLASS   BANK12         

        CLASS   BANK13         

        CLASS   BANK14         

        CLASS   BANK15         

        CLASS   SFR            

        CLASS   BIGSFR         

        CLASS   CONFIG         
                config                           300000   300000        E         4

        CLASS   IDLOC          
                idloc                            200000   200000        8         5

        CLASS   EEDATA         

        CLASS   FARRAM         

        CLASS   HEAP           

        CLASS   STACK          



SEGMENTS        Name                           Load    Length   Top    Selector   Space  Class

                reset_vec                      000000  000004  000004         0       0  CODE    
                cstackCOMRAM                   000001  000064  000065         1       1  COMRAM  
                intcode                        000008  000006  00000E         4       0  CODE    
                intcodelo                      000018  000046  00005E         C       0  CODE    
                bssBANK0                       000080  000080  000100        80       1  BANK0   
                dataBANK1                      000100  000051  000151       100       1  BANK1   
                smallconst                     001000  00000C  00100C       800       0  SMALLCON
                text7                          00100C  002478  003484       806       0  CODE    


UNUSED ADDRESS RANGES

        Name                Unused          Largest block    Delta
        BANK1            000151-0001FF               AF
        BANK10           000A00-000AFF              100
        BANK11           000B00-000BFF              100
        BANK12           000C00-000CFF              100
        BANK13           000D00-000DFF              100
        BANK14           000E00-000EFF              100
        BANK15           000F00-000F7F               80
        BANK2            000200-0002FF              100
        BANK3            000300-0003FF              100
        BANK4            000400-0004FF              100
        BANK5            000500-0005FF              100
        BANK6            000600-0006FF              100
        BANK7            000700-0007FF              100
        BANK8            000800-0008FF              100
        BANK9            000900-0009FF              100
        BIGRAM           000065-00007F               1B
                         000151-000F7F              E2F
        BIGSFR           000F80-000FFF               80
        CODE             000004-000007                4
                         00000E-000017                A
                         00005E-000FFF              FA2
                         003484-00FFFF             CB7C
        COMRAM           000065-00007F               1B
        CONST            000004-000007                4
                         00000E-000017                A
                         00005E-000FFF              FA2
                         003484-00FFFF             CB7C
        EEDATA           F00000-F003FF              400
        MEDIUMCONST      003484-00FFFF             CB7C
        RAM              000151-000F7F              100
        SFR              000F80-000FFF               80
        SMALLCONST       003484-00FFFF              100

                                  Symbol Table

?___fladd                                         cstackBANK1  00012E
?___fldiv                                         cstackCOMRAM 00002A
?___fltol                                         cstackCOMRAM 00001C
?___xxtofl                                        cstackCOMRAM 00001C
CCP1_Capture_Mode_Read_Value@F3086                bssBANK0     0000A6
CCP1_Capture_Mode_Read_Value@_capture_value       cstackCOMRAM 00000D
CCP1_Capture_Mode_Read_Value@compare_temp_value   cstackCOMRAM 00000F
CCP2_Capture_Mode_Read_Value@F3086                bssBANK0     00009E
EUSART_ASYNC_Init@_eusart                         cstackBANK1  000144
EUSART_ASYNC_Init@ret                             cstackBANK0  0000FF
EUSART_ASYNC_RX_Init@_eusart                      cstackCOMRAM 00001C
EUSART_ASYNC_TX_Init@_eusart                      cstackCOMRAM 00001C
EUSART_ASYNC_WriteByteBlocking@_data              cstackCOMRAM 00001C
EUSART_ASYNC_WriteStringBlocking@_data            cstackCOMRAM 00001D
EUSART_ASYNC_WriteStringBlocking@ret              cstackCOMRAM 00001F
EUSART_Baud_Rate_Calculation@Baud_Rate_Temp       cstackBANK1  00013C
EUSART_Baud_Rate_Calculation@_eusart              cstackBANK0  0000FD
RB4_ISR@RB4_Source                                cstackCOMRAM 00000D
RB5_ISR@RB5_Source                                cstackCOMRAM 00000D
RB6_ISR@RB6_Source                                cstackCOMRAM 00000D
RB7_ISR@RB7_Source                                cstackCOMRAM 00000D
Timer1_Read_value@_timer                          cstackCOMRAM 00000D
Timer1_Read_value@_value                          cstackCOMRAM 00000F
Timer1_Read_value@tmr1h                           cstackCOMRAM 000014
Timer1_Read_value@tmr1l                           cstackCOMRAM 000013
Timer1_Write_value@_timer                         cstackCOMRAM 00000D
Timer1_Write_value@_value                         cstackCOMRAM 00000F
Timer3_Write_value@_timer                         cstackCOMRAM 00000D
Timer3_Write_value@_value                         cstackCOMRAM 00000F
_ADCON0bits                                       (abs)        000FC2
_ADCON1bits                                       (abs)        000FC1
_ADCON2bits                                       (abs)        000FC0
_ADC_ISR                                          text42       00346C
_ADC_InterruptHandler                             bssBANK0     0000C2
_ADRESH                                           (abs)        000FC4
_ADRESL                                           (abs)        000FC3
_BAUDCONbits                                      (abs)        000FB8
_CCP1CONbits                                      (abs)        000FBD
_CCP1_Capture_Mode_Read_Value                     text41       002ECC
_CCP1_ISR                                         text38       003136
_CCP1_InterruptHandler                            bssCOMRAM    00004B
_CCP1_Interrupt_flag                              bssCOMRAM    000058
_CCP1_Interrupt_flag_2                            bssBANK0     0000C5
_CCP1_interruptHundler                            text39       002C4A
_CCP1_interruptHundler$intlevel1                  text39       002C54
_CCP2CONbits                                      (abs)        000FBA
_CCP2_ISR                                         text37       003468
_CCP2_InterruptHandler                            bssBANK0     0000A0
_CCPR1H                                           (abs)        000FBF
_CCPR1L                                           (abs)        000FBE
_CCPR2H                                           (abs)        000FBC
_CCPR2L                                           (abs)        000FBB
_EEADR                                            (abs)        000FA9
_EEADRH                                           (abs)        000FAA
_EECON1bits                                       (abs)        000FA6
_EECON2                                           (abs)        000FA7
_EEDATA                                           (abs)        000FA8
_EUSART_ASYNC_Init                                text6        002E2E
_EUSART_ASYNC_RX_Init                             text13       0029C8
_EUSART_ASYNC_TX_Init                             text12       002A98
_EUSART_ASYNC_WriteByteBlocking                   text15       0033E6
_EUSART_ASYNC_WriteStringBlocking                 text14       002DD8
_EUSART_Baud_Rate_Calculation                     text7        00100C
_EUSART_Baud_Rate_Calculation$5233                cstackBANK1  000140
_EUSART_FramingErrorHandler                       bssBANK0     0000A4
_EUSART_OverrunErrorHandler                       bssBANK0     0000A2
_EUSART_RX_ISR                                    text35       00307A
_EUSART_Rx_InterruptHandler                       text36       00334C
_EUSART_Rx_InterruptHandler$intlevel1             text36       003356
_EUSART_Rx_InterruptHandler@hal_usart$F3924       bssCOMRAM    000047
_EUSART_TX_ISR                                    text33       003108
_EUSART_Tx_InterruptHandler                       text34       003332
_EUSART_Tx_InterruptHandler$intlevel1             text34       00333C
_EUSART_Tx_InterruptHandler@hal_usart$F3923       bssCOMRAM    000049
_INT0_ISR                                         text32       003464
_INT0_InterruptHandler                            bssBANK0     0000C0
_INT1_ISR                                         text31       003460
_INT1_InterruptHandler                            bssBANK0     0000BE
_INT2_ISR                                         text30       00345C
_INT2_InterruptHandler                            bssBANK0     0000BC
_INTCON2bits                                      (abs)        000FF1
_INTCON3bits                                      (abs)        000FF0
_INTCONbits                                       (abs)        000FF2
_IPR1bits                                         (abs)        000F9F
_IPR2bits                                         (abs)        000FA2
_InterruptCheck                                   text17       0019C0
_InterruptManagerHigh                             intcode      000008
_InterruptManagerLow                              intcodelo    000018
_LATA                                             (abs)        000F89
_LATB                                             (abs)        000F8A
_LATC                                             (abs)        000F8B
_LATD                                             (abs)        000F8C
_LATE                                             (abs)        000F8D
_PIE1bits                                         (abs)        000F9D
_PIE2bits                                         (abs)        000FA0
_PIR1bits                                         (abs)        000F9E
_PIR2bits                                         (abs)        000FA1
_PORTA                                            (abs)        000F80
_PORTB                                            (abs)        000F81
_PORTBbits                                        (abs)        000F81
_PORTC                                            (abs)        000F82
_PORTD                                            (abs)        000F83
_PORTE                                            (abs)        000F84
_RB4_Flag                                         dataCOMRAM   000062
_RB4_ISR                                          text29       003318
_RB4_InterruptHandler_HIGH                        bssBANK0     0000BA
_RB4_InterruptHandler_LOW                         bssBANK0     0000B8
_RB5_Flag                                         dataCOMRAM   000061
_RB5_ISR                                          text28       0032FE
_RB5_InterruptHandler_HIGH                        bssBANK0     0000B6
_RB5_InterruptHandler_LOW                         bssBANK0     0000B4
_RB6_Flag                                         dataCOMRAM   000060
_RB6_ISR                                          text27       0032E4
_RB6_InterruptHandler_HIGH                        bssBANK0     0000B2
_RB6_InterruptHandler_LOW                         bssBANK0     0000B0
_RB7_Flag                                         dataCOMRAM   00005F
_RB7_ISR                                          text26       0032CA
_RB7_InterruptHandler_HIGH                        bssBANK0     0000AE
_RB7_InterruptHandler_LOW                         bssBANK0     0000AC
_RCONbits                                         (abs)        000FD0
_RCREG                                            (abs)        000FAE
_RCSTAbits                                        (abs)        000FAB
_SPBRG                                            (abs)        000FAF
_SPBRGH                                           (abs)        000FB0
_T0CONbits                                        (abs)        000FD5
_T1CONbits                                        (abs)        000FCD
_T2CONbits                                        (abs)        000FCA
_T3CONbits                                        (abs)        000FB1
_TMR0H                                            (abs)        000FD7
_TMR0L                                            (abs)        000FD6
_TMR0_InterruptHandler                            bssCOMRAM    000055
_TMR1H                                            (abs)        000FCF
_TMR1L                                            (abs)        000FCE
_TMR1_ISR                                         text25       00342E
_TMR1_InterruptHandler                            bssBANK0     0000AA
_TMR2                                             (abs)        000FCC
_TMR2_ISR                                         text24       003446
_TMR2_InterruptHandler                            bssBANK0     0000A8
_TMR3H                                            (abs)        000FB3
_TMR3L                                            (abs)        000FB2
_TMR3_ISR                                         text22       002F72
_TMR3_InterruptHandler                            bssCOMRAM    00004F
_TMRO_ISR                                         text18       002F3C
_TRISA                                            (abs)        000F92
_TRISB                                            (abs)        000F93
_TRISC                                            (abs)        000F94
_TRISCbits                                        (abs)        000F94
_TRISD                                            (abs)        000F95
_TRISE                                            (abs)        000F96
_TXREG                                            (abs)        000FAD
_TXSTAbits                                        (abs)        000FAC
_Timer1_Read_value                                text21       002D1C
_Timer1_Write_value                               text20       003214
_Timer3_Write_value                               text40       003234
_Total_period_microSecond                         bssBANK0     00008A
__HRAM                                            (abs)        000000
__H__absolute__                                   __absolute__ 000000
__Habs1                                           abs1         000000
__Hbank0                                          bank0        000000
__Hbank1                                          bank1        000000
__Hbank10                                         bank10       000000
__Hbank11                                         bank11       000000
__Hbank12                                         bank12       000000
__Hbank13                                         bank13       000000
__Hbank14                                         bank14       000000
__Hbank15                                         bank15       000000
__Hbank2                                          bank2        000000
__Hbank3                                          bank3        000000
__Hbank4                                          bank4        000000
__Hbank5                                          bank5        000000
__Hbank6                                          bank6        000000
__Hbank7                                          bank7        000000
__Hbank8                                          bank8        000000
__Hbank9                                          bank9        000000
__Hbigbss                                         bigbss       000000
__Hbigdata                                        bigdata      000000
__Hbigram                                         bigram       000000
__Hbigsfr                                         bigsfr       000000
__Hbss                                            bss          000000
__HbssBANK0                                       bssBANK0     000000
__HbssBANK1                                       bssBANK1     000000
__HbssCOMRAM                                      bssCOMRAM    000000
__Hcinit                                          cinit        000000
__Hclrtext                                        clrtext      000000
__Hcomram                                         comram       000000
__Hconfig                                         config       30000E
__Hconst                                          const        000000
__HcstackBANK0                                    cstackBANK0  000000
__HcstackBANK1                                    cstackBANK1  000000
__HcstackCOMRAM                                   cstackCOMRAM 000000
__Hdata                                           data         000000
__HdataBANK0                                      dataBANK0    000000
__HdataBANK1                                      dataBANK1    000000
__HdataCOMRAM                                     dataCOMRAM   000000
__Heeprom_data                                    eeprom_data  000000
__Hfarbss                                         farbss       000000
__Hfardata                                        fardata      000000
__Hheap                                           heap         000000
__Hibigdata                                       ibigdata     000000
__Hidata                                          idata        000000
__HidataBANK0                                     idataBANK0   000000
__HidataBANK1                                     idataBANK1   000000
__HidataCOMRAM                                    idataCOMRAM  000000
__Hidloc                                          idloc        200008
__Hifardata                                       ifardata     000000
__Hinit                                           init         00005E
__Hintcode                                        intcode      00000E
__Hintcode_body                                   intcode_body 000000
__Hintcodelo                                      intcodelo    00005A
__Hintentry                                       intentry     000000
__Hintret                                         intret       000000
__Hintsave_regs                                   intsave_regs 000000
__Hirdata                                         irdata       000000
__Hmediumconst                                    mediumconst  000000
__HnvFARRAM                                       nvFARRAM     000000
__Hnvbit                                          nvbit        000000
__Hnvrram                                         nvrram       000000
__Hparam                                          rparam       000000
__Hpowerup                                        powerup      00005A
__Hram                                            ram          000000
__Hramtop                                         ramtop       001000
__Hrbit                                           rbit         000000
__Hrbss                                           rbss         000000
__Hrdata                                          rdata        000000
__Hreset_vec                                      reset_vec    000004
__Hrparam                                         rparam       000000
__Hsfr                                            sfr          000000
__Hsmallconst                                     smallconst   00100C
__Hspace_0                                        (abs)        003484
__Hspace_1                                        (abs)        000151
__Hspace_2                                        (abs)        000000
__Hspace_4                                        (abs)        60000E
__Hstack                                          stack        000000
__Hstruct                                         struct       000000
__Htemp                                           temp         000065
__Htext                                           text         000000
__Htext0                                          text0        000000
__Htext1                                          text1        000000
__Htext10                                         text10       000000
__Htext11                                         text11       000000
__Htext12                                         text12       000000
__Htext13                                         text13       000000
__Htext14                                         text14       000000
__Htext15                                         text15       000000
__Htext17                                         text17       000000
__Htext18                                         text18       000000
__Htext19                                         text19       000000
__Htext2                                          text2        000000
__Htext20                                         text20       000000
__Htext21                                         text21       000000
__Htext22                                         text22       000000
__Htext23                                         text23       000000
__Htext24                                         text24       000000
__Htext25                                         text25       000000
__Htext26                                         text26       000000
__Htext27                                         text27       000000
__Htext28                                         text28       000000
__Htext29                                         text29       000000
__Htext3                                          text3        000000
__Htext30                                         text30       000000
__Htext31                                         text31       000000
__Htext32                                         text32       000000
__Htext33                                         text33       000000
__Htext34                                         text34       000000
__Htext35                                         text35       000000
__Htext36                                         text36       000000
__Htext37                                         text37       000000
__Htext38                                         text38       000000
__Htext39                                         text39       000000
__Htext4                                          text4        000000
__Htext40                                         text40       000000
__Htext41                                         text41       000000
__Htext42                                         text42       000000
__Htext44                                         text44       000000
__Htext45                                         text45       000000
__Htext46                                         text46       000000
__Htext47                                         text47       000000
__Htext48                                         text48       000000
__Htext49                                         text49       000000
__Htext5                                          text5        000000
__Htext50                                         text50       000000
__Htext51                                         text51       000000
__Htext52                                         text52       000000
__Htext53                                         text53       000000
__Htext54                                         text54       000000
__Htext55                                         text55       000000
__Htext56                                         text56       000000
__Htext57                                         text57       000000
__Htext58                                         text58       000000
__Htext59                                         text59       000000
__Htext6                                          text6        000000
__Htext60                                         text60       000000
__Htext61                                         text61       000000
__Htext62                                         text62       000000
__Htext63                                         text63       000000
__Htext64                                         text64       000000
__Htext65                                         text65       000000
__Htext66                                         text66       000000
__Htext67                                         text67       000000
__Htext68                                         text68       000000
__Htext69                                         text69       000000
__Htext7                                          text7        000000
__Htext70                                         text70       000000
__Htext8                                          text8        000000
__Htext9                                          text9        000000
__LRAM                                            (abs)        000001
__L__absolute__                                   __absolute__ 000000
__Labs1                                           abs1         000000
__Lbank0                                          bank0        000000
__Lbank1                                          bank1        000000
__Lbank10                                         bank10       000000
__Lbank11                                         bank11       000000
__Lbank12                                         bank12       000000
__Lbank13                                         bank13       000000
__Lbank14                                         bank14       000000
__Lbank15                                         bank15       000000
__Lbank2                                          bank2        000000
__Lbank3                                          bank3        000000
__Lbank4                                          bank4        000000
__Lbank5                                          bank5        000000
__Lbank6                                          bank6        000000
__Lbank7                                          bank7        000000
__Lbank8                                          bank8        000000
__Lbank9                                          bank9        000000
__Lbigbss                                         bigbss       000000
__Lbigdata                                        bigdata      000000
__Lbigram                                         bigram       000000
__Lbigsfr                                         bigsfr       000000
__Lbss                                            bss          000000
__LbssBANK0                                       bssBANK0     000000
__LbssBANK1                                       bssBANK1     000000
__LbssCOMRAM                                      bssCOMRAM    000000
__Lcinit                                          cinit        000000
__Lclrtext                                        clrtext      000000
__Lcomram                                         comram       000000
__Lconfig                                         config       000000
__Lconst                                          const        000000
__LcstackBANK0                                    cstackBANK0  000000
__LcstackBANK1                                    cstackBANK1  000000
__LcstackCOMRAM                                   cstackCOMRAM 000000
__Ldata                                           data         000000
__LdataBANK0                                      dataBANK0    000000
__LdataBANK1                                      dataBANK1    000000
__LdataCOMRAM                                     dataCOMRAM   000000
__Leeprom_data                                    eeprom_data  000000
__Lfarbss                                         farbss       000000
__Lfardata                                        fardata      000000
__Lheap                                           heap         000000
__Libigdata                                       ibigdata     000000
__Lidata                                          idata        000000
__LidataBANK0                                     idataBANK0   000000
__LidataBANK1                                     idataBANK1   000000
__LidataCOMRAM                                    idataCOMRAM  000000
__Lidloc                                          idloc        000000
__Lifardata                                       ifardata     000000
__Linit                                           init         00005A
__Lintcode                                        intcode      000008
__Lintcode_body                                   intcode_body 000000
__Lintcodelo                                      intcodelo    000018
__Lintentry                                       intentry     000000
__Lintret                                         intret       000000
__Lintsave_regs                                   intsave_regs 000000
__Lirdata                                         irdata       000000
__Lmediumconst                                    mediumconst  000000
__LnvFARRAM                                       nvFARRAM     000000
__Lnvbit                                          nvbit        000000
__Lnvrram                                         nvrram       000000
__Lparam                                          rparam       000000
__Lpowerup                                        powerup      00005A
__Lram                                            ram          000000
__Lramtop                                         ramtop       001000
__Lrbit                                           rbit         000000
__Lrbss                                           rbss         000000
__Lrdata                                          rdata        000000
__Lreset_vec                                      reset_vec    000000
__Lrparam                                         rparam       000000
__Lsfr                                            sfr          000000
__Lsmallconst                                     smallconst   001000
__Lspace_0                                        (abs)        000000
__Lspace_1                                        (abs)        000000
__Lspace_2                                        (abs)        000000
__Lspace_4                                        (abs)        000000
__Lstack                                          stack        000000
__Lstruct                                         struct       000000
__Ltemp                                           temp         000064
__Ltext                                           text         000000
__Ltext0                                          text0        000000
__Ltext1                                          text1        000000
__Ltext10                                         text10       000000
__Ltext11                                         text11       000000
__Ltext12                                         text12       000000
__Ltext13                                         text13       000000
__Ltext14                                         text14       000000
__Ltext15                                         text15       000000
__Ltext17                                         text17       000000
__Ltext18                                         text18       000000
__Ltext19                                         text19       000000
__Ltext2                                          text2        000000
__Ltext20                                         text20       000000
__Ltext21                                         text21       000000
__Ltext22                                         text22       000000
__Ltext23                                         text23       000000
__Ltext24                                         text24       000000
__Ltext25                                         text25       000000
__Ltext26                                         text26       000000
__Ltext27                                         text27       000000
__Ltext28                                         text28       000000
__Ltext29                                         text29       000000
__Ltext3                                          text3        000000
__Ltext30                                         text30       000000
__Ltext31                                         text31       000000
__Ltext32                                         text32       000000
__Ltext33                                         text33       000000
__Ltext34                                         text34       000000
__Ltext35                                         text35       000000
__Ltext36                                         text36       000000
__Ltext37                                         text37       000000
__Ltext38                                         text38       000000
__Ltext39                                         text39       000000
__Ltext4                                          text4        000000
__Ltext40                                         text40       000000
__Ltext41                                         text41       000000
__Ltext42                                         text42       000000
__Ltext44                                         text44       000000
__Ltext45                                         text45       000000
__Ltext46                                         text46       000000
__Ltext47                                         text47       000000
__Ltext48                                         text48       000000
__Ltext49                                         text49       000000
__Ltext5                                          text5        000000
__Ltext50                                         text50       000000
__Ltext51                                         text51       000000
__Ltext52                                         text52       000000
__Ltext53                                         text53       000000
__Ltext54                                         text54       000000
__Ltext55                                         text55       000000
__Ltext56                                         text56       000000
__Ltext57                                         text57       000000
__Ltext58                                         text58       000000
__Ltext59                                         text59       000000
__Ltext6                                          text6        000000
__Ltext60                                         text60       000000
__Ltext61                                         text61       000000
__Ltext62                                         text62       000000
__Ltext63                                         text63       000000
__Ltext64                                         text64       000000
__Ltext65                                         text65       000000
__Ltext66                                         text66       000000
__Ltext67                                         text67       000000
__Ltext68                                         text68       000000
__Ltext69                                         text69       000000
__Ltext7                                          text7        000000
__Ltext70                                         text70       000000
__Ltext8                                          text8        000000
__Ltext9                                          text9        000000
__S0                                              (abs)        003484
__S1                                              (abs)        000151
__S4                                              (abs)        000000
__S5                                              (abs)        000000
___fladd                                          text11       0014FE
___fladd@a                                        cstackBANK1  000132
___fladd@aexp                                     cstackBANK1  000137
___fladd@b                                        cstackBANK1  00012E
___fladd@bexp                                     cstackBANK1  000138
___fladd@grs                                      cstackBANK1  000139
___fladd@signs                                    cstackBANK1  000136
___fldiv                                          text10       002104
___fldiv@a                                        cstackCOMRAM 00002E
___fldiv@aexp                                     cstackCOMRAM 000042
___fldiv@b                                        cstackCOMRAM 00002A
___fldiv@bexp                                     cstackCOMRAM 000041
___fldiv@grs                                      cstackCOMRAM 00003D
___fldiv@new_exp                                  cstackCOMRAM 00003B
___fldiv@rem                                      cstackCOMRAM 000036
___fldiv@sign                                     cstackCOMRAM 00003A
___fltol                                          text9        0028C2
___fltol@exp1                                     cstackCOMRAM 000025
___fltol@f1                                       cstackCOMRAM 00001C
___fltol@sign1                                    cstackCOMRAM 000024
___heap_hi                                        (abs)        000000
___heap_lo                                        (abs)        000000
___inthi_sp                                       stack        000000
___intlo_sp                                       stack        000000
___param_bank                                     (abs)        000000
___rparam_used                                    (abs)        000001
___sp                                             stack        000000
___xxtofl                                         text8        00249E
___xxtofl@arg                                     cstackCOMRAM 000026
___xxtofl@exp                                     cstackCOMRAM 000025
___xxtofl@sign                                    cstackCOMRAM 000024
___xxtofl@val                                     cstackCOMRAM 00001C
__accesstop                                       (abs)        000080
__activetblptr                                    (abs)        000003
__end_of_ADC_ISR                                  text42       003470
__end_of_CCP1_Capture_Mode_Read_Value             text41       002F04
__end_of_CCP1_ISR                                 text38       003164
__end_of_CCP1_interruptHundler                    text39       002CB8
__end_of_CCP2_ISR                                 text37       00346C
__end_of_EUSART_ASYNC_Init                        text6        002E82
__end_of_EUSART_ASYNC_RX_Init                     text13       002A98
__end_of_EUSART_ASYNC_TX_Init                     text12       002B40
__end_of_EUSART_ASYNC_WriteByteBlocking           text15       0033FE
__end_of_EUSART_ASYNC_WriteStringBlocking         text14       002E2E
__end_of_EUSART_Baud_Rate_Calculation             text7        0014FE
__end_of_EUSART_RX_ISR                            text35       0030AA
__end_of_EUSART_Rx_InterruptHandler               text36       003366
__end_of_EUSART_TX_ISR                            text33       003136
__end_of_EUSART_Tx_InterruptHandler               text34       00334C
__end_of_INT0_ISR                                 text32       003468
__end_of_INT1_ISR                                 text31       003464
__end_of_INT2_ISR                                 text30       003460
__end_of_InterruptCheck                           text17       001D62
__end_of_InterruptManagerHigh                     intcode_body 0031EA
__end_of_InterruptManagerLow                      intcodelo    00005A
__end_of_RB4_ISR                                  text29       003332
__end_of_RB5_ISR                                  text28       003318
__end_of_RB6_ISR                                  text27       0032FE
__end_of_RB7_ISR                                  text26       0032E4
__end_of_TMR1_ISR                                 text25       00343A
__end_of_TMR2_ISR                                 text24       00344E
__end_of_TMR3_ISR                                 text22       002FA8
__end_of_TMRO_ISR                                 text18       002F72
__end_of_Timer1_Read_value                        text21       002D7A
__end_of_Timer1_Write_value                       text20       003234
__end_of_Timer3_Write_value                       text40       003254
__end_of___fladd                                  text11       0019C0
__end_of___fldiv                                  text10       00249E
__end_of___fltol                                  text9        0029C8
__end_of___xxtofl                                 text8        002652
__end_of__initialization                          cinit        002BC4
__end_of_app_intialize                            text1        0032B0
__end_of_gpio_pin_direction_intialize             text5        002796
__end_of_gpio_pin_intialize                       text3        002ECC
__end_of_gpio_pin_write_logic                     text4        0028C2
__end_of_led_initialize                           text2        002C4A
__end_of_main                                     text0        0033E6
__end_of_timer0_interruptHundler                  text19       003048
__end_of_timer3_interruptHundler                  text23       0032CA
__end_ofi2_ADC_ISR                                text69       003484
__end_ofi2_CCP1_Capture_Mode_Read_Value           text68       002F3C
__end_ofi2_CCP1_ISR                               text65       0031C0
__end_ofi2_CCP1_interruptHundler                  text66       002D1C
__end_ofi2_CCP2_ISR                               text64       003480
__end_ofi2_EUSART_RX_ISR                          text62       0030DA
__end_ofi2_EUSART_Rx_InterruptHandler             text63       00342E
__end_ofi2_EUSART_TX_ISR                          text60       003192
__end_ofi2_EUSART_Tx_InterruptHandler             text61       00341E
__end_ofi2_INT0_ISR                               text59       00347C
__end_ofi2_INT1_ISR                               text58       003478
__end_ofi2_INT2_ISR                               text57       003474
__end_ofi2_InterruptCheck                         text44       002104
__end_ofi2_RB4_ISR                                text56       0033CE
__end_ofi2_RB5_ISR                                text55       0033B4
__end_ofi2_RB6_ISR                                text54       00339A
__end_ofi2_RB7_ISR                                text53       003380
__end_ofi2_TMR1_ISR                               text52       003446
__end_ofi2_TMR2_ISR                               text51       003456
__end_ofi2_TMR3_ISR                               text49       003014
__end_ofi2_TMRO_ISR                               text45       002FDE
__end_ofi2_Timer1_Read_value                      text48       002DD8
__end_ofi2_Timer1_Write_value                     text47       003274
__end_ofi2_Timer3_Write_value                     text67       003294
__end_ofi2_timer0_interruptHundler                text46       003214
__end_ofi2_timer3_interruptHundler                text50       00340E
__initialization                                  cinit        002B40
__mediumconst                                     mediumconst  000000
__pbssBANK0                                       bssBANK0     000080
__pbssBANK1                                       bssBANK1     000146
__pbssCOMRAM                                      bssCOMRAM    000047
__pcinit                                          cinit        002B40
__pcstackBANK0                                    cstackBANK0  0000FD
__pcstackBANK1                                    cstackBANK1  00012E
__pcstackCOMRAM                                   cstackCOMRAM 000001
__pdataBANK0                                      dataBANK0    0000CB
__pdataBANK1                                      dataBANK1    000100
__pdataCOMRAM                                     dataCOMRAM   00005E
__pidataBANK0                                     idataBANK0   003048
__pidataBANK1                                     idataBANK1   0030DA
__pidataCOMRAM                                    idataCOMRAM  003456
__pintcode                                        intcode      000008
__pintcode_body                                   intcode_body 0031C0
__pintcodelo                                      intcodelo    000018
__psmallconst                                     smallconst   001000
__ptext0                                          text0        0033CE
__ptext1                                          text1        003294
__ptext10                                         text10       002104
__ptext11                                         text11       0014FE
__ptext12                                         text12       002A98
__ptext13                                         text13       0029C8
__ptext14                                         text14       002DD8
__ptext15                                         text15       0033E6
__ptext17                                         text17       0019C0
__ptext18                                         text18       002F3C
__ptext19                                         text19       003014
__ptext2                                          text2        002BCE
__ptext20                                         text20       003214
__ptext21                                         text21       002D1C
__ptext22                                         text22       002F72
__ptext23                                         text23       0032B0
__ptext24                                         text24       003446
__ptext25                                         text25       00342E
__ptext26                                         text26       0032CA
__ptext27                                         text27       0032E4
__ptext28                                         text28       0032FE
__ptext29                                         text29       003318
__ptext3                                          text3        002E82
__ptext30                                         text30       00345C
__ptext31                                         text31       003460
__ptext32                                         text32       003464
__ptext33                                         text33       003108
__ptext34                                         text34       003332
__ptext35                                         text35       00307A
__ptext36                                         text36       00334C
__ptext37                                         text37       003468
__ptext38                                         text38       003136
__ptext39                                         text39       002C4A
__ptext4                                          text4        002796
__ptext40                                         text40       003234
__ptext41                                         text41       002ECC
__ptext42                                         text42       00346C
__ptext44                                         text44       001D62
__ptext45                                         text45       002FA8
__ptext46                                         text46       0031EA
__ptext47                                         text47       003254
__ptext48                                         text48       002D7A
__ptext49                                         text49       002FDE
__ptext5                                          text5        002652
__ptext50                                         text50       0033FE
__ptext51                                         text51       00344E
__ptext52                                         text52       00343A
__ptext53                                         text53       003366
__ptext54                                         text54       003380
__ptext55                                         text55       00339A
__ptext56                                         text56       0033B4
__ptext57                                         text57       003470
__ptext58                                         text58       003474
__ptext59                                         text59       003478
__ptext6                                          text6        002E2E
__ptext60                                         text60       003164
__ptext61                                         text61       00340E
__ptext62                                         text62       0030AA
__ptext63                                         text63       00341E
__ptext64                                         text64       00347C
__ptext65                                         text65       003192
__ptext66                                         text66       002CB8
__ptext67                                         text67       003274
__ptext68                                         text68       002F04
__ptext69                                         text69       003480
__ptext7                                          text7        00100C
__ptext70                                         text70       000000
__ptext8                                          text8        00249E
__ptext9                                          text9        0028C2
__ramtop                                          ramtop       001000
__smallconst                                      smallconst   001000
_app_intialize                                    text1        003294
_ccp1_capature_value                              bssBANK0     0000C7
_ccp1_obj                                         dataBANK0    0000DF
_freqenct_measured                                bssBANK0     000086
_gpio_pin_direction_intialize                     text5        002652
_gpio_pin_intialize                               text3        002E82
_gpio_pin_write_logic                             text4        002796
_lat_registers                                    dataBANK0    0000CB
_lcd_1                                            dataBANK0    0000E6
_lcd_2                                            dataBANK1    00010A
_led1                                             dataCOMRAM   000063
_led2                                             dataCOMRAM   00005E
_led_initialize                                   text2        002BCE
_main                                             text0        0033CE
_port_registers                                   dataBANK1    000100
_rec_uart_data                                    bssBANK0     0000C4
_timer0                                           dataBANK1    000114
_timer0_count                                     bssBANK0     0000C6
_timer0_interruptHundler                          text19       003014
_timer0_interruptHundler$intlevel1                text19       00301E
_timer0_preload                                   bssCOMRAM    000053
_timer1                                           dataBANK0    0000F7
_timer1_count                                     bssCOMRAM    00005D
_timer1_preload                                   bssCOMRAM    000051
_timer2                                           dataBANK0    0000EC
_timer2_preload                                   bssCOMRAM    000057
_timer3                                           dataBANK0    0000F1
_timer3_interruptHundler                          text23       0032B0
_timer3_interruptHundler$intlevel1                text23       0032BA
_timer3_overflow                                  bssBANK0     000096
_timer3_preload                                   bssCOMRAM    00004D
_tris_registers                                   dataBANK0    0000D5
_usart_obj                                        dataBANK1    00011B
_usart_rx_valid                                   bssBANK0     000092
_usart_tx_valid                                   bssBANK0     00008E
btemp                                             temp         000064
end_of_initialization                             cinit        002BC4
gpio_pin_direction_intialize@_pin_config          cstackCOMRAM 00001C
gpio_pin_direction_intialize@ret                  cstackCOMRAM 000024
gpio_pin_intialize@_pin_config                    cstackCOMRAM 000026
gpio_pin_intialize@ret                            cstackCOMRAM 000028
gpio_pin_write_logic@_pin_config                  cstackCOMRAM 00001C
gpio_pin_write_logic@logic                        cstackCOMRAM 00001E
gpio_pin_write_logic@ret                          cstackCOMRAM 000025
i2CCP1_Capture_Mode_Read_Value@_capture_value     cstackCOMRAM 000001
i2CCP1_Capture_Mode_Read_Value@compare_temp_value cstackCOMRAM 000003
i2RB4_ISR@RB4_Source                              cstackCOMRAM 000001
i2RB5_ISR@RB5_Source                              cstackCOMRAM 000001
i2RB6_ISR@RB6_Source                              cstackCOMRAM 000001
i2RB7_ISR@RB7_Source                              cstackCOMRAM 000001
i2Timer1_Read_value@_timer                        cstackCOMRAM 000001
i2Timer1_Read_value@_value                        cstackCOMRAM 000003
i2Timer1_Read_value@tmr1h                         cstackCOMRAM 000008
i2Timer1_Read_value@tmr1l                         cstackCOMRAM 000007
i2Timer1_Write_value@_timer                       cstackCOMRAM 000001
i2Timer1_Write_value@_value                       cstackCOMRAM 000003
i2Timer3_Write_value@_timer                       cstackCOMRAM 000001
i2Timer3_Write_value@_value                       cstackCOMRAM 000003
i2_ADC_ISR                                        text69       003480
i2_CCP1_Capture_Mode_Read_Value                   text68       002F04
i2_CCP1_ISR                                       text65       003192
i2_CCP1_interruptHundler                          text66       002CB8
i2_CCP2_ISR                                       text64       00347C
i2_EUSART_RX_ISR                                  text62       0030AA
i2_EUSART_Rx_InterruptHandler                     text63       00341E
i2_EUSART_TX_ISR                                  text60       003164
i2_EUSART_Tx_InterruptHandler                     text61       00340E
i2_INT0_ISR                                       text59       003478
i2_INT1_ISR                                       text58       003474
i2_INT2_ISR                                       text57       003470
i2_InterruptCheck                                 text44       001D62
i2_RB4_ISR                                        text56       0033B4
i2_RB5_ISR                                        text55       00339A
i2_RB6_ISR                                        text54       003380
i2_RB7_ISR                                        text53       003366
i2_TMR1_ISR                                       text52       00343A
i2_TMR2_ISR                                       text51       00344E
i2_TMR3_ISR                                       text49       002FDE
i2_TMRO_ISR                                       text45       002FA8
i2_Timer1_Read_value                              text48       002D7A
i2_Timer1_Write_value                             text47       003254
i2_Timer3_Write_value                             text67       003274
i2_timer0_interruptHundler                        text46       0031EA
i2_timer3_interruptHundler                        text50       0033FE
int$flags                                         temp         000064
int_func                                          intcode_body 0031C0
intlevel0                                         text         000000
intlevel1                                         text         000000
intlevel2                                         text         000000
intlevel3                                         text         000000
isa$std                                           (abs)        000001
isa$xinst                                         (abs)        000000
led_initialize@F3048                              bssCOMRAM    00005C
led_initialize@led                                cstackCOMRAM 000029
led_initialize@pin_obj                            cstackCOMRAM 00002D
led_initialize@ret                                cstackCOMRAM 00002C
led_turn_off@F3058                                bssCOMRAM    00005A
led_turn_on@F3053                                 bssCOMRAM    00005B
led_turn_toggle@F3063                             bssCOMRAM    000059
stackhi                                           (abs)        000000
stacklo                                           (abs)        000000
start                                             init         00005A
start_initialization                              cinit        002B40
ttemp5                                            temp         000065
ttemp6                                            temp         000068
ttemp7                                            temp         00006C
wtemp8                                            temp         000065


MODULE INFORMATION

Module		Function		Class		Link	Load	Size
MCAL_Layer/Timer/Timer3/hal_timer3.c
		_TMR3_ISR      		CODE           	2F72	0000	54
		_Timer3_Write_value		CODE           	3234	0000	32

MCAL_Layer/Timer/Timer3/hal_timer3.c estimated size: 86

MCAL_Layer/Timer/Timer2/hal_timer2.c
		_TMR2_ISR      		CODE           	3446	0000	8

MCAL_Layer/Timer/Timer2/hal_timer2.c estimated size: 8

C:\Program Files\Microchip\xc8\v2.41\pic\sources\c99\common\fltol.c
		___fltol       		CODE           	28C2	0000	262

C:\Program Files\Microchip\xc8\v2.41\pic\sources\c99\common\fltol.c estimated size: 262

C:\Program Files\Microchip\xc8\v2.41\pic\sources\c99\common\xxtofl.c
		___xxtofl      		CODE           	249E	0000	436

C:\Program Files\Microchip\xc8\v2.41\pic\sources\c99\common\xxtofl.c estimated size: 436

MCAL_Layer/Timer/Timer1/hal_timer1.c
		_Timer1_Read_value		CODE           	2D1C	0000	94
		_TMR1_ISR      		CODE           	342E	0000	12
		_Timer1_Write_value		CODE           	3214	0000	32

MCAL_Layer/Timer/Timer1/hal_timer1.c estimated size: 138

MCAL_Layer/Timer/Timer0/hal_timer0.c
		_TMRO_ISR      		CODE           	2F3C	0000	54

MCAL_Layer/Timer/Timer0/hal_timer0.c estimated size: 54

C:\Program Files\Microchip\xc8\v2.41\pic\sources\c99\common\sprcadd.c
		___fladd       		CODE           	14FE	0000	1218

C:\Program Files\Microchip\xc8\v2.41\pic\sources\c99\common\sprcadd.c estimated size: 1218

MCAL_Layer/CCP/CCP2/hal_ccp2.c
		_CCP2_ISR      		CODE           	3468	0000	4

MCAL_Layer/CCP/CCP2/hal_ccp2.c estimated size: 4

shared
		i2_EUSART_Rx_InterruptHandler		CODE           	341E	0000	16
		i2_EUSART_Tx_InterruptHandler		CODE           	340E	0000	16
		i2_RB6_ISR     		CODE           	3380	0000	26
		i2_INT1_ISR    		CODE           	3474	0000	4
		i2_TMR1_ISR    		CODE           	343A	0000	12
		i2_RB7_ISR     		CODE           	3366	0000	26
		i2_CCP1_ISR    		CODE           	3192	0000	46
		i2_timer0_interruptHundler		CODE           	31EA	0000	42
		i2_timer3_interruptHundler		CODE           	33FE	0000	16
		i2_Timer1_Read_value		CODE           	2D7A	0000	94
		i2_EUSART_RX_ISR		CODE           	30AA	0000	48
		i2_EUSART_TX_ISR		CODE           	3164	0000	46
		__initialization		CODE           	2B40	0000	132
		i2_Timer1_Write_value		CODE           	3254	0000	32
		i2_Timer3_Write_value		CODE           	3274	0000	32
		i2_InterruptCheck		CODE           	1D62	0000	930
		i2_INT2_ISR    		CODE           	3470	0000	4
		i2_TMRO_ISR    		CODE           	2FA8	0000	54
		i2_TMR2_ISR    		CODE           	344E	0000	8
		i2_CCP2_ISR    		CODE           	347C	0000	4
		i2_RB4_ISR     		CODE           	33B4	0000	26
		i2_ADC_ISR     		CODE           	3480	0000	4
		i2_INT0_ISR    		CODE           	3478	0000	4
		i2_CCP1_interruptHundler		CODE           	2CB8	0000	100
		i2_RB5_ISR     		CODE           	339A	0000	26
		i2_TMR3_ISR    		CODE           	2FDE	0000	54
		i2_CCP1_Capture_Mode_Read_Value		CODE           	2F04	0000	56

shared estimated size: 1858

MCAL_Layer/Interrupt/mcal_external_interrupt.c
		_RB4_ISR       		CODE           	3318	0000	26
		_RB5_ISR       		CODE           	32FE	0000	26
		_RB6_ISR       		CODE           	32E4	0000	26
		_RB7_ISR       		CODE           	32CA	0000	26
		_INT0_ISR      		CODE           	3464	0000	4
		_INT1_ISR      		CODE           	3460	0000	4
		_INT2_ISR      		CODE           	345C	0000	4

MCAL_Layer/Interrupt/mcal_external_interrupt.c estimated size: 116

MCAL_Layer/ADC/hal_adc.c
		_ADC_ISR       		CODE           	346C	0000	4

MCAL_Layer/ADC/hal_adc.c estimated size: 4

MCAL_Layer/Interrupt/mcal_interrupt_manager.c
		_InterruptCheck		CODE           	19C0	0000	930
		_InterruptManagerLow		CODE           	0018	0000	66
		_InterruptManagerHigh		CODE           	0008	0000	48

MCAL_Layer/Interrupt/mcal_interrupt_manager.c estimated size: 1044

MCAL_Layer/GPIO/hal_gpio.c
		_gpio_pin_write_logic		CODE           	2796	0000	300
		_gpio_pin_intialize		CODE           	2E82	0000	74
		_gpio_pin_direction_intialize		CODE           	2652	0000	324

MCAL_Layer/GPIO/hal_gpio.c estimated size: 698

MCAL_Layer/USART/hal_usart.c
		_EUSART_RX_ISR 		CODE           	307A	0000	48
		_EUSART_TX_ISR 		CODE           	3108	0000	46
		_EUSART_ASYNC_WriteByteBlocking		CODE           	33E6	0000	24
		_EUSART_ASYNC_Init		CODE           	2E2E	0000	84
		_EUSART_ASYNC_WriteStringBlocking		CODE           	2DD8	0000	86
		_EUSART_ASYNC_RX_Init		CODE           	29C8	0000	208
		_EUSART_ASYNC_TX_Init		CODE           	2A98	0000	168
		_EUSART_Baud_Rate_Calculation		CODE           	100C	0000	1266

MCAL_Layer/USART/hal_usart.c estimated size: 1930

ECU_Layer/LED/ecu_led.c
		_led_initialize		CODE           	2BCE	0000	124

ECU_Layer/LED/ecu_led.c estimated size: 124

application.c
		_timer0_interruptHundler		CODE           	3014	0000	52
		_timer3_interruptHundler		CODE           	32B0	0000	26
		_main          		CODE           	33CE	0000	24
		_app_intialize 		CODE           	3294	0000	28
		_CCP1_interruptHundler		CODE           	2C4A	0000	110
		_EUSART_Rx_InterruptHandler		CODE           	334C	0000	26
		_EUSART_Tx_InterruptHandler		CODE           	3332	0000	26

application.c estimated size: 292

C:\Program Files\Microchip\xc8\v2.41\pic\sources\c99\common\sprcdiv.c
		___fldiv       		CODE           	2104	0000	922

C:\Program Files\Microchip\xc8\v2.41\pic\sources\c99\common\sprcdiv.c estimated size: 922

MCAL_Layer/CCP/CCP1/hal_ccp1.c
		_CCP1_ISR      		CODE           	3136	0000	46
		_CCP1_Capture_Mode_Read_Value		CODE           	2ECC	0000	56

MCAL_Layer/CCP/CCP1/hal_ccp1.c estimated size: 102

