Microchip MPLAB XC8 Compiler V2.41

Linker command line:

-W-3 \
  --edf=C:\Program Files\Microchip\xc8\v2.41\pic\dat\20230208172133_en.msgs \
  -cn -h+dist/default/production\LCD_Driver.production.sym \
  --cmf=dist/default/production\LCD_Driver.production.cmf -z -Q18F4620 \
  -oC:\Users\Belal\AppData\Local\Temp\xcAs279s.\driver_tmp_3.o \
  --defsym=__MPLAB_BUILD=1 --fixupoverflow=error \
  -Mdist/default/production/LCD_Driver.production.map \
  --md=C:\Users\Belal\AppData\Local\Temp\xcAs279s.\driver_tmp_0.dat -E1 \
  -ver=XC8 Compiler --acfsm=1493 -ACODE=00h-0FFFFh -ACONST=00h-0FFFFh \
  -ASMALLCONST=01000h-010FFhx240 -AMEDIUMCONST=01000h-0FFFFh \
  -ACOMRAM=01h-07Fh -AABS1=00h-0F7Fh -ABIGRAM=01h-0F7Fh \
  -ARAM=080h-0FFh,0100h-01FFhx14,0F00h-0F7Fh -ABANK0=080h-0FFh \
  -ABANK1=0100h-01FFh -ABANK2=0200h-02FFh -ABANK3=0300h-03FFh \
  -ABANK4=0400h-04FFh -ABANK5=0500h-05FFh -ABANK6=0600h-06FFh \
  -ABANK7=0700h-07FFh -ABANK8=0800h-08FFh -ABANK9=0900h-09FFh \
  -ABANK10=0A00h-0AFFh -ABANK11=0B00h-0BFFh -ABANK12=0C00h-0CFFh \
  -ABANK13=0D00h-0DFFh -ABANK14=0E00h-0EFFh -ABANK15=0F00h-0F7Fh \
  -ASFR=0F80h-0FFFh -ABIGSFR=0F80h-0FFFh -ACONFIG=0300000h-030000Dh \
  -AIDLOC=0200000h-0200007h -AEEDATA=0F00000h-0F003FFh -peeprom_data=EEDATA \
  -preset_vec=00h,intcode=08h,intcodelo=018h,powerup,init -pramtop=01000h \
  -psmallconst=SMALLCONST -pmediumconst=MEDIUMCONST -pconst=CONST \
  -AFARRAM=00h-00h \
  -prdata=COMRAM,nvrram=COMRAM,nvbit=COMRAM,rbss=COMRAM,rbit=COMRAM \
  -pfarbss=FARRAM,fardata=FARRAM,nvFARRAM=FARRAM \
  -pintsave_regs=BIGRAM,bigbss=BIGRAM,bigdata=BIGRAM -pbss=RAM \
  -pidata=CODE,irdata=CODE,ibigdata=CODE,ifardata=CODE -prparam=COMRAM \
  C:\Users\Belal\AppData\Local\Temp\xcAs279s.\driver_tmp_9.o \
  dist/default/production\LCD_Driver.production.o 

Object code version is 3.11

Machine type is 18F4620



                Name                               Link     Load   Length Selector   Space Scale
C:\Users\Belal\AppData\Local\Temp\xcAs279s.\driver_tmp_9.o
                idloc                            200000   200000        8        0       5
                config                           300000   300000        E        0       4
                init                                 3A       3A        4        C       0
                reset_vec                             0        0        4        0       0
dist/default/production\LCD_Driver.production.o
                intcodelo                            18       18       22        C       0
                intcode                               8        8        6        4       0
                idloc                            200000   200000        8        0       5
                config                           300000   300000        E        0       4
                temp                                 7A       7A        1        1       1
                smallconst                         1000     1000        6      800       0
                text35                             1FAE     1FAE        4      803       0
                text34                             1FAA     1FAA        4      803       0
                text33                             1FA6     1FA6        4      803       0
                text32                             1FA2     1FA2        4      803       0
                text31                             1F4C     1F4C       1A      803       0
                text30                             1F32     1F32       1A      803       0
                text29                             1F18     1F18       1A      803       0
                text28                             1EFE     1EFE       1A      803       0
                text27                             1F72     1F72        C      803       0
                text26                             12C8     12C8      2C2      803       0
                intcode_body                       1F88     1F88        A      803       0
                text24                             1F9E     1F9E        4      803       0
                text23                             1F9A     1F9A        4      803       0
                text22                             1F96     1F96        4      803       0
                text21                             1F92     1F92        4      803       0
                text20                             1EE4     1EE4       1A      803       0
                text19                             1ECA     1ECA       1A      803       0
                text18                             1EB0     1EB0       1A      803       0
                text17                             1E96     1E96       1A      803       0
                text16                             1F66     1F66        C      803       0
                text15                             1006     1006      2C2      803       0
                text13                             1702     1702      144      803       0
                text12                             1E6A     1E6A       2C      803       0
                text11                             1846     1846      12C      803       0
                text10                             1D7A     1D7A       4A      803       0
                text9                              1AF0     1AF0       7C      803       0
                text8                              1E0A     1E0A       32      803       0
                text7                              1A38     1A38       B8      803       0
                text6                              1972     1972       C6      803       0
                text5                              1BE2     1BE2       76      803       0
                text4                              1B6C     1B6C       76      803       0
                text3                              1DC4     1DC4       46      803       0
                text2                              1D1A     1D1A       60      803       0
                text1                              1CBA     1CBA       60      803       0
                text0                              158A     158A      178      803       0
                cstackCOMRAM                         63       63       17        1       1
                cstackBANK0                          95       95        2       80       1
                dataBANK0                            8B       8B        A       80       1
                bssBANK0                             80       80        B       80       1
                dataCOMRAM                           35       35       2E        1       1
                bssCOMRAM                             1        1       34        1       1
                cinit                              1C58     1C58       62      803       0
                idataBANK0                         1F7E     1F7E        A      803       0
                idataCOMRAM                        1E3C     1E3C       2E      803       0

TOTAL           Name                               Link     Load   Length     Space
        CLASS   CODE           
                intcodelo                            18       18       22         0
                intcode                               8        8        6         0
                init                                 3A       3A        4         0
                reset_vec                             0        0        4         0
                text35                             1FAE     1FAE        4         0
                text34                             1FAA     1FAA        4         0
                text33                             1FA6     1FA6        4         0
                text32                             1FA2     1FA2        4         0
                text31                             1F4C     1F4C       1A         0
                text30                             1F32     1F32       1A         0
                text29                             1F18     1F18       1A         0
                text28                             1EFE     1EFE       1A         0
                text27                             1F72     1F72        C         0
                text26                             12C8     12C8      2C2         0
                intcode_body                       1F88     1F88        A         0
                text24                             1F9E     1F9E        4         0
                text23                             1F9A     1F9A        4         0
                text22                             1F96     1F96        4         0
                text21                             1F92     1F92        4         0
                text20                             1EE4     1EE4       1A         0
                text19                             1ECA     1ECA       1A         0
                text18                             1EB0     1EB0       1A         0
                text17                             1E96     1E96       1A         0
                text16                             1F66     1F66        C         0
                text15                             1006     1006      2C2         0
                text13                             1702     1702      144         0
                text12                             1E6A     1E6A       2C         0
                text11                             1846     1846      12C         0
                text10                             1D7A     1D7A       4A         0
                text9                              1AF0     1AF0       7C         0
                text8                              1E0A     1E0A       32         0
                text7                              1A38     1A38       B8         0
                text6                              1972     1972       C6         0
                text5                              1BE2     1BE2       76         0
                text4                              1B6C     1B6C       76         0
                text3                              1DC4     1DC4       46         0
                text2                              1D1A     1D1A       60         0
                text1                              1CBA     1CBA       60         0
                text0                              158A     158A      178         0
                cinit                              1C58     1C58       62         0
                idataBANK0                         1F7E     1F7E        A         0
                idataCOMRAM                        1E3C     1E3C       2E         0

        CLASS   CONST          

        CLASS   SMALLCONST     
                smallconst                         1000     1000        6         0

        CLASS   MEDIUMCONST    

        CLASS   COMRAM         
                temp                                 7A       7A        1         1
                cstackCOMRAM                         63       63       17         1
                dataCOMRAM                           35       35       2E         1
                bssCOMRAM                             1        1       34         1

        CLASS   ABS1           

        CLASS   BIGRAM         

        CLASS   RAM            

        CLASS   BANK0          
                cstackBANK0                          95       95        2         1
                dataBANK0                            8B       8B        A         1
                bssBANK0                             80       80        B         1

        CLASS   BANK1          

        CLASS   BANK2          

        CLASS   BANK3          

        CLASS   BANK4          

        CLASS   BANK5          

        CLASS   BANK6          

        CLASS   BANK7          

        CLASS   BANK8          

        CLASS   BANK9          

        CLASS   BANK10         

        CLASS   BANK11         

        CLASS   BANK12         

        CLASS   BANK13         

        CLASS   BANK14         

        CLASS   BANK15         

        CLASS   SFR            

        CLASS   BIGSFR         

        CLASS   CONFIG         
                config                           300000   300000        E         4

        CLASS   IDLOC          
                idloc                            200000   200000        8         5

        CLASS   EEDATA         

        CLASS   FARRAM         

        CLASS   HEAP           

        CLASS   STACK          



SEGMENTS        Name                           Load    Length   Top    Selector   Space  Class

                reset_vec                      000000  000004  000004         0       0  CODE    
                bssCOMRAM                      000001  00007A  00007B         1       1  COMRAM  
                intcode                        000008  000006  00000E         4       0  CODE    
                intcodelo                      000018  000026  00003E         C       0  CODE    
                bssBANK0                       000080  000017  000097        80       1  BANK0   
                smallconst                     001000  000006  001006       800       0  SMALLCON
                text15                         001006  000FAC  001FB2       803       0  CODE    


UNUSED ADDRESS RANGES

        Name                Unused          Largest block    Delta
        BANK0            000097-0000FF               69
        BANK1            000100-0001FF              100
        BANK10           000A00-000AFF              100
        BANK11           000B00-000BFF              100
        BANK12           000C00-000CFF              100
        BANK13           000D00-000DFF              100
        BANK14           000E00-000EFF              100
        BANK15           000F00-000F7F               80
        BANK2            000200-0002FF              100
        BANK3            000300-0003FF              100
        BANK4            000400-0004FF              100
        BANK5            000500-0005FF              100
        BANK6            000600-0006FF              100
        BANK7            000700-0007FF              100
        BANK8            000800-0008FF              100
        BANK9            000900-0009FF              100
        BIGRAM           00007B-00007F                5
                         000097-000F7F              EE9
        BIGSFR           000F80-000FFF               80
        CODE             000004-000007                4
                         00000E-000017                A
                         00003E-000FFF              FC2
                         001FB2-00FFFF             E04E
        COMRAM           00007B-00007F                5
        CONST            000004-000007                4
                         00000E-000017                A
                         00003E-000FFF              FC2
                         001FB2-00FFFF             E04E
        EEDATA           F00000-F003FF              400
        MEDIUMCONST      001FB2-00FFFF             E04E
        RAM              000097-000F7F              100
        SFR              000F80-000FFF               80
        SMALLCONST       001FB2-00FFFF              100

                                  Symbol Table

RB4_ISR@RB4_Source                       cstackCOMRAM 000064
RB5_ISR@RB5_Source                       cstackCOMRAM 000064
RB6_ISR@RB6_Source                       cstackCOMRAM 000064
RB7_ISR@RB7_Source                       cstackCOMRAM 000064
_ADCON0bits                              (abs)        000FC2
_ADCON1bits                              (abs)        000FC1
_ADCON2bits                              (abs)        000FC0
_ADC_ISR                                 text24       001F9E
_ADC_InterruptHandler                    bssCOMRAM    000029
_ADRESH                                  (abs)        000FC4
_ADRESL                                  (abs)        000FC3
_EEADR                                   (abs)        000FA9
_EEADRH                                  (abs)        000FAA
_EECON1bits                              (abs)        000FA6
_EECON2                                  (abs)        000FA7
_EEDATA                                  (abs)        000FA8
_INT0_ISR                                text23       001F9A
_INT0_InterruptHandler                   bssCOMRAM    000027
_INT1_ISR                                text22       001F96
_INT1_InterruptHandler                   bssCOMRAM    000025
_INT2_ISR                                text21       001F92
_INT2_InterruptHandler                   bssCOMRAM    000023
_INTCON2bits                             (abs)        000FF1
_INTCON3bits                             (abs)        000FF0
_INTCONbits                              (abs)        000FF2
_IPR1bits                                (abs)        000F9F
_InterruptCheck                          text15       001006
_InterruptManagerHigh                    intcode      000008
_InterruptManagerLow                     intcodelo    000018
_LATA                                    (abs)        000F89
_LATB                                    (abs)        000F8A
_LATC                                    (abs)        000F8B
_LATD                                    (abs)        000F8C
_LATE                                    (abs)        000F8D
_PIE1bits                                (abs)        000F9D
_PIR1bits                                (abs)        000F9E
_PORTA                                   (abs)        000F80
_PORTB                                   (abs)        000F81
_PORTBbits                               (abs)        000F81
_PORTC                                   (abs)        000F82
_PORTD                                   (abs)        000F83
_PORTE                                   (abs)        000F84
_Program_Selected                        bssCOMRAM    00002B
_RB4_Flag                                dataCOMRAM   00005C
_RB4_ISR                                 text20       001EE4
_RB4_InterruptHandler_HIGH               bssCOMRAM    000021
_RB4_InterruptHandler_LOW                bssCOMRAM    00001F
_RB5_Flag                                dataCOMRAM   00005B
_RB5_ISR                                 text19       001ECA
_RB5_InterruptHandler_HIGH               bssCOMRAM    00001D
_RB5_InterruptHandler_LOW                bssCOMRAM    00001B
_RB6_Flag                                dataCOMRAM   00005A
_RB6_ISR                                 text18       001EB0
_RB6_InterruptHandler_HIGH               bssCOMRAM    000019
_RB6_InterruptHandler_LOW                bssCOMRAM    000017
_RB7_Flag                                dataCOMRAM   000059
_RB7_ISR                                 text17       001E96
_RB7_InterruptHandler_HIGH               bssCOMRAM    000015
_RB7_InterruptHandler_LOW                bssCOMRAM    000013
_RCONbits                                (abs)        000FD0
_T0CONbits                               (abs)        000FD5
_TMR0H                                   (abs)        000FD7
_TMR0L                                   (abs)        000FD6
_TMR0_InterruptHandler                   bssCOMRAM    00000D
_TMRO_ISR                                text16       001F66
_TRISA                                   (abs)        000F92
_TRISB                                   (abs)        000F93
_TRISC                                   (abs)        000F94
_TRISD                                   (abs)        000F95
_TRISE                                   (abs)        000F96
__HRAM                                   (abs)        000000
__H__absolute__                          __absolute__ 000000
__Habs1                                  abs1         000000
__Hbank0                                 bank0        000000
__Hbank1                                 bank1        000000
__Hbank10                                bank10       000000
__Hbank11                                bank11       000000
__Hbank12                                bank12       000000
__Hbank13                                bank13       000000
__Hbank14                                bank14       000000
__Hbank15                                bank15       000000
__Hbank2                                 bank2        000000
__Hbank3                                 bank3        000000
__Hbank4                                 bank4        000000
__Hbank5                                 bank5        000000
__Hbank6                                 bank6        000000
__Hbank7                                 bank7        000000
__Hbank8                                 bank8        000000
__Hbank9                                 bank9        000000
__Hbigbss                                bigbss       000000
__Hbigdata                               bigdata      000000
__Hbigram                                bigram       000000
__Hbigsfr                                bigsfr       000000
__Hbss                                   bss          000000
__HbssBANK0                              bssBANK0     000000
__HbssCOMRAM                             bssCOMRAM    000000
__Hcinit                                 cinit        000000
__Hclrtext                               clrtext      000000
__Hcomram                                comram       000000
__Hconfig                                config       30000E
__Hconst                                 const        000000
__HcstackBANK0                           cstackBANK0  000000
__HcstackCOMRAM                          cstackCOMRAM 000000
__Hdata                                  data         000000
__HdataBANK0                             dataBANK0    000000
__HdataCOMRAM                            dataCOMRAM   000000
__Heeprom_data                           eeprom_data  000000
__Hfarbss                                farbss       000000
__Hfardata                               fardata      000000
__Hheap                                  heap         000000
__Hibigdata                              ibigdata     000000
__Hidata                                 idata        000000
__HidataBANK0                            idataBANK0   000000
__HidataCOMRAM                           idataCOMRAM  000000
__Hidloc                                 idloc        200008
__Hifardata                              ifardata     000000
__Hinit                                  init         00003E
__Hintcode                               intcode      00000E
__Hintcode_body                          intcode_body 000000
__Hintcodelo                             intcodelo    00003A
__Hintentry                              intentry     000000
__Hintret                                intret       000000
__Hintsave_regs                          intsave_regs 000000
__Hirdata                                irdata       000000
__Hmediumconst                           mediumconst  000000
__HnvFARRAM                              nvFARRAM     000000
__Hnvbit                                 nvbit        000000
__Hnvrram                                nvrram       000000
__Hparam                                 rparam       000000
__Hpowerup                               powerup      00003A
__Hram                                   ram          000000
__Hramtop                                ramtop       001000
__Hrbit                                  rbit         000000
__Hrbss                                  rbss         000000
__Hrdata                                 rdata        000000
__Hreset_vec                             reset_vec    000004
__Hrparam                                rparam       000000
__Hsfr                                   sfr          000000
__Hsmallconst                            smallconst   001006
__Hspace_0                               (abs)        001FB2
__Hspace_1                               (abs)        000097
__Hspace_2                               (abs)        000000
__Hspace_4                               (abs)        60000E
__Hstack                                 stack        000000
__Hstruct                                struct       000000
__Htemp                                  temp         00007B
__Htext                                  text         000000
__Htext0                                 text0        000000
__Htext1                                 text1        000000
__Htext10                                text10       000000
__Htext11                                text11       000000
__Htext12                                text12       000000
__Htext13                                text13       000000
__Htext15                                text15       000000
__Htext16                                text16       000000
__Htext17                                text17       000000
__Htext18                                text18       000000
__Htext19                                text19       000000
__Htext2                                 text2        000000
__Htext20                                text20       000000
__Htext21                                text21       000000
__Htext22                                text22       000000
__Htext23                                text23       000000
__Htext24                                text24       000000
__Htext26                                text26       000000
__Htext27                                text27       000000
__Htext28                                text28       000000
__Htext29                                text29       000000
__Htext3                                 text3        000000
__Htext30                                text30       000000
__Htext31                                text31       000000
__Htext32                                text32       000000
__Htext33                                text33       000000
__Htext34                                text34       000000
__Htext35                                text35       000000
__Htext4                                 text4        000000
__Htext5                                 text5        000000
__Htext6                                 text6        000000
__Htext7                                 text7        000000
__Htext8                                 text8        000000
__Htext9                                 text9        000000
__LRAM                                   (abs)        000001
__L__absolute__                          __absolute__ 000000
__Labs1                                  abs1         000000
__Lbank0                                 bank0        000000
__Lbank1                                 bank1        000000
__Lbank10                                bank10       000000
__Lbank11                                bank11       000000
__Lbank12                                bank12       000000
__Lbank13                                bank13       000000
__Lbank14                                bank14       000000
__Lbank15                                bank15       000000
__Lbank2                                 bank2        000000
__Lbank3                                 bank3        000000
__Lbank4                                 bank4        000000
__Lbank5                                 bank5        000000
__Lbank6                                 bank6        000000
__Lbank7                                 bank7        000000
__Lbank8                                 bank8        000000
__Lbank9                                 bank9        000000
__Lbigbss                                bigbss       000000
__Lbigdata                               bigdata      000000
__Lbigram                                bigram       000000
__Lbigsfr                                bigsfr       000000
__Lbss                                   bss          000000
__LbssBANK0                              bssBANK0     000000
__LbssCOMRAM                             bssCOMRAM    000000
__Lcinit                                 cinit        000000
__Lclrtext                               clrtext      000000
__Lcomram                                comram       000000
__Lconfig                                config       000000
__Lconst                                 const        000000
__LcstackBANK0                           cstackBANK0  000000
__LcstackCOMRAM                          cstackCOMRAM 000000
__Ldata                                  data         000000
__LdataBANK0                             dataBANK0    000000
__LdataCOMRAM                            dataCOMRAM   000000
__Leeprom_data                           eeprom_data  000000
__Lfarbss                                farbss       000000
__Lfardata                               fardata      000000
__Lheap                                  heap         000000
__Libigdata                              ibigdata     000000
__Lidata                                 idata        000000
__LidataBANK0                            idataBANK0   000000
__LidataCOMRAM                           idataCOMRAM  000000
__Lidloc                                 idloc        000000
__Lifardata                              ifardata     000000
__Linit                                  init         00003A
__Lintcode                               intcode      000008
__Lintcode_body                          intcode_body 000000
__Lintcodelo                             intcodelo    000018
__Lintentry                              intentry     000000
__Lintret                                intret       000000
__Lintsave_regs                          intsave_regs 000000
__Lirdata                                irdata       000000
__Lmediumconst                           mediumconst  000000
__LnvFARRAM                              nvFARRAM     000000
__Lnvbit                                 nvbit        000000
__Lnvrram                                nvrram       000000
__Lparam                                 rparam       000000
__Lpowerup                               powerup      00003A
__Lram                                   ram          000000
__Lramtop                                ramtop       001000
__Lrbit                                  rbit         000000
__Lrbss                                  rbss         000000
__Lrdata                                 rdata        000000
__Lreset_vec                             reset_vec    000000
__Lrparam                                rparam       000000
__Lsfr                                   sfr          000000
__Lsmallconst                            smallconst   001000
__Lspace_0                               (abs)        000000
__Lspace_1                               (abs)        000000
__Lspace_2                               (abs)        000000
__Lspace_4                               (abs)        000000
__Lstack                                 stack        000000
__Lstruct                                struct       000000
__Ltemp                                  temp         00007A
__Ltext                                  text         000000
__Ltext0                                 text0        000000
__Ltext1                                 text1        000000
__Ltext10                                text10       000000
__Ltext11                                text11       000000
__Ltext12                                text12       000000
__Ltext13                                text13       000000
__Ltext15                                text15       000000
__Ltext16                                text16       000000
__Ltext17                                text17       000000
__Ltext18                                text18       000000
__Ltext19                                text19       000000
__Ltext2                                 text2        000000
__Ltext20                                text20       000000
__Ltext21                                text21       000000
__Ltext22                                text22       000000
__Ltext23                                text23       000000
__Ltext24                                text24       000000
__Ltext26                                text26       000000
__Ltext27                                text27       000000
__Ltext28                                text28       000000
__Ltext29                                text29       000000
__Ltext3                                 text3        000000
__Ltext30                                text30       000000
__Ltext31                                text31       000000
__Ltext32                                text32       000000
__Ltext33                                text33       000000
__Ltext34                                text34       000000
__Ltext35                                text35       000000
__Ltext4                                 text4        000000
__Ltext5                                 text5        000000
__Ltext6                                 text6        000000
__Ltext7                                 text7        000000
__Ltext8                                 text8        000000
__Ltext9                                 text9        000000
__S0                                     (abs)        001FB2
__S1                                     (abs)        000097
__S4                                     (abs)        000000
__S5                                     (abs)        000000
___heap_hi                               (abs)        000000
___heap_lo                               (abs)        000000
___inthi_sp                              stack        000000
___intlo_sp                              stack        000000
___param_bank                            (abs)        000000
___rparam_used                           (abs)        000001
___sp                                    stack        000000
__accesstop                              (abs)        000080
__activetblptr                           (abs)        000003
__end_of_ADC_ISR                         text24       001FA2
__end_of_INT0_ISR                        text23       001F9E
__end_of_INT1_ISR                        text22       001F9A
__end_of_INT2_ISR                        text21       001F96
__end_of_InterruptCheck                  text15       0012C8
__end_of_InterruptManagerHigh            intcode_body 001F92
__end_of_InterruptManagerLow             intcodelo    00003A
__end_of_RB4_ISR                         text20       001EFE
__end_of_RB5_ISR                         text19       001EE4
__end_of_RB6_ISR                         text18       001ECA
__end_of_RB7_ISR                         text17       001EB0
__end_of_TMRO_ISR                        text16       001F72
__end_of__initialization                 cinit        001CB0
__end_of_app_intialize                   text8        001E3C
__end_of_button_initialize               text12       001E96
__end_of_button_read_state               text6        001A38
__end_of_gpio_pin_direction_intialize    text13       001846
__end_of_gpio_pin_intialize              text10       001DC4
__end_of_gpio_pin_read_logic             text7        001AF0
__end_of_gpio_pin_write_logic            text11       001972
__end_of_led_initialize                  text9        001B6C
__end_of_led_turn_off                    text5        001C58
__end_of_led_turn_on                     text4        001BE2
__end_of_main                            text0        001702
__end_of_program_1                       text3        001E0A
__end_of_program_2                       text2        001D7A
__end_of_program_3                       text1        001D1A
__end_ofi2_ADC_ISR                       text35       001FB2
__end_ofi2_INT0_ISR                      text34       001FAE
__end_ofi2_INT1_ISR                      text33       001FAA
__end_ofi2_INT2_ISR                      text32       001FA6
__end_ofi2_InterruptCheck                text26       00158A
__end_ofi2_RB4_ISR                       text31       001F66
__end_ofi2_RB5_ISR                       text30       001F4C
__end_ofi2_RB6_ISR                       text29       001F32
__end_ofi2_RB7_ISR                       text28       001F18
__end_ofi2_TMRO_ISR                      text27       001F7E
__initialization                         cinit        001C58
__mediumconst                            mediumconst  000000
__pbssBANK0                              bssBANK0     000080
__pbssCOMRAM                             bssCOMRAM    000001
__pcinit                                 cinit        001C58
__pcstackBANK0                           cstackBANK0  000095
__pcstackCOMRAM                          cstackCOMRAM 000063
__pdataBANK0                             dataBANK0    00008B
__pdataCOMRAM                            dataCOMRAM   000035
__pidataBANK0                            idataBANK0   001F7E
__pidataCOMRAM                           idataCOMRAM  001E3C
__pintcode                               intcode      000008
__pintcode_body                          intcode_body 001F88
__pintcodelo                             intcodelo    000018
__psmallconst                            smallconst   001000
__ptext0                                 text0        00158A
__ptext1                                 text1        001CBA
__ptext10                                text10       001D7A
__ptext11                                text11       001846
__ptext12                                text12       001E6A
__ptext13                                text13       001702
__ptext15                                text15       001006
__ptext16                                text16       001F66
__ptext17                                text17       001E96
__ptext18                                text18       001EB0
__ptext19                                text19       001ECA
__ptext2                                 text2        001D1A
__ptext20                                text20       001EE4
__ptext21                                text21       001F92
__ptext22                                text22       001F96
__ptext23                                text23       001F9A
__ptext24                                text24       001F9E
__ptext26                                text26       0012C8
__ptext27                                text27       001F72
__ptext28                                text28       001EFE
__ptext29                                text29       001F18
__ptext3                                 text3        001DC4
__ptext30                                text30       001F32
__ptext31                                text31       001F4C
__ptext32                                text32       001FA2
__ptext33                                text33       001FA6
__ptext34                                text34       001FAA
__ptext35                                text35       001FAE
__ptext4                                 text4        001B6C
__ptext5                                 text5        001BE2
__ptext6                                 text6        001972
__ptext7                                 text7        001A38
__ptext8                                 text8        001E0A
__ptext9                                 text9        001AF0
__ramtop                                 ramtop       001000
__smallconst                             smallconst   001000
_app_intialize                           text8        001E0A
_btn_high                                dataCOMRAM   00005F
_btn_high_last_valid_status              bssCOMRAM    00002D
_btn_high_status                         bssCOMRAM    000033
_btn_high_valid                          bssCOMRAM    000011
_btn_high_valid_status                   bssCOMRAM    00002E
_btn_low                                 dataCOMRAM   00005D
_btn_low_status                          bssCOMRAM    000034
_btn_low_valid                           bssCOMRAM    00000F
_button_initialize                       text12       001E6A
_button_read_state                       text6        001972
_flag_low                                bssCOMRAM    00002C
_gpio_pin_direction_intialize            text13       001702
_gpio_pin_intialize                      text10       001D7A
_gpio_pin_read_logic                     text7        001A38
_gpio_pin_write_logic                    text11       001846
_lat_registers                           dataCOMRAM   00003F
_lcd_1                                   dataCOMRAM   000053
_lcd_2                                   dataBANK0    00008B
_led1                                    dataCOMRAM   000062
_led2                                    dataCOMRAM   000061
_led_initialize                          text9        001AF0
_led_turn_off                            text5        001BE2
_led_turn_on                             text4        001B6C
_main                                    text0        00158A
_port_registers                          dataCOMRAM   000035
_program_1                               text3        001DC4
_program_2                               text2        001D1A
_program_3                               text1        001CBA
_timer0_preload                          bssCOMRAM    00000B
_tris_registers                          dataCOMRAM   000049
btemp                                    temp         00007A
button_initialize@btn                    cstackCOMRAM 000071
button_initialize@ret                    cstackCOMRAM 000073
button_read_state@btn                    cstackCOMRAM 000072
button_read_state@btn_state              cstackCOMRAM 000074
button_read_state@pin_logic_status       cstackCOMRAM 000078
button_read_state@ret                    cstackCOMRAM 000077
end_of_initialization                    cinit        001CB0
gpio_pin_direction_intialize@_pin_config cstackCOMRAM 000068
gpio_pin_direction_intialize@ret         cstackCOMRAM 000070
gpio_pin_intialize@_pin_config           cstackCOMRAM 000072
gpio_pin_intialize@ret                   cstackCOMRAM 000074
gpio_pin_read_logic@_pin_config          cstackCOMRAM 000068
gpio_pin_read_logic@logic                cstackCOMRAM 00006A
gpio_pin_read_logic@ret                  cstackCOMRAM 000071
gpio_pin_write_logic@_pin_config         cstackCOMRAM 000068
gpio_pin_write_logic@logic               cstackCOMRAM 00006A
gpio_pin_write_logic@ret                 cstackCOMRAM 000071
i2RB4_ISR@RB4_Source                     cstackCOMRAM 000063
i2RB5_ISR@RB5_Source                     cstackCOMRAM 000063
i2RB6_ISR@RB6_Source                     cstackCOMRAM 000063
i2RB7_ISR@RB7_Source                     cstackCOMRAM 000063
i2_ADC_ISR                               text35       001FAE
i2_INT0_ISR                              text34       001FAA
i2_INT1_ISR                              text33       001FA6
i2_INT2_ISR                              text32       001FA2
i2_InterruptCheck                        text26       0012C8
i2_RB4_ISR                               text31       001F4C
i2_RB5_ISR                               text30       001F32
i2_RB6_ISR                               text29       001F18
i2_RB7_ISR                               text28       001EFE
i2_TMRO_ISR                              text27       001F72
int$flags                                temp         00007A
int_func                                 intcode_body 001F88
intlevel0                                text         000000
intlevel1                                text         000000
intlevel2                                text         000000
intlevel3                                text         000000
isa$std                                  (abs)        000001
isa$xinst                                (abs)        000000
led_initialize@F3048                     bssCOMRAM    000032
led_initialize@led                       cstackCOMRAM 000075
led_initialize@pin_obj                   cstackCOMRAM 000079
led_initialize@ret                       cstackCOMRAM 000078
led_turn_off@F3058                       bssCOMRAM    000030
led_turn_off@led                         cstackCOMRAM 000072
led_turn_off@pin_obj                     cstackCOMRAM 000075
led_turn_on@F3053                        bssCOMRAM    000031
led_turn_on@led                          cstackCOMRAM 000072
led_turn_on@pin_obj                      cstackCOMRAM 000075
led_turn_toggle@F3063                    bssCOMRAM    00002F
program_2@counter                        cstackCOMRAM 000078
program_3@counter                        cstackCOMRAM 000078
stackhi                                  (abs)        000000
stacklo                                  (abs)        000000
start                                    init         00003A
start_initialization                     cinit        001C58
ttemp5                                   temp         00007B
ttemp6                                   temp         00007E
ttemp7                                   temp         000082
wtemp8                                   temp         00007B


MODULE INFORMATION

Module		Function		Class		Link	Load	Size
MCAL_Layer/Timer/Timer0/hal_timer0.c
		_TMRO_ISR      		CODE           	1F66	0000	12

MCAL_Layer/Timer/Timer0/hal_timer0.c estimated size: 12

ECU_Layer/button/hal_button.c
		_button_read_state		CODE           	1972	0000	198
		_button_initialize		CODE           	1E6A	0000	44

ECU_Layer/button/hal_button.c estimated size: 242

shared
		i2_RB6_ISR     		CODE           	1F18	0000	26
		i2_INT1_ISR    		CODE           	1FA6	0000	4
		i2_RB7_ISR     		CODE           	1EFE	0000	26
		__initialization		CODE           	1C58	0000	88
		i2_InterruptCheck		CODE           	12C8	0000	706
		i2_INT2_ISR    		CODE           	1FA2	0000	4
		i2_TMRO_ISR    		CODE           	1F72	0000	12
		i2_RB4_ISR     		CODE           	1F4C	0000	26
		i2_ADC_ISR     		CODE           	1FAE	0000	4
		i2_INT0_ISR    		CODE           	1FAA	0000	4
		i2_RB5_ISR     		CODE           	1F32	0000	26

shared estimated size: 926

MCAL_Layer/ADC/hal_adc.c
		_ADC_ISR       		CODE           	1F9E	0000	4

MCAL_Layer/ADC/hal_adc.c estimated size: 4

MCAL_Layer/Interrupt/mcal_interrupt_manager.c
		_InterruptCheck		CODE           	1006	0000	706
		_InterruptManagerLow		CODE           	0018	0000	34
		_InterruptManagerHigh		CODE           	0008	0000	16

MCAL_Layer/Interrupt/mcal_interrupt_manager.c estimated size: 756

MCAL_Layer/GPIO/hal_gpio.c
		_gpio_pin_write_logic		CODE           	1846	0000	300
		_gpio_pin_intialize		CODE           	1D7A	0000	74
		_gpio_pin_read_logic		CODE           	1A38	0000	184
		_gpio_pin_direction_intialize		CODE           	1702	0000	324

MCAL_Layer/GPIO/hal_gpio.c estimated size: 882

ECU_Layer/LED/ecu_led.c
		_led_initialize		CODE           	1AF0	0000	124
		_led_turn_on   		CODE           	1B6C	0000	118
		_led_turn_off  		CODE           	1BE2	0000	118

ECU_Layer/LED/ecu_led.c estimated size: 360

application.c
		_main          		CODE           	158A	0000	376
		_program_1     		CODE           	1DC4	0000	70
		_program_2     		CODE           	1D1A	0000	96
		_program_3     		CODE           	1CBA	0000	96
		_app_intialize 		CODE           	1E0A	0000	50

application.c estimated size: 688

mcal_external_interrupt.c
		_RB4_ISR       		CODE           	1EE4	0000	26
		_RB5_ISR       		CODE           	1ECA	0000	26
		_RB6_ISR       		CODE           	1EB0	0000	26
		_RB7_ISR       		CODE           	1E96	0000	26
		_INT0_ISR      		CODE           	1F9A	0000	4
		_INT1_ISR      		CODE           	1F96	0000	4
		_INT2_ISR      		CODE           	1F92	0000	4

mcal_external_interrupt.c estimated size: 116

