Microchip MPLAB XC8 Compiler V2.41

Linker command line:

-W-3 \
  --edf=C:\Program Files\Microchip\xc8\v2.41\pic\dat\20230208172133_en.msgs \
  -cn -h+dist/default/production\LCD_Driver.production.sym \
  --cmf=dist/default/production\LCD_Driver.production.cmf -z -Q18F4620 \
  -oC:\Users\Belal\AppData\Local\Temp\xcAse74.\driver_tmp_3.o \
  --defsym=__MPLAB_BUILD=1 --fixupoverflow=error \
  -Mdist/default/production/LCD_Driver.production.map \
  --md=C:\Users\Belal\AppData\Local\Temp\xcAse74.\driver_tmp_0.dat -E1 \
  -ver=XC8 Compiler --acfsm=1493 -ACODE=00h-0FFFFh -ACONST=00h-0FFFFh \
  -ASMALLCONST=01000h-010FFhx240 -AMEDIUMCONST=01000h-0FFFFh \
  -ACOMRAM=01h-07Fh -AABS1=00h-0F7Fh -ABIGRAM=01h-0F7Fh \
  -ARAM=080h-0FFh,0100h-01FFhx14,0F00h-0F7Fh -ABANK0=080h-0FFh \
  -ABANK1=0100h-01FFh -ABANK2=0200h-02FFh -ABANK3=0300h-03FFh \
  -ABANK4=0400h-04FFh -ABANK5=0500h-05FFh -ABANK6=0600h-06FFh \
  -ABANK7=0700h-07FFh -ABANK8=0800h-08FFh -ABANK9=0900h-09FFh \
  -ABANK10=0A00h-0AFFh -ABANK11=0B00h-0BFFh -ABANK12=0C00h-0CFFh \
  -ABANK13=0D00h-0DFFh -ABANK14=0E00h-0EFFh -ABANK15=0F00h-0F7Fh \
  -ASFR=0F80h-0FFFh -ABIGSFR=0F80h-0FFFh -ACONFIG=0300000h-030000Dh \
  -AIDLOC=0200000h-0200007h -AEEDATA=0F00000h-0F003FFh -peeprom_data=EEDATA \
  -preset_vec=00h,intcode=08h,intcodelo=018h,powerup,init -pramtop=01000h \
  -psmallconst=SMALLCONST -pmediumconst=MEDIUMCONST -pconst=CONST \
  -AFARRAM=00h-00h \
  -prdata=COMRAM,nvrram=COMRAM,nvbit=COMRAM,rbss=COMRAM,rbit=COMRAM \
  -pfarbss=FARRAM,fardata=FARRAM,nvFARRAM=FARRAM \
  -pintsave_regs=BIGRAM,bigbss=BIGRAM,bigdata=BIGRAM -pbss=RAM \
  -pidata=CODE,irdata=CODE,ibigdata=CODE,ifardata=CODE -prparam=COMRAM \
  C:\Users\Belal\AppData\Local\Temp\xcAse74.\driver_tmp_9.o \
  dist/default/production\LCD_Driver.production.o 

Object code version is 3.11

Machine type is 18F4620



                Name                               Link     Load   Length Selector   Space Scale
C:\Users\Belal\AppData\Local\Temp\xcAse74.\driver_tmp_9.o
                idloc                            200000   200000        8        0       5
                config                           300000   300000        E        0       4
                init                                 5A       5A        4        C       0
                reset_vec                             0        0        4        0       0
dist/default/production\LCD_Driver.production.o
                intcodelo                            18       18       42        C       0
                intcode                               8        8        6        4       0
                idloc                            200000   200000        8        0       5
                config                           300000   300000        E        0       4
                temp                                 64       64        1        1       1
                smallconst                         1000     1000        6      800       0
                text66                             34DA     34DA        4     1A5B       0
                text65                             30D6     30D6       38      803       0
                text64                             3352     3352       20     1979       0
                text63                             2E10     2E10       64      803       0
                text62                             3248     3248       2E      803       0
                text61                             34D6     34D6        4     1A5B       0
                text60                             34E4     34E4        2     1A5B       0
                text59                             34E2     34E2        2     1A5B       0
                text58                             34D2     34D2        4     1A5B       0
                text57                             34CE     34CE        4     1A5B       0
                text56                             34CA     34CA        4     1A5B       0
                text55                             345E     345E       1A     1979       0
                text54                             3444     3444       1A     1979       0
                text53                             342A     342A       1A     1979       0
                text52                             3410     3410       1A     1979       0
                text51                             3494     3494        C     1979       0
                text50                             34A8     34A8        8     1979       0
                text49                             3478     3478       10     1979       0
                text48                             31B0     31B0       36      803       0
                text47                             2ED2     2ED2       5E      803       0
                text46                             3332     3332       20     1979       0
                text45                             32A0     32A0       2A      803       0
                text44                             317A     317A       36      803       0
                text43                             1DCE     1DCE      3A2      803       0
                intcode_body                       3276     3276       2A      803       0
                text41                             34C6     34C6        4     1A5B       0
                text40                             309E     309E       38      803       0
                text39                             3312     3312       20     1979       0
                text38                             2DA2     2DA2       6E      803       0
                text37                             321A     321A       2E      803       0
                text36                             34C2     34C2        4     1A5B       0
                text35                             34E0     34E0        2     1A5B       0
                text34                             34DE     34DE        2     1A5B       0
                text33                             34BE     34BE        4     1A5B       0
                text32                             34BA     34BA        4     1A5B       0
                text31                             34B6     34B6        4     1A5B       0
                text30                             33F6     33F6       1A     1979       0
                text29                             33DC     33DC       1A     1979       0
                text28                             33C2     33C2       1A     1979       0
                text27                             33A8     33A8       1A     1979       0
                text26                             3488     3488        C     1979       0
                text25                             34A0     34A0        8     1979       0
                text24                             338E     338E       1A     1979       0
                text23                             3144     3144       36      803       0
                text22                             2E74     2E74       5E      803       0
                text21                             32F2     32F2       20     1979       0
                text20                             31E6     31E6       34      803       0
                text19                             310E     310E       36      803       0
                text18                             1A2C     1A2C      3A2      803       0
                text16                             3028     3028       3C      803       0
                text15                             2A34     2A34       D0      803       0
                text14                             2B04     2B04       A8      803       0
                text13                             1006     1006      538      803       0
                text12                             2170     2170      39A      803       0
                text11                             292E     292E      106      803       0
                text10                             250A     250A      1B4      803       0
                text9                              153E     153E      4EE      803       0
                text8                              2F8C     2F8C       52      803       0
                text7                              26BE     26BE      144      803       0
                text6                              2802     2802      12C      803       0
                text5                              2FDE     2FDE       4A      803       0
                text4                              2C3A     2C3A       7C      803       0
                text3                              3372     3372       1C     1979       0
                text2                              2D2C     2D2C       76      803       0
                text1                              2CB6     2CB6       76      803       0
                text0                              2F30     2F30       5C      803       0
                cstackCOMRAM                          1        1       46        1       1
                cstackBANK0                          FC       FC        4       80       1
                cstackBANK1                         127      127       17      100       1
                dataBANK1                           100      100       27      100       1
                bssBANK1                            13E      13E        B      100       1
                dataBANK0                            C2       C2       3A       80       1
                bssBANK0                             80       80       42       80       1
                dataCOMRAM                           5F       5F        5        1       1
                bssCOMRAM                            47       47       18        1       1
                cinit                              2BAC     2BAC       8E      803       0
                idataBANK1                         32CA     32CA       27      803       0
                idataBANK0                         3064     3064       3A      803       0
                idataCOMRAM                        34B0     34B0        5     1979       0

TOTAL           Name                               Link     Load   Length     Space
        CLASS   CODE           
                intcodelo                            18       18       42         0
                intcode                               8        8        6         0
                init                                 5A       5A        4         0
                reset_vec                             0        0        4         0
                text66                             34DA     34DA        4         0
                text65                             30D6     30D6       38         0
                text64                             3352     3352       20         0
                text63                             2E10     2E10       64         0
                text62                             3248     3248       2E         0
                text61                             34D6     34D6        4         0
                text60                             34E4     34E4        2         0
                text59                             34E2     34E2        2         0
                text58                             34D2     34D2        4         0
                text57                             34CE     34CE        4         0
                text56                             34CA     34CA        4         0
                text55                             345E     345E       1A         0
                text54                             3444     3444       1A         0
                text53                             342A     342A       1A         0
                text52                             3410     3410       1A         0
                text51                             3494     3494        C         0
                text50                             34A8     34A8        8         0
                text49                             3478     3478       10         0
                text48                             31B0     31B0       36         0
                text47                             2ED2     2ED2       5E         0
                text46                             3332     3332       20         0
                text45                             32A0     32A0       2A         0
                text44                             317A     317A       36         0
                text43                             1DCE     1DCE      3A2         0
                intcode_body                       3276     3276       2A         0
                text41                             34C6     34C6        4         0
                text40                             309E     309E       38         0
                text39                             3312     3312       20         0
                text38                             2DA2     2DA2       6E         0
                text37                             321A     321A       2E         0
                text36                             34C2     34C2        4         0
                text35                             34E0     34E0        2         0
                text34                             34DE     34DE        2         0
                text33                             34BE     34BE        4         0
                text32                             34BA     34BA        4         0
                text31                             34B6     34B6        4         0
                text30                             33F6     33F6       1A         0
                text29                             33DC     33DC       1A         0
                text28                             33C2     33C2       1A         0
                text27                             33A8     33A8       1A         0
                text26                             3488     3488        C         0
                text25                             34A0     34A0        8         0
                text24                             338E     338E       1A         0
                text23                             3144     3144       36         0
                text22                             2E74     2E74       5E         0
                text21                             32F2     32F2       20         0
                text20                             31E6     31E6       34         0
                text19                             310E     310E       36         0
                text18                             1A2C     1A2C      3A2         0
                text16                             3028     3028       3C         0
                text15                             2A34     2A34       D0         0
                text14                             2B04     2B04       A8         0
                text13                             1006     1006      538         0
                text12                             2170     2170      39A         0
                text11                             292E     292E      106         0
                text10                             250A     250A      1B4         0
                text9                              153E     153E      4EE         0
                text8                              2F8C     2F8C       52         0
                text7                              26BE     26BE      144         0
                text6                              2802     2802      12C         0
                text5                              2FDE     2FDE       4A         0
                text4                              2C3A     2C3A       7C         0
                text3                              3372     3372       1C         0
                text2                              2D2C     2D2C       76         0
                text1                              2CB6     2CB6       76         0
                text0                              2F30     2F30       5C         0
                cinit                              2BAC     2BAC       8E         0
                idataBANK1                         32CA     32CA       27         0
                idataBANK0                         3064     3064       3A         0
                idataCOMRAM                        34B0     34B0        5         0

        CLASS   CONST          

        CLASS   SMALLCONST     
                smallconst                         1000     1000        6         0

        CLASS   MEDIUMCONST    

        CLASS   COMRAM         
                temp                                 64       64        1         1
                cstackCOMRAM                          1        1       46         1
                dataCOMRAM                           5F       5F        5         1
                bssCOMRAM                            47       47       18         1

        CLASS   ABS1           

        CLASS   BIGRAM         

        CLASS   RAM            

        CLASS   BANK0          
                cstackBANK0                          FC       FC        4         1
                dataBANK0                            C2       C2       3A         1
                bssBANK0                             80       80       42         1

        CLASS   BANK1          
                cstackBANK1                         127      127       17         1
                dataBANK1                           100      100       27         1
                bssBANK1                            13E      13E        B         1

        CLASS   BANK2          

        CLASS   BANK3          

        CLASS   BANK4          

        CLASS   BANK5          

        CLASS   BANK6          

        CLASS   BANK7          

        CLASS   BANK8          

        CLASS   BANK9          

        CLASS   BANK10         

        CLASS   BANK11         

        CLASS   BANK12         

        CLASS   BANK13         

        CLASS   BANK14         

        CLASS   BANK15         

        CLASS   SFR            

        CLASS   BIGSFR         

        CLASS   CONFIG         
                config                           300000   300000        E         4

        CLASS   IDLOC          
                idloc                            200000   200000        8         5

        CLASS   EEDATA         

        CLASS   FARRAM         

        CLASS   HEAP           

        CLASS   STACK          



SEGMENTS        Name                           Load    Length   Top    Selector   Space  Class

                reset_vec                      000000  000004  000004         0       0  CODE    
                cstackCOMRAM                   000001  000064  000065         1       1  COMRAM  
                intcode                        000008  000006  00000E         4       0  CODE    
                intcodelo                      000018  000046  00005E         C       0  CODE    
                bssBANK0                       000080  000080  000100        80       1  BANK0   
                dataBANK1                      000100  000049  000149       100       1  BANK1   
                smallconst                     001000  000006  001006       800       0  SMALLCON
                text13                         001006  0022EB  0032F1       803       0  CODE    
                text21                         0032F2  0001C3  0034B5      1979       0  CODE    
                text31                         0034B6  000030  0034E6      1A5B       0  CODE    


UNUSED ADDRESS RANGES

        Name                Unused          Largest block    Delta
        BANK1            000149-0001FF               B7
        BANK10           000A00-000AFF              100
        BANK11           000B00-000BFF              100
        BANK12           000C00-000CFF              100
        BANK13           000D00-000DFF              100
        BANK14           000E00-000EFF              100
        BANK15           000F00-000F7F               80
        BANK2            000200-0002FF              100
        BANK3            000300-0003FF              100
        BANK4            000400-0004FF              100
        BANK5            000500-0005FF              100
        BANK6            000600-0006FF              100
        BANK7            000700-0007FF              100
        BANK8            000800-0008FF              100
        BANK9            000900-0009FF              100
        BIGRAM           000065-00007F               1B
                         000149-000F7F              E37
        BIGSFR           000F80-000FFF               80
        CODE             000004-000007                4
                         00000E-000017                A
                         00005E-000FFF              FA2
                         0032F1-0032F1                1
                         0034B5-0034B5                1
                         0034E6-00FFFF             CB1A
        COMRAM           000065-00007F               1B
        CONST            000004-000007                4
                         00000E-000017                A
                         00005E-000FFF              FA2
                         0032F1-0032F1                1
                         0034B5-0034B5                1
                         0034E6-00FFFF             CB1A
        EEDATA           F00000-F003FF              400
        MEDIUMCONST      0032F1-0032F1                1
                         0034B5-0034B5                1
                         0034E6-00FFFF             CB1A
        RAM              000149-000F7F              100
        SFR              000F80-000FFF               80
        SMALLCONST       0032F1-0032F1                1
                         0034B5-0034B5                1
                         0034E6-00FFFF              100

                                  Symbol Table

?___fladd                                         cstackBANK1  000127
?___fldiv                                         cstackCOMRAM 00002A
?___fltol                                         cstackCOMRAM 00001C
?___xxtofl                                        cstackCOMRAM 00001C
CCP1_Capture_Mode_Read_Value@F3086                bssBANK0     0000A2
CCP1_Capture_Mode_Read_Value@_capture_value       cstackCOMRAM 00000D
CCP1_Capture_Mode_Read_Value@compare_temp_value   cstackCOMRAM 00000F
CCP2_Capture_Mode_Read_Value@F3086                bssBANK0     000096
EUSART_ASYNC_Init@_eusart                         cstackBANK1  00013B
EUSART_ASYNC_Init@ret                             cstackBANK1  00013D
EUSART_ASYNC_RX_Init@_eusart                      cstackCOMRAM 00001C
EUSART_ASYNC_ReadByteNonBlocking@_data            cstackCOMRAM 00001C
EUSART_ASYNC_ReadByteNonBlocking@ret              cstackCOMRAM 00001E
EUSART_ASYNC_TX_Init@_eusart                      cstackCOMRAM 00001C
EUSART_Baud_Rate_Calculation@Baud_Rate_Temp       cstackBANK1  000133
EUSART_Baud_Rate_Calculation@_eusart              cstackBANK1  00012F
RB4_ISR@RB4_Source                                cstackCOMRAM 00000D
RB5_ISR@RB5_Source                                cstackCOMRAM 00000D
RB6_ISR@RB6_Source                                cstackCOMRAM 00000D
RB7_ISR@RB7_Source                                cstackCOMRAM 00000D
Timer1_Read_value@_timer                          cstackCOMRAM 00000D
Timer1_Read_value@_value                          cstackCOMRAM 00000F
Timer1_Read_value@tmr1h                           cstackCOMRAM 000014
Timer1_Read_value@tmr1l                           cstackCOMRAM 000013
Timer1_Write_value@_timer                         cstackCOMRAM 00000D
Timer1_Write_value@_value                         cstackCOMRAM 00000F
Timer3_Write_value@_timer                         cstackCOMRAM 00000D
Timer3_Write_value@_value                         cstackCOMRAM 00000F
_ADCON0bits                                       (abs)        000FC2
_ADCON1bits                                       (abs)        000FC1
_ADCON2bits                                       (abs)        000FC0
_ADC_ISR                                          text41       0034C6
_ADC_InterruptHandler                             bssBANK0     0000BE
_ADRESH                                           (abs)        000FC4
_ADRESL                                           (abs)        000FC3
_BAUDCONbits                                      (abs)        000FB8
_CCP1CONbits                                      (abs)        000FBD
_CCP1_Capture_Mode_Read_Value                     text40       00309E
_CCP1_ISR                                         text37       00321A
_CCP1_InterruptHandler                            bssCOMRAM    000047
_CCP1_Interrupt_flag                              bssCOMRAM    000054
_CCP1_Interrupt_flag_2                            bssBANK0     0000C0
_CCP1_interruptHundler                            text38       002DA2
_CCP1_interruptHundler$intlevel1                  text38       002DAC
_CCP2CONbits                                      (abs)        000FBA
_CCP2_ISR                                         text36       0034C2
_CCP2_InterruptHandler                            bssBANK0     000098
_CCPR1H                                           (abs)        000FBF
_CCPR1L                                           (abs)        000FBE
_CCPR2H                                           (abs)        000FBC
_CCPR2L                                           (abs)        000FBB
_EEADR                                            (abs)        000FA9
_EEADRH                                           (abs)        000FAA
_EECON1bits                                       (abs)        000FA6
_EECON2                                           (abs)        000FA7
_EEDATA                                           (abs)        000FA8
_EUSART_ASYNC_Init                                text8        002F8C
_EUSART_ASYNC_RX_Init                             text15       002A34
_EUSART_ASYNC_ReadByteNonBlocking                 text16       003028
_EUSART_ASYNC_TX_Init                             text14       002B04
_EUSART_Baud_Rate_Calculation                     text9        00153E
_EUSART_Baud_Rate_Calculation$5224                cstackBANK1  000137
_EUSART_FramingErrorHandler                       bssBANK0     00009C
_EUSART_OverrunErrorHandler                       bssBANK0     00009A
_EUSART_RX_ISR                                    text35       0034E0
_EUSART_Rx_InterruptHandler                       bssBANK0     00009E
_EUSART_TX_ISR                                    text34       0034DE
_EUSART_Tx_InterruptHandler                       bssBANK0     0000A0
_INT0_ISR                                         text33       0034BE
_INT0_InterruptHandler                            bssBANK0     0000BC
_INT1_ISR                                         text32       0034BA
_INT1_InterruptHandler                            bssBANK0     0000BA
_INT2_ISR                                         text31       0034B6
_INT2_InterruptHandler                            bssBANK0     0000B8
_INTCON2bits                                      (abs)        000FF1
_INTCON3bits                                      (abs)        000FF0
_INTCONbits                                       (abs)        000FF2
_IPR1bits                                         (abs)        000F9F
_IPR2bits                                         (abs)        000FA2
_InterruptCheck                                   text18       001A2C
_InterruptManagerHigh                             intcode      000008
_InterruptManagerLow                              intcodelo    000018
_LATA                                             (abs)        000F89
_LATB                                             (abs)        000F8A
_LATC                                             (abs)        000F8B
_LATD                                             (abs)        000F8C
_LATE                                             (abs)        000F8D
_PIE1bits                                         (abs)        000F9D
_PIE2bits                                         (abs)        000FA0
_PIR1bits                                         (abs)        000F9E
_PIR2bits                                         (abs)        000FA1
_PORTA                                            (abs)        000F80
_PORTB                                            (abs)        000F81
_PORTBbits                                        (abs)        000F81
_PORTC                                            (abs)        000F82
_PORTD                                            (abs)        000F83
_PORTE                                            (abs)        000F84
_RB4_Flag                                         dataCOMRAM   000062
_RB4_ISR                                          text30       0033F6
_RB4_InterruptHandler_HIGH                        bssBANK0     0000B6
_RB4_InterruptHandler_LOW                         bssBANK0     0000B4
_RB5_Flag                                         dataCOMRAM   000061
_RB5_ISR                                          text29       0033DC
_RB5_InterruptHandler_HIGH                        bssBANK0     0000B2
_RB5_InterruptHandler_LOW                         bssBANK0     0000B0
_RB6_Flag                                         dataCOMRAM   000060
_RB6_ISR                                          text28       0033C2
_RB6_InterruptHandler_HIGH                        bssBANK0     0000AE
_RB6_InterruptHandler_LOW                         bssBANK0     0000AC
_RB7_Flag                                         dataCOMRAM   00005F
_RB7_ISR                                          text27       0033A8
_RB7_InterruptHandler_HIGH                        bssBANK0     0000AA
_RB7_InterruptHandler_LOW                         bssBANK0     0000A8
_RCONbits                                         (abs)        000FD0
_RCREG                                            (abs)        000FAE
_RCSTAbits                                        (abs)        000FAB
_SPBRG                                            (abs)        000FAF
_SPBRGH                                           (abs)        000FB0
_T0CONbits                                        (abs)        000FD5
_T1CONbits                                        (abs)        000FCD
_T2CONbits                                        (abs)        000FCA
_T3CONbits                                        (abs)        000FB1
_TMR0H                                            (abs)        000FD7
_TMR0L                                            (abs)        000FD6
_TMR0_InterruptHandler                            bssCOMRAM    000051
_TMR1H                                            (abs)        000FCF
_TMR1L                                            (abs)        000FCE
_TMR1_ISR                                         text26       003488
_TMR1_InterruptHandler                            bssBANK0     0000A6
_TMR2                                             (abs)        000FCC
_TMR2_ISR                                         text25       0034A0
_TMR2_InterruptHandler                            bssBANK0     0000A4
_TMR3H                                            (abs)        000FB3
_TMR3L                                            (abs)        000FB2
_TMR3_ISR                                         text23       003144
_TMR3_InterruptHandler                            bssCOMRAM    00004B
_TMRO_ISR                                         text19       00310E
_TRISA                                            (abs)        000F92
_TRISB                                            (abs)        000F93
_TRISC                                            (abs)        000F94
_TRISCbits                                        (abs)        000F94
_TRISD                                            (abs)        000F95
_TRISE                                            (abs)        000F96
_TXREG                                            (abs)        000FAD
_TXSTAbits                                        (abs)        000FAC
_Timer1_Read_value                                text22       002E74
_Timer1_Write_value                               text21       0032F2
_Timer3_Write_value                               text39       003312
_Total_period_microSecond                         bssBANK0     00008A
__HRAM                                            (abs)        000000
__H__absolute__                                   __absolute__ 000000
__Habs1                                           abs1         000000
__Hbank0                                          bank0        000000
__Hbank1                                          bank1        000000
__Hbank10                                         bank10       000000
__Hbank11                                         bank11       000000
__Hbank12                                         bank12       000000
__Hbank13                                         bank13       000000
__Hbank14                                         bank14       000000
__Hbank15                                         bank15       000000
__Hbank2                                          bank2        000000
__Hbank3                                          bank3        000000
__Hbank4                                          bank4        000000
__Hbank5                                          bank5        000000
__Hbank6                                          bank6        000000
__Hbank7                                          bank7        000000
__Hbank8                                          bank8        000000
__Hbank9                                          bank9        000000
__Hbigbss                                         bigbss       000000
__Hbigdata                                        bigdata      000000
__Hbigram                                         bigram       000000
__Hbigsfr                                         bigsfr       000000
__Hbss                                            bss          000000
__HbssBANK0                                       bssBANK0     000000
__HbssBANK1                                       bssBANK1     000000
__HbssCOMRAM                                      bssCOMRAM    000000
__Hcinit                                          cinit        000000
__Hclrtext                                        clrtext      000000
__Hcomram                                         comram       000000
__Hconfig                                         config       30000E
__Hconst                                          const        000000
__HcstackBANK0                                    cstackBANK0  000000
__HcstackBANK1                                    cstackBANK1  000000
__HcstackCOMRAM                                   cstackCOMRAM 000000
__Hdata                                           data         000000
__HdataBANK0                                      dataBANK0    000000
__HdataBANK1                                      dataBANK1    000000
__HdataCOMRAM                                     dataCOMRAM   000000
__Heeprom_data                                    eeprom_data  000000
__Hfarbss                                         farbss       000000
__Hfardata                                        fardata      000000
__Hheap                                           heap         000000
__Hibigdata                                       ibigdata     000000
__Hidata                                          idata        000000
__HidataBANK0                                     idataBANK0   000000
__HidataBANK1                                     idataBANK1   000000
__HidataCOMRAM                                    idataCOMRAM  000000
__Hidloc                                          idloc        200008
__Hifardata                                       ifardata     000000
__Hinit                                           init         00005E
__Hintcode                                        intcode      00000E
__Hintcode_body                                   intcode_body 000000
__Hintcodelo                                      intcodelo    00005A
__Hintentry                                       intentry     000000
__Hintret                                         intret       000000
__Hintsave_regs                                   intsave_regs 000000
__Hirdata                                         irdata       000000
__Hmediumconst                                    mediumconst  000000
__HnvFARRAM                                       nvFARRAM     000000
__Hnvbit                                          nvbit        000000
__Hnvrram                                         nvrram       000000
__Hparam                                          rparam       000000
__Hpowerup                                        powerup      00005A
__Hram                                            ram          000000
__Hramtop                                         ramtop       001000
__Hrbit                                           rbit         000000
__Hrbss                                           rbss         000000
__Hrdata                                          rdata        000000
__Hreset_vec                                      reset_vec    000004
__Hrparam                                         rparam       000000
__Hsfr                                            sfr          000000
__Hsmallconst                                     smallconst   001006
__Hspace_0                                        (abs)        0034E6
__Hspace_1                                        (abs)        000149
__Hspace_2                                        (abs)        000000
__Hspace_4                                        (abs)        60000E
__Hstack                                          stack        000000
__Hstruct                                         struct       000000
__Htemp                                           temp         000065
__Htext                                           text         000000
__Htext0                                          text0        000000
__Htext1                                          text1        000000
__Htext10                                         text10       000000
__Htext11                                         text11       000000
__Htext12                                         text12       000000
__Htext13                                         text13       000000
__Htext14                                         text14       000000
__Htext15                                         text15       000000
__Htext16                                         text16       000000
__Htext18                                         text18       000000
__Htext19                                         text19       000000
__Htext2                                          text2        000000
__Htext20                                         text20       000000
__Htext21                                         text21       000000
__Htext22                                         text22       000000
__Htext23                                         text23       000000
__Htext24                                         text24       000000
__Htext25                                         text25       000000
__Htext26                                         text26       000000
__Htext27                                         text27       000000
__Htext28                                         text28       000000
__Htext29                                         text29       000000
__Htext3                                          text3        000000
__Htext30                                         text30       000000
__Htext31                                         text31       000000
__Htext32                                         text32       000000
__Htext33                                         text33       000000
__Htext34                                         text34       000000
__Htext35                                         text35       000000
__Htext36                                         text36       000000
__Htext37                                         text37       000000
__Htext38                                         text38       000000
__Htext39                                         text39       000000
__Htext4                                          text4        000000
__Htext40                                         text40       000000
__Htext41                                         text41       000000
__Htext43                                         text43       000000
__Htext44                                         text44       000000
__Htext45                                         text45       000000
__Htext46                                         text46       000000
__Htext47                                         text47       000000
__Htext48                                         text48       000000
__Htext49                                         text49       000000
__Htext5                                          text5        000000
__Htext50                                         text50       000000
__Htext51                                         text51       000000
__Htext52                                         text52       000000
__Htext53                                         text53       000000
__Htext54                                         text54       000000
__Htext55                                         text55       000000
__Htext56                                         text56       000000
__Htext57                                         text57       000000
__Htext58                                         text58       000000
__Htext59                                         text59       000000
__Htext6                                          text6        000000
__Htext60                                         text60       000000
__Htext61                                         text61       000000
__Htext62                                         text62       000000
__Htext63                                         text63       000000
__Htext64                                         text64       000000
__Htext65                                         text65       000000
__Htext66                                         text66       000000
__Htext67                                         text67       000000
__Htext7                                          text7        000000
__Htext8                                          text8        000000
__Htext9                                          text9        000000
__LRAM                                            (abs)        000001
__L__absolute__                                   __absolute__ 000000
__Labs1                                           abs1         000000
__Lbank0                                          bank0        000000
__Lbank1                                          bank1        000000
__Lbank10                                         bank10       000000
__Lbank11                                         bank11       000000
__Lbank12                                         bank12       000000
__Lbank13                                         bank13       000000
__Lbank14                                         bank14       000000
__Lbank15                                         bank15       000000
__Lbank2                                          bank2        000000
__Lbank3                                          bank3        000000
__Lbank4                                          bank4        000000
__Lbank5                                          bank5        000000
__Lbank6                                          bank6        000000
__Lbank7                                          bank7        000000
__Lbank8                                          bank8        000000
__Lbank9                                          bank9        000000
__Lbigbss                                         bigbss       000000
__Lbigdata                                        bigdata      000000
__Lbigram                                         bigram       000000
__Lbigsfr                                         bigsfr       000000
__Lbss                                            bss          000000
__LbssBANK0                                       bssBANK0     000000
__LbssBANK1                                       bssBANK1     000000
__LbssCOMRAM                                      bssCOMRAM    000000
__Lcinit                                          cinit        000000
__Lclrtext                                        clrtext      000000
__Lcomram                                         comram       000000
__Lconfig                                         config       000000
__Lconst                                          const        000000
__LcstackBANK0                                    cstackBANK0  000000
__LcstackBANK1                                    cstackBANK1  000000
__LcstackCOMRAM                                   cstackCOMRAM 000000
__Ldata                                           data         000000
__LdataBANK0                                      dataBANK0    000000
__LdataBANK1                                      dataBANK1    000000
__LdataCOMRAM                                     dataCOMRAM   000000
__Leeprom_data                                    eeprom_data  000000
__Lfarbss                                         farbss       000000
__Lfardata                                        fardata      000000
__Lheap                                           heap         000000
__Libigdata                                       ibigdata     000000
__Lidata                                          idata        000000
__LidataBANK0                                     idataBANK0   000000
__LidataBANK1                                     idataBANK1   000000
__LidataCOMRAM                                    idataCOMRAM  000000
__Lidloc                                          idloc        000000
__Lifardata                                       ifardata     000000
__Linit                                           init         00005A
__Lintcode                                        intcode      000008
__Lintcode_body                                   intcode_body 000000
__Lintcodelo                                      intcodelo    000018
__Lintentry                                       intentry     000000
__Lintret                                         intret       000000
__Lintsave_regs                                   intsave_regs 000000
__Lirdata                                         irdata       000000
__Lmediumconst                                    mediumconst  000000
__LnvFARRAM                                       nvFARRAM     000000
__Lnvbit                                          nvbit        000000
__Lnvrram                                         nvrram       000000
__Lparam                                          rparam       000000
__Lpowerup                                        powerup      00005A
__Lram                                            ram          000000
__Lramtop                                         ramtop       001000
__Lrbit                                           rbit         000000
__Lrbss                                           rbss         000000
__Lrdata                                          rdata        000000
__Lreset_vec                                      reset_vec    000000
__Lrparam                                         rparam       000000
__Lsfr                                            sfr          000000
__Lsmallconst                                     smallconst   001000
__Lspace_0                                        (abs)        000000
__Lspace_1                                        (abs)        000000
__Lspace_2                                        (abs)        000000
__Lspace_4                                        (abs)        000000
__Lstack                                          stack        000000
__Lstruct                                         struct       000000
__Ltemp                                           temp         000064
__Ltext                                           text         000000
__Ltext0                                          text0        000000
__Ltext1                                          text1        000000
__Ltext10                                         text10       000000
__Ltext11                                         text11       000000
__Ltext12                                         text12       000000
__Ltext13                                         text13       000000
__Ltext14                                         text14       000000
__Ltext15                                         text15       000000
__Ltext16                                         text16       000000
__Ltext18                                         text18       000000
__Ltext19                                         text19       000000
__Ltext2                                          text2        000000
__Ltext20                                         text20       000000
__Ltext21                                         text21       000000
__Ltext22                                         text22       000000
__Ltext23                                         text23       000000
__Ltext24                                         text24       000000
__Ltext25                                         text25       000000
__Ltext26                                         text26       000000
__Ltext27                                         text27       000000
__Ltext28                                         text28       000000
__Ltext29                                         text29       000000
__Ltext3                                          text3        000000
__Ltext30                                         text30       000000
__Ltext31                                         text31       000000
__Ltext32                                         text32       000000
__Ltext33                                         text33       000000
__Ltext34                                         text34       000000
__Ltext35                                         text35       000000
__Ltext36                                         text36       000000
__Ltext37                                         text37       000000
__Ltext38                                         text38       000000
__Ltext39                                         text39       000000
__Ltext4                                          text4        000000
__Ltext40                                         text40       000000
__Ltext41                                         text41       000000
__Ltext43                                         text43       000000
__Ltext44                                         text44       000000
__Ltext45                                         text45       000000
__Ltext46                                         text46       000000
__Ltext47                                         text47       000000
__Ltext48                                         text48       000000
__Ltext49                                         text49       000000
__Ltext5                                          text5        000000
__Ltext50                                         text50       000000
__Ltext51                                         text51       000000
__Ltext52                                         text52       000000
__Ltext53                                         text53       000000
__Ltext54                                         text54       000000
__Ltext55                                         text55       000000
__Ltext56                                         text56       000000
__Ltext57                                         text57       000000
__Ltext58                                         text58       000000
__Ltext59                                         text59       000000
__Ltext6                                          text6        000000
__Ltext60                                         text60       000000
__Ltext61                                         text61       000000
__Ltext62                                         text62       000000
__Ltext63                                         text63       000000
__Ltext64                                         text64       000000
__Ltext65                                         text65       000000
__Ltext66                                         text66       000000
__Ltext67                                         text67       000000
__Ltext7                                          text7        000000
__Ltext8                                          text8        000000
__Ltext9                                          text9        000000
__S0                                              (abs)        0034E6
__S1                                              (abs)        000149
__S4                                              (abs)        000000
__S5                                              (abs)        000000
___fladd                                          text13       001006
___fladd@a                                        cstackBANK1  00012B
___fladd@aexp                                     cstackBANK0  0000FD
___fladd@b                                        cstackBANK1  000127
___fladd@bexp                                     cstackBANK0  0000FE
___fladd@grs                                      cstackBANK0  0000FF
___fladd@signs                                    cstackBANK0  0000FC
___fldiv                                          text12       002170
___fldiv@a                                        cstackCOMRAM 00002E
___fldiv@aexp                                     cstackCOMRAM 000042
___fldiv@b                                        cstackCOMRAM 00002A
___fldiv@bexp                                     cstackCOMRAM 000041
___fldiv@grs                                      cstackCOMRAM 00003D
___fldiv@new_exp                                  cstackCOMRAM 00003B
___fldiv@rem                                      cstackCOMRAM 000036
___fldiv@sign                                     cstackCOMRAM 00003A
___fltol                                          text11       00292E
___fltol@exp1                                     cstackCOMRAM 000025
___fltol@f1                                       cstackCOMRAM 00001C
___fltol@sign1                                    cstackCOMRAM 000024
___heap_hi                                        (abs)        000000
___heap_lo                                        (abs)        000000
___inthi_sp                                       stack        000000
___intlo_sp                                       stack        000000
___param_bank                                     (abs)        000000
___rparam_used                                    (abs)        000001
___sp                                             stack        000000
___xxtofl                                         text10       00250A
___xxtofl@arg                                     cstackCOMRAM 000026
___xxtofl@exp                                     cstackCOMRAM 000025
___xxtofl@sign                                    cstackCOMRAM 000024
___xxtofl@val                                     cstackCOMRAM 00001C
__accesstop                                       (abs)        000080
__activetblptr                                    (abs)        000003
__end_of_ADC_ISR                                  text41       0034CA
__end_of_CCP1_Capture_Mode_Read_Value             text40       0030D6
__end_of_CCP1_ISR                                 text37       003248
__end_of_CCP1_interruptHundler                    text38       002E10
__end_of_CCP2_ISR                                 text36       0034C6
__end_of_EUSART_ASYNC_Init                        text8        002FDE
__end_of_EUSART_ASYNC_RX_Init                     text15       002B04
__end_of_EUSART_ASYNC_ReadByteNonBlocking         text16       003064
__end_of_EUSART_ASYNC_TX_Init                     text14       002BAC
__end_of_EUSART_Baud_Rate_Calculation             text9        001A2C
__end_of_EUSART_RX_ISR                            text35       0034E2
__end_of_EUSART_TX_ISR                            text34       0034E0
__end_of_INT0_ISR                                 text33       0034C2
__end_of_INT1_ISR                                 text32       0034BE
__end_of_INT2_ISR                                 text31       0034BA
__end_of_InterruptCheck                           text18       001DCE
__end_of_InterruptManagerHigh                     intcode_body 0032A0
__end_of_InterruptManagerLow                      intcodelo    00005A
__end_of_RB4_ISR                                  text30       003410
__end_of_RB5_ISR                                  text29       0033F6
__end_of_RB6_ISR                                  text28       0033DC
__end_of_RB7_ISR                                  text27       0033C2
__end_of_TMR1_ISR                                 text26       003494
__end_of_TMR2_ISR                                 text25       0034A8
__end_of_TMR3_ISR                                 text23       00317A
__end_of_TMRO_ISR                                 text19       003144
__end_of_Timer1_Read_value                        text22       002ED2
__end_of_Timer1_Write_value                       text21       003312
__end_of_Timer3_Write_value                       text39       003332
__end_of___fladd                                  text13       00153E
__end_of___fldiv                                  text12       00250A
__end_of___fltol                                  text11       002A34
__end_of___xxtofl                                 text10       0026BE
__end_of__initialization                          cinit        002C30
__end_of_app_intialize                            text3        00338E
__end_of_gpio_pin_direction_intialize             text7        002802
__end_of_gpio_pin_intialize                       text5        003028
__end_of_gpio_pin_write_logic                     text6        00292E
__end_of_led_initialize                           text4        002CB6
__end_of_led_turn_off                             text2        002DA2
__end_of_led_turn_on                              text1        002D2C
__end_of_main                                     text0        002F8C
__end_of_timer0_interruptHundler                  text20       00321A
__end_of_timer3_interruptHundler                  text24       0033A8
__end_ofi2_ADC_ISR                                text66       0034DE
__end_ofi2_CCP1_Capture_Mode_Read_Value           text65       00310E
__end_ofi2_CCP1_ISR                               text62       003276
__end_ofi2_CCP1_interruptHundler                  text63       002E74
__end_ofi2_CCP2_ISR                               text61       0034DA
__end_ofi2_EUSART_RX_ISR                          text60       0034E6
__end_ofi2_EUSART_TX_ISR                          text59       0034E4
__end_ofi2_INT0_ISR                               text58       0034D6
__end_ofi2_INT1_ISR                               text57       0034D2
__end_ofi2_INT2_ISR                               text56       0034CE
__end_ofi2_InterruptCheck                         text43       002170
__end_ofi2_RB4_ISR                                text55       003478
__end_ofi2_RB5_ISR                                text54       00345E
__end_ofi2_RB6_ISR                                text53       003444
__end_ofi2_RB7_ISR                                text52       00342A
__end_ofi2_TMR1_ISR                               text51       0034A0
__end_ofi2_TMR2_ISR                               text50       0034B0
__end_ofi2_TMR3_ISR                               text48       0031E6
__end_ofi2_TMRO_ISR                               text44       0031B0
__end_ofi2_Timer1_Read_value                      text47       002F30
__end_ofi2_Timer1_Write_value                     text46       003352
__end_ofi2_Timer3_Write_value                     text64       003372
__end_ofi2_timer0_interruptHundler                text45       0032CA
__end_ofi2_timer3_interruptHundler                text49       003488
__initialization                                  cinit        002BAC
__mediumconst                                     mediumconst  000000
__pbssBANK0                                       bssBANK0     000080
__pbssBANK1                                       bssBANK1     00013E
__pbssCOMRAM                                      bssCOMRAM    000047
__pcinit                                          cinit        002BAC
__pcstackBANK0                                    cstackBANK0  0000FC
__pcstackBANK1                                    cstackBANK1  000127
__pcstackCOMRAM                                   cstackCOMRAM 000001
__pdataBANK0                                      dataBANK0    0000C2
__pdataBANK1                                      dataBANK1    000100
__pdataCOMRAM                                     dataCOMRAM   00005F
__pidataBANK0                                     idataBANK0   003064
__pidataBANK1                                     idataBANK1   0032CA
__pidataCOMRAM                                    idataCOMRAM  0034B0
__pintcode                                        intcode      000008
__pintcode_body                                   intcode_body 003276
__pintcodelo                                      intcodelo    000018
__psmallconst                                     smallconst   001000
__ptext0                                          text0        002F30
__ptext1                                          text1        002CB6
__ptext10                                         text10       00250A
__ptext11                                         text11       00292E
__ptext12                                         text12       002170
__ptext13                                         text13       001006
__ptext14                                         text14       002B04
__ptext15                                         text15       002A34
__ptext16                                         text16       003028
__ptext18                                         text18       001A2C
__ptext19                                         text19       00310E
__ptext2                                          text2        002D2C
__ptext20                                         text20       0031E6
__ptext21                                         text21       0032F2
__ptext22                                         text22       002E74
__ptext23                                         text23       003144
__ptext24                                         text24       00338E
__ptext25                                         text25       0034A0
__ptext26                                         text26       003488
__ptext27                                         text27       0033A8
__ptext28                                         text28       0033C2
__ptext29                                         text29       0033DC
__ptext3                                          text3        003372
__ptext30                                         text30       0033F6
__ptext31                                         text31       0034B6
__ptext32                                         text32       0034BA
__ptext33                                         text33       0034BE
__ptext34                                         text34       0034DE
__ptext35                                         text35       0034E0
__ptext36                                         text36       0034C2
__ptext37                                         text37       00321A
__ptext38                                         text38       002DA2
__ptext39                                         text39       003312
__ptext4                                          text4        002C3A
__ptext40                                         text40       00309E
__ptext41                                         text41       0034C6
__ptext43                                         text43       001DCE
__ptext44                                         text44       00317A
__ptext45                                         text45       0032A0
__ptext46                                         text46       003332
__ptext47                                         text47       002ED2
__ptext48                                         text48       0031B0
__ptext49                                         text49       003478
__ptext5                                          text5        002FDE
__ptext50                                         text50       0034A8
__ptext51                                         text51       003494
__ptext52                                         text52       003410
__ptext53                                         text53       00342A
__ptext54                                         text54       003444
__ptext55                                         text55       00345E
__ptext56                                         text56       0034CA
__ptext57                                         text57       0034CE
__ptext58                                         text58       0034D2
__ptext59                                         text59       0034E2
__ptext6                                          text6        002802
__ptext60                                         text60       0034E4
__ptext61                                         text61       0034D6
__ptext62                                         text62       003248
__ptext63                                         text63       002E10
__ptext64                                         text64       003352
__ptext65                                         text65       0030D6
__ptext66                                         text66       0034DA
__ptext67                                         text67       000000
__ptext7                                          text7        0026BE
__ptext8                                          text8        002F8C
__ptext9                                          text9        00153E
__ramtop                                          ramtop       001000
__smallconst                                      smallconst   001000
_app_intialize                                    text3        003372
_ccp1_capature_value                              bssCOMRAM    000059
_ccp1_obj                                         dataBANK0    0000DD
_freqenct_measured                                bssBANK0     000086
_gpio_pin_direction_intialize                     text7        0026BE
_gpio_pin_intialize                               text5        002FDE
_gpio_pin_write_logic                             text6        002802
_lat_registers                                    dataBANK0    0000C2
_lcd_1                                            dataBANK0    0000E4
_lcd_2                                            dataBANK1    00010A
_led1                                             dataCOMRAM   000063
_led2                                             dataBANK0    0000EF
_led_initialize                                   text4        002C3A
_led_turn_off                                     text2        002D2C
_led_turn_on                                      text1        002CB6
_main                                             text0        002F30
_port_registers                                   dataBANK1    000100
_rec_uart_data                                    bssCOMRAM    00005D
_timer0                                           dataBANK0    0000D6
_timer0_count                                     bssBANK0     0000C1
_timer0_interruptHundler                          text20       0031E6
_timer0_interruptHundler$intlevel1                text20       0031F0
_timer0_preload                                   bssCOMRAM    00004F
_timer1                                           dataBANK0    0000F6
_timer1_count                                     bssCOMRAM    00005E
_timer1_preload                                   bssCOMRAM    00004D
_timer2                                           dataBANK0    0000EA
_timer2_preload                                   bssCOMRAM    000053
_timer3                                           dataBANK0    0000F0
_timer3_interruptHundler                          text24       00338E
_timer3_interruptHundler$intlevel1                text24       003398
_timer3_overflow                                  bssBANK0     00008E
_timer3_preload                                   bssCOMRAM    000049
_tris_registers                                   dataBANK0    0000CC
_usart_obj                                        dataBANK1    000114
btemp                                             temp         000064
end_of_initialization                             cinit        002C30
gpio_pin_direction_intialize@_pin_config          cstackCOMRAM 00001C
gpio_pin_direction_intialize@ret                  cstackCOMRAM 000024
gpio_pin_intialize@_pin_config                    cstackCOMRAM 000026
gpio_pin_intialize@ret                            cstackCOMRAM 000028
gpio_pin_write_logic@_pin_config                  cstackCOMRAM 00001C
gpio_pin_write_logic@logic                        cstackCOMRAM 00001E
gpio_pin_write_logic@ret                          cstackCOMRAM 000025
i2CCP1_Capture_Mode_Read_Value@_capture_value     cstackCOMRAM 000001
i2CCP1_Capture_Mode_Read_Value@compare_temp_value cstackCOMRAM 000003
i2RB4_ISR@RB4_Source                              cstackCOMRAM 000001
i2RB5_ISR@RB5_Source                              cstackCOMRAM 000001
i2RB6_ISR@RB6_Source                              cstackCOMRAM 000001
i2RB7_ISR@RB7_Source                              cstackCOMRAM 000001
i2Timer1_Read_value@_timer                        cstackCOMRAM 000001
i2Timer1_Read_value@_value                        cstackCOMRAM 000003
i2Timer1_Read_value@tmr1h                         cstackCOMRAM 000008
i2Timer1_Read_value@tmr1l                         cstackCOMRAM 000007
i2Timer1_Write_value@_timer                       cstackCOMRAM 000001
i2Timer1_Write_value@_value                       cstackCOMRAM 000003
i2Timer3_Write_value@_timer                       cstackCOMRAM 000001
i2Timer3_Write_value@_value                       cstackCOMRAM 000003
i2_ADC_ISR                                        text66       0034DA
i2_CCP1_Capture_Mode_Read_Value                   text65       0030D6
i2_CCP1_ISR                                       text62       003248
i2_CCP1_interruptHundler                          text63       002E10
i2_CCP2_ISR                                       text61       0034D6
i2_EUSART_RX_ISR                                  text60       0034E4
i2_EUSART_TX_ISR                                  text59       0034E2
i2_INT0_ISR                                       text58       0034D2
i2_INT1_ISR                                       text57       0034CE
i2_INT2_ISR                                       text56       0034CA
i2_InterruptCheck                                 text43       001DCE
i2_RB4_ISR                                        text55       00345E
i2_RB5_ISR                                        text54       003444
i2_RB6_ISR                                        text53       00342A
i2_RB7_ISR                                        text52       003410
i2_TMR1_ISR                                       text51       003494
i2_TMR2_ISR                                       text50       0034A8
i2_TMR3_ISR                                       text48       0031B0
i2_TMRO_ISR                                       text44       00317A
i2_Timer1_Read_value                              text47       002ED2
i2_Timer1_Write_value                             text46       003332
i2_Timer3_Write_value                             text64       003352
i2_timer0_interruptHundler                        text45       0032A0
i2_timer3_interruptHundler                        text49       003478
int$flags                                         temp         000064
int_func                                          intcode_body 003276
intlevel0                                         text         000000
intlevel1                                         text         000000
intlevel2                                         text         000000
intlevel3                                         text         000000
isa$std                                           (abs)        000001
isa$xinst                                         (abs)        000000
led_initialize@F3048                              bssCOMRAM    000058
led_initialize@led                                cstackCOMRAM 000029
led_initialize@pin_obj                            cstackCOMRAM 00002D
led_initialize@ret                                cstackCOMRAM 00002C
led_turn_off@F3058                                bssCOMRAM    000056
led_turn_off@led                                  cstackCOMRAM 000026
led_turn_off@pin_obj                              cstackCOMRAM 000029
led_turn_on@F3053                                 bssCOMRAM    000057
led_turn_on@led                                   cstackCOMRAM 000026
led_turn_on@pin_obj                               cstackCOMRAM 000029
led_turn_toggle@F3063                             bssCOMRAM    000055
stackhi                                           (abs)        000000
stacklo                                           (abs)        000000
start                                             init         00005A
start_initialization                              cinit        002BAC
ttemp5                                            temp         000065
ttemp6                                            temp         000068
ttemp7                                            temp         00006C
wtemp8                                            temp         000065


MODULE INFORMATION

Module		Function		Class		Link	Load	Size
MCAL_Layer/Timer/Timer3/hal_timer3.c
		_TMR3_ISR      		CODE           	3144	0000	54
		_Timer3_Write_value		CODE           	3312	0000	32

MCAL_Layer/Timer/Timer3/hal_timer3.c estimated size: 86

MCAL_Layer/Timer/Timer2/hal_timer2.c
		_TMR2_ISR      		CODE           	34A0	0000	8

MCAL_Layer/Timer/Timer2/hal_timer2.c estimated size: 8

C:\Program Files\Microchip\xc8\v2.41\pic\sources\c99\common\fltol.c
		___fltol       		CODE           	292E	0000	262

C:\Program Files\Microchip\xc8\v2.41\pic\sources\c99\common\fltol.c estimated size: 262

C:\Program Files\Microchip\xc8\v2.41\pic\sources\c99\common\xxtofl.c
		___xxtofl      		CODE           	250A	0000	436

C:\Program Files\Microchip\xc8\v2.41\pic\sources\c99\common\xxtofl.c estimated size: 436

MCAL_Layer/Timer/Timer1/hal_timer1.c
		_Timer1_Read_value		CODE           	2E74	0000	94
		_TMR1_ISR      		CODE           	3488	0000	12
		_Timer1_Write_value		CODE           	32F2	0000	32

MCAL_Layer/Timer/Timer1/hal_timer1.c estimated size: 138

MCAL_Layer/Timer/Timer0/hal_timer0.c
		_TMRO_ISR      		CODE           	310E	0000	54

MCAL_Layer/Timer/Timer0/hal_timer0.c estimated size: 54

C:\Program Files\Microchip\xc8\v2.41\pic\sources\c99\common\sprcadd.c
		___fladd       		CODE           	1006	0000	1336

C:\Program Files\Microchip\xc8\v2.41\pic\sources\c99\common\sprcadd.c estimated size: 1336

MCAL_Layer/CCP/CCP2/hal_ccp2.c
		_CCP2_ISR      		CODE           	34C2	0000	4

MCAL_Layer/CCP/CCP2/hal_ccp2.c estimated size: 4

shared
		i2_RB6_ISR     		CODE           	342A	0000	26
		i2_INT1_ISR    		CODE           	34CE	0000	4
		i2_TMR1_ISR    		CODE           	3494	0000	12
		i2_RB7_ISR     		CODE           	3410	0000	26
		i2_CCP1_ISR    		CODE           	3248	0000	46
		i2_timer0_interruptHundler		CODE           	32A0	0000	42
		i2_timer3_interruptHundler		CODE           	3478	0000	16
		i2_Timer1_Read_value		CODE           	2ED2	0000	94
		i2_EUSART_RX_ISR		CODE           	34E4	0000	2
		i2_EUSART_TX_ISR		CODE           	34E2	0000	2
		__initialization		CODE           	2BAC	0000	132
		i2_Timer1_Write_value		CODE           	3332	0000	32
		i2_Timer3_Write_value		CODE           	3352	0000	32
		i2_InterruptCheck		CODE           	1DCE	0000	930
		i2_INT2_ISR    		CODE           	34CA	0000	4
		i2_TMRO_ISR    		CODE           	317A	0000	54
		i2_TMR2_ISR    		CODE           	34A8	0000	8
		i2_CCP2_ISR    		CODE           	34D6	0000	4
		i2_RB4_ISR     		CODE           	345E	0000	26
		i2_ADC_ISR     		CODE           	34DA	0000	4
		i2_INT0_ISR    		CODE           	34D2	0000	4
		i2_CCP1_interruptHundler		CODE           	2E10	0000	100
		i2_RB5_ISR     		CODE           	3444	0000	26
		i2_TMR3_ISR    		CODE           	31B0	0000	54
		i2_CCP1_Capture_Mode_Read_Value		CODE           	30D6	0000	56

shared estimated size: 1736

MCAL_Layer/Interrupt/mcal_external_interrupt.c
		_RB4_ISR       		CODE           	33F6	0000	26
		_RB5_ISR       		CODE           	33DC	0000	26
		_RB6_ISR       		CODE           	33C2	0000	26
		_RB7_ISR       		CODE           	33A8	0000	26
		_INT0_ISR      		CODE           	34BE	0000	4
		_INT1_ISR      		CODE           	34BA	0000	4
		_INT2_ISR      		CODE           	34B6	0000	4

MCAL_Layer/Interrupt/mcal_external_interrupt.c estimated size: 116

MCAL_Layer/ADC/hal_adc.c
		_ADC_ISR       		CODE           	34C6	0000	4

MCAL_Layer/ADC/hal_adc.c estimated size: 4

MCAL_Layer/Interrupt/mcal_interrupt_manager.c
		_InterruptCheck		CODE           	1A2C	0000	930
		_InterruptManagerLow		CODE           	0018	0000	66
		_InterruptManagerHigh		CODE           	0008	0000	48

MCAL_Layer/Interrupt/mcal_interrupt_manager.c estimated size: 1044

MCAL_Layer/GPIO/hal_gpio.c
		_gpio_pin_write_logic		CODE           	2802	0000	300
		_gpio_pin_intialize		CODE           	2FDE	0000	74
		_gpio_pin_direction_intialize		CODE           	26BE	0000	324

MCAL_Layer/GPIO/hal_gpio.c estimated size: 698

MCAL_Layer/USART/hal_usart.c
		_EUSART_RX_ISR 		CODE           	34E0	0000	2
		_EUSART_TX_ISR 		CODE           	34DE	0000	2
		_EUSART_ASYNC_Init		CODE           	2F8C	0000	82
		_EUSART_ASYNC_ReadByteNonBlocking		CODE           	3028	0000	60
		_EUSART_ASYNC_RX_Init		CODE           	2A34	0000	208
		_EUSART_ASYNC_TX_Init		CODE           	2B04	0000	168
		_EUSART_Baud_Rate_Calculation		CODE           	153E	0000	1262

MCAL_Layer/USART/hal_usart.c estimated size: 1784

ECU_Layer/LED/ecu_led.c
		_led_initialize		CODE           	2C3A	0000	124
		_led_turn_on   		CODE           	2CB6	0000	118
		_led_turn_off  		CODE           	2D2C	0000	118

ECU_Layer/LED/ecu_led.c estimated size: 360

application.c
		_timer0_interruptHundler		CODE           	31E6	0000	52
		_timer3_interruptHundler		CODE           	338E	0000	26
		_main          		CODE           	2F30	0000	92
		_app_intialize 		CODE           	3372	0000	28
		_CCP1_interruptHundler		CODE           	2DA2	0000	110

application.c estimated size: 308

C:\Program Files\Microchip\xc8\v2.41\pic\sources\c99\common\sprcdiv.c
		___fldiv       		CODE           	2170	0000	922

C:\Program Files\Microchip\xc8\v2.41\pic\sources\c99\common\sprcdiv.c estimated size: 922

MCAL_Layer/CCP/CCP1/hal_ccp1.c
		_CCP1_ISR      		CODE           	321A	0000	46
		_CCP1_Capture_Mode_Read_Value		CODE           	309E	0000	56

MCAL_Layer/CCP/CCP1/hal_ccp1.c estimated size: 102

