Microchip MPLAB XC8 Compiler V2.41

Linker command line:

-W-3 \
  --edf=C:\Program Files\Microchip\xc8\v2.41\pic\dat\20230208172133_en.msgs \
  -cn -h+dist/default/production\LCD_Driver.production.sym \
  --cmf=dist/default/production\LCD_Driver.production.cmf -z -Q18F4620 \
  -oC:\Users\Belal\AppData\Local\Temp\xcAsbc4.\driver_tmp_3.o \
  --defsym=__MPLAB_BUILD=1 --fixupoverflow=error \
  -Mdist/default/production/LCD_Driver.production.map \
  --md=C:\Users\Belal\AppData\Local\Temp\xcAsbc4.\driver_tmp_0.dat -E1 \
  -ver=XC8 Compiler --acfsm=1493 -ACODE=00h-0FFFFh -ACONST=00h-0FFFFh \
  -ASMALLCONST=01000h-010FFhx240 -AMEDIUMCONST=01000h-0FFFFh \
  -ACOMRAM=01h-07Fh -AABS1=00h-0F7Fh -ABIGRAM=01h-0F7Fh \
  -ARAM=080h-0FFh,0100h-01FFhx14,0F00h-0F7Fh -ABANK0=080h-0FFh \
  -ABANK1=0100h-01FFh -ABANK2=0200h-02FFh -ABANK3=0300h-03FFh \
  -ABANK4=0400h-04FFh -ABANK5=0500h-05FFh -ABANK6=0600h-06FFh \
  -ABANK7=0700h-07FFh -ABANK8=0800h-08FFh -ABANK9=0900h-09FFh \
  -ABANK10=0A00h-0AFFh -ABANK11=0B00h-0BFFh -ABANK12=0C00h-0CFFh \
  -ABANK13=0D00h-0DFFh -ABANK14=0E00h-0EFFh -ABANK15=0F00h-0F7Fh \
  -ASFR=0F80h-0FFFh -ABIGSFR=0F80h-0FFFh -ACONFIG=0300000h-030000Dh \
  -AIDLOC=0200000h-0200007h -AEEDATA=0F00000h-0F003FFh -peeprom_data=EEDATA \
  -preset_vec=00h,intcode=08h,intcodelo=018h,powerup,init -pramtop=01000h \
  -psmallconst=SMALLCONST -pmediumconst=MEDIUMCONST -pconst=CONST \
  -AFARRAM=00h-00h \
  -prdata=COMRAM,nvrram=COMRAM,nvbit=COMRAM,rbss=COMRAM,rbit=COMRAM \
  -pfarbss=FARRAM,fardata=FARRAM,nvFARRAM=FARRAM \
  -pintsave_regs=BIGRAM,bigbss=BIGRAM,bigdata=BIGRAM -pbss=RAM \
  -pidata=CODE,irdata=CODE,ibigdata=CODE,ifardata=CODE -prparam=COMRAM \
  C:\Users\Belal\AppData\Local\Temp\xcAsbc4.\driver_tmp_9.o \
  dist/default/production\LCD_Driver.production.o 

Object code version is 3.11

Machine type is 18F4620



                Name                               Link     Load   Length Selector   Space Scale
C:\Users\Belal\AppData\Local\Temp\xcAsbc4.\driver_tmp_9.o
                idloc                            200000   200000        8        0       5
                config                           300000   300000        E        0       4
                init                                 3A       3A        4        C       0
                reset_vec                             0        0        4        0       0
dist/default/production\LCD_Driver.production.o
                intcodelo                            18       18       22        C       0
                intcode                               8        8        6        4       0
                idloc                            200000   200000        8        0       5
                config                           300000   300000        E        0       4
                temp                                 6B       6B        1        1       1
                smallconst                         1000     1000        6      800       0
                text27                             1D0A     1D0A        4      803       0
                text26                             1D06     1D06        4      803       0
                text25                             1D02     1D02        4      803       0
                text24                             1CD2     1CD2       1A      803       0
                text23                             1CB8     1CB8       1A      803       0
                text22                             1C9E     1C9E       1A      803       0
                text21                             1C84     1C84       1A      803       0
                text20                             1288     1288      282      803       0
                intcode_body                       1CEC     1CEC        A      803       0
                text18                             1CFE     1CFE        4      803       0
                text17                             1CFA     1CFA        4      803       0
                text16                             1CF6     1CF6        4      803       0
                text15                             1C6A     1C6A       1A      803       0
                text14                             1C50     1C50       1A      803       0
                text13                             1C36     1C36       1A      803       0
                text12                             1C1C     1C1C       1A      803       0
                text11                             1006     1006      282      803       0
                text9                              150A     150A      144      803       0
                text8                              164E     164E      12C      803       0
                text7                              1B2C     1B2C       4A      803       0
                text6                              1AB0     1AB0       7C      803       0
                text5                              1B76     1B76       3A      803       0
                text4                              19B4     19B4       80      803       0
                text3                              1934     1934       80      803       0
                text2                              18A2     18A2       92      803       0
                text1                              1A34     1A34       7C      803       0
                text0                              177A     177A      128      803       0
                cstackCOMRAM                         51       51       19        1       1
                dataCOMRAM                            1        1       36        1       1
                bssCOMRAM                            37       37       1A        1       1
                cinit                              1BE6     1BE6       36      803       0
                nvCOMRAM                             6A       6A        1        1       1
                idataCOMRAM                        1BB0     1BB0       36      803       0

TOTAL           Name                               Link     Load   Length     Space
        CLASS   CODE           
                intcodelo                            18       18       22         0
                intcode                               8        8        6         0
                init                                 3A       3A        4         0
                reset_vec                             0        0        4         0
                text27                             1D0A     1D0A        4         0
                text26                             1D06     1D06        4         0
                text25                             1D02     1D02        4         0
                text24                             1CD2     1CD2       1A         0
                text23                             1CB8     1CB8       1A         0
                text22                             1C9E     1C9E       1A         0
                text21                             1C84     1C84       1A         0
                text20                             1288     1288      282         0
                intcode_body                       1CEC     1CEC        A         0
                text18                             1CFE     1CFE        4         0
                text17                             1CFA     1CFA        4         0
                text16                             1CF6     1CF6        4         0
                text15                             1C6A     1C6A       1A         0
                text14                             1C50     1C50       1A         0
                text13                             1C36     1C36       1A         0
                text12                             1C1C     1C1C       1A         0
                text11                             1006     1006      282         0
                text9                              150A     150A      144         0
                text8                              164E     164E      12C         0
                text7                              1B2C     1B2C       4A         0
                text6                              1AB0     1AB0       7C         0
                text5                              1B76     1B76       3A         0
                text4                              19B4     19B4       80         0
                text3                              1934     1934       80         0
                text2                              18A2     18A2       92         0
                text1                              1A34     1A34       7C         0
                text0                              177A     177A      128         0
                cinit                              1BE6     1BE6       36         0
                idataCOMRAM                        1BB0     1BB0       36         0

        CLASS   CONST          

        CLASS   SMALLCONST     
                smallconst                         1000     1000        6         0

        CLASS   MEDIUMCONST    

        CLASS   COMRAM         
                temp                                 6B       6B        1         1
                cstackCOMRAM                         51       51       19         1
                dataCOMRAM                            1        1       36         1
                bssCOMRAM                            37       37       1A         1
                nvCOMRAM                             6A       6A        1         1

        CLASS   ABS1           

        CLASS   BIGRAM         

        CLASS   RAM            

        CLASS   BANK0          

        CLASS   BANK1          

        CLASS   BANK2          

        CLASS   BANK3          

        CLASS   BANK4          

        CLASS   BANK5          

        CLASS   BANK6          

        CLASS   BANK7          

        CLASS   BANK8          

        CLASS   BANK9          

        CLASS   BANK10         

        CLASS   BANK11         

        CLASS   BANK12         

        CLASS   BANK13         

        CLASS   BANK14         

        CLASS   BANK15         

        CLASS   SFR            

        CLASS   BIGSFR         

        CLASS   CONFIG         
                config                           300000   300000        E         4

        CLASS   IDLOC          
                idloc                            200000   200000        8         5

        CLASS   EEDATA         

        CLASS   FARRAM         

        CLASS   HEAP           

        CLASS   STACK          



SEGMENTS        Name                           Load    Length   Top    Selector   Space  Class

                reset_vec                      000000  000004  000004         0       0  CODE    
                dataCOMRAM                     000001  00006B  00006C         1       1  COMRAM  
                intcode                        000008  000006  00000E         4       0  CODE    
                intcodelo                      000018  000026  00003E         C       0  CODE    
                smallconst                     001000  000006  001006       800       0  SMALLCON
                text11                         001006  000D08  001D0E       803       0  CODE    


UNUSED ADDRESS RANGES

        Name                Unused          Largest block    Delta
        BANK0            000080-0000FF               80
        BANK1            000100-0001FF              100
        BANK10           000A00-000AFF              100
        BANK11           000B00-000BFF              100
        BANK12           000C00-000CFF              100
        BANK13           000D00-000DFF              100
        BANK14           000E00-000EFF              100
        BANK15           000F00-000F7F               80
        BANK2            000200-0002FF              100
        BANK3            000300-0003FF              100
        BANK4            000400-0004FF              100
        BANK5            000500-0005FF              100
        BANK6            000600-0006FF              100
        BANK7            000700-0007FF              100
        BANK8            000800-0008FF              100
        BANK9            000900-0009FF              100
        BIGRAM           00006C-000F7F              F14
        BIGSFR           000F80-000FFF               80
        CODE             000004-000007                4
                         00000E-000017                A
                         00003E-000FFF              FC2
                         001D0E-00FFFF             E2F2
        COMRAM           00006C-00007F               14
        CONST            000004-000007                4
                         00000E-000017                A
                         00003E-000FFF              FC2
                         001D0E-00FFFF             E2F2
        EEDATA           F00000-F003FF              400
        MEDIUMCONST      001D0E-00FFFF             E2F2
        RAM              000080-000F7F              100
        SFR              000F80-000FFF               80
        SMALLCONST       001D0E-00FFFF              100

                                  Symbol Table

RB4_ISR@RB4_Source                       cstackCOMRAM 000052
RB5_ISR@RB5_Source                       cstackCOMRAM 000052
RB6_ISR@RB6_Source                       cstackCOMRAM 000052
RB7_ISR@RB7_Source                       cstackCOMRAM 000052
_EEADR                                   (abs)        000FA9
_EEADRH                                  (abs)        000FAA
_EECON1bits                              (abs)        000FA6
_EECON2                                  (abs)        000FA7
_EEDATA                                  (abs)        000FA8
_INT0_ISR                                text18       001CFE
_INT0_InterruptHandler                   bssCOMRAM    00004B
_INT1_ISR                                text17       001CFA
_INT1_InterruptHandler                   bssCOMRAM    000049
_INT2_ISR                                text16       001CF6
_INT2_InterruptHandler                   bssCOMRAM    000047
_INTCON2bits                             (abs)        000FF1
_INTCON3bits                             (abs)        000FF0
_INTCONbits                              (abs)        000FF2
_InterruptCheck                          text11       001006
_InterruptManagerHigh                    intcode      000008
_InterruptManagerLow                     intcodelo    000018
_LATA                                    (abs)        000F89
_LATB                                    (abs)        000F8A
_LATC                                    (abs)        000F8B
_LATD                                    (abs)        000F8C
_LATE                                    (abs)        000F8D
_PORTA                                   (abs)        000F80
_PORTB                                   (abs)        000F81
_PORTBbits                               (abs)        000F81
_PORTC                                   (abs)        000F82
_PORTD                                   (abs)        000F83
_PORTE                                   (abs)        000F84
_RB4_Flag                                dataCOMRAM   000022
_RB4_ISR                                 text15       001C6A
_RB4_InterruptHandler_HIGH               bssCOMRAM    000045
_RB4_InterruptHandler_LOW                bssCOMRAM    000043
_RB5_Flag                                dataCOMRAM   000021
_RB5_ISR                                 text14       001C50
_RB5_InterruptHandler_HIGH               bssCOMRAM    000041
_RB5_InterruptHandler_LOW                bssCOMRAM    00003F
_RB6_Flag                                dataCOMRAM   000020
_RB6_ISR                                 text13       001C36
_RB6_InterruptHandler_HIGH               bssCOMRAM    00003D
_RB6_InterruptHandler_LOW                bssCOMRAM    00003B
_RB7_Flag                                dataCOMRAM   00001F
_RB7_ISR                                 text12       001C1C
_RB7_InterruptHandler_HIGH               bssCOMRAM    000039
_RB7_InterruptHandler_LOW                bssCOMRAM    000037
_RCONbits                                (abs)        000FD0
_TRISA                                   (abs)        000F92
_TRISB                                   (abs)        000F93
_TRISC                                   (abs)        000F94
_TRISD                                   (abs)        000F95
_TRISE                                   (abs)        000F96
__HRAM                                   (abs)        000000
__H__absolute__                          __absolute__ 000000
__Habs1                                  abs1         000000
__Hbank0                                 bank0        000000
__Hbank1                                 bank1        000000
__Hbank10                                bank10       000000
__Hbank11                                bank11       000000
__Hbank12                                bank12       000000
__Hbank13                                bank13       000000
__Hbank14                                bank14       000000
__Hbank15                                bank15       000000
__Hbank2                                 bank2        000000
__Hbank3                                 bank3        000000
__Hbank4                                 bank4        000000
__Hbank5                                 bank5        000000
__Hbank6                                 bank6        000000
__Hbank7                                 bank7        000000
__Hbank8                                 bank8        000000
__Hbank9                                 bank9        000000
__Hbigbss                                bigbss       000000
__Hbigdata                               bigdata      000000
__Hbigram                                bigram       000000
__Hbigsfr                                bigsfr       000000
__Hbss                                   bss          000000
__HbssCOMRAM                             bssCOMRAM    000000
__Hcinit                                 cinit        000000
__Hclrtext                               clrtext      000000
__Hcomram                                comram       000000
__Hconfig                                config       30000E
__Hconst                                 const        000000
__HcstackCOMRAM                          cstackCOMRAM 000000
__Hdata                                  data         000000
__HdataCOMRAM                            dataCOMRAM   000000
__Heeprom_data                           eeprom_data  000000
__Hfarbss                                farbss       000000
__Hfardata                               fardata      000000
__Hheap                                  heap         000000
__Hibigdata                              ibigdata     000000
__Hidata                                 idata        000000
__HidataCOMRAM                           idataCOMRAM  000000
__Hidloc                                 idloc        200008
__Hifardata                              ifardata     000000
__Hinit                                  init         00003E
__Hintcode                               intcode      00000E
__Hintcode_body                          intcode_body 000000
__Hintcodelo                             intcodelo    00003A
__Hintentry                              intentry     000000
__Hintret                                intret       000000
__Hintsave_regs                          intsave_regs 000000
__Hirdata                                irdata       000000
__Hmediumconst                           mediumconst  000000
__HnvCOMRAM                              nvCOMRAM     000000
__HnvFARRAM                              nvFARRAM     000000
__Hnvbit                                 nvbit        000000
__Hnvrram                                nvrram       000000
__Hparam                                 rparam       000000
__Hpowerup                               powerup      00003A
__Hram                                   ram          000000
__Hramtop                                ramtop       001000
__Hrbit                                  rbit         000000
__Hrbss                                  rbss         000000
__Hrdata                                 rdata        000000
__Hreset_vec                             reset_vec    000004
__Hrparam                                rparam       000000
__Hsfr                                   sfr          000000
__Hsmallconst                            smallconst   001006
__Hspace_0                               (abs)        001D0E
__Hspace_1                               (abs)        00006C
__Hspace_2                               (abs)        000000
__Hspace_4                               (abs)        60000E
__Hstack                                 stack        000000
__Hstruct                                struct       000000
__Htemp                                  temp         00006C
__Htext                                  text         000000
__Htext0                                 text0        000000
__Htext1                                 text1        000000
__Htext11                                text11       000000
__Htext12                                text12       000000
__Htext13                                text13       000000
__Htext14                                text14       000000
__Htext15                                text15       000000
__Htext16                                text16       000000
__Htext17                                text17       000000
__Htext18                                text18       000000
__Htext2                                 text2        000000
__Htext20                                text20       000000
__Htext21                                text21       000000
__Htext22                                text22       000000
__Htext23                                text23       000000
__Htext24                                text24       000000
__Htext25                                text25       000000
__Htext26                                text26       000000
__Htext27                                text27       000000
__Htext3                                 text3        000000
__Htext4                                 text4        000000
__Htext5                                 text5        000000
__Htext6                                 text6        000000
__Htext7                                 text7        000000
__Htext8                                 text8        000000
__Htext9                                 text9        000000
__LRAM                                   (abs)        000001
__L__absolute__                          __absolute__ 000000
__Labs1                                  abs1         000000
__Lbank0                                 bank0        000000
__Lbank1                                 bank1        000000
__Lbank10                                bank10       000000
__Lbank11                                bank11       000000
__Lbank12                                bank12       000000
__Lbank13                                bank13       000000
__Lbank14                                bank14       000000
__Lbank15                                bank15       000000
__Lbank2                                 bank2        000000
__Lbank3                                 bank3        000000
__Lbank4                                 bank4        000000
__Lbank5                                 bank5        000000
__Lbank6                                 bank6        000000
__Lbank7                                 bank7        000000
__Lbank8                                 bank8        000000
__Lbank9                                 bank9        000000
__Lbigbss                                bigbss       000000
__Lbigdata                               bigdata      000000
__Lbigram                                bigram       000000
__Lbigsfr                                bigsfr       000000
__Lbss                                   bss          000000
__LbssCOMRAM                             bssCOMRAM    000000
__Lcinit                                 cinit        000000
__Lclrtext                               clrtext      000000
__Lcomram                                comram       000000
__Lconfig                                config       000000
__Lconst                                 const        000000
__LcstackCOMRAM                          cstackCOMRAM 000000
__Ldata                                  data         000000
__LdataCOMRAM                            dataCOMRAM   000000
__Leeprom_data                           eeprom_data  000000
__Lfarbss                                farbss       000000
__Lfardata                               fardata      000000
__Lheap                                  heap         000000
__Libigdata                              ibigdata     000000
__Lidata                                 idata        000000
__LidataCOMRAM                           idataCOMRAM  000000
__Lidloc                                 idloc        000000
__Lifardata                              ifardata     000000
__Linit                                  init         00003A
__Lintcode                               intcode      000008
__Lintcode_body                          intcode_body 000000
__Lintcodelo                             intcodelo    000018
__Lintentry                              intentry     000000
__Lintret                                intret       000000
__Lintsave_regs                          intsave_regs 000000
__Lirdata                                irdata       000000
__Lmediumconst                           mediumconst  000000
__LnvCOMRAM                              nvCOMRAM     000000
__LnvFARRAM                              nvFARRAM     000000
__Lnvbit                                 nvbit        000000
__Lnvrram                                nvrram       000000
__Lparam                                 rparam       000000
__Lpowerup                               powerup      00003A
__Lram                                   ram          000000
__Lramtop                                ramtop       001000
__Lrbit                                  rbit         000000
__Lrbss                                  rbss         000000
__Lrdata                                 rdata        000000
__Lreset_vec                             reset_vec    000000
__Lrparam                                rparam       000000
__Lsfr                                   sfr          000000
__Lsmallconst                            smallconst   001000
__Lspace_0                               (abs)        000000
__Lspace_1                               (abs)        000000
__Lspace_2                               (abs)        000000
__Lspace_4                               (abs)        000000
__Lstack                                 stack        000000
__Lstruct                                struct       000000
__Ltemp                                  temp         00006B
__Ltext                                  text         000000
__Ltext0                                 text0        000000
__Ltext1                                 text1        000000
__Ltext11                                text11       000000
__Ltext12                                text12       000000
__Ltext13                                text13       000000
__Ltext14                                text14       000000
__Ltext15                                text15       000000
__Ltext16                                text16       000000
__Ltext17                                text17       000000
__Ltext18                                text18       000000
__Ltext2                                 text2        000000
__Ltext20                                text20       000000
__Ltext21                                text21       000000
__Ltext22                                text22       000000
__Ltext23                                text23       000000
__Ltext24                                text24       000000
__Ltext25                                text25       000000
__Ltext26                                text26       000000
__Ltext27                                text27       000000
__Ltext3                                 text3        000000
__Ltext4                                 text4        000000
__Ltext5                                 text5        000000
__Ltext6                                 text6        000000
__Ltext7                                 text7        000000
__Ltext8                                 text8        000000
__Ltext9                                 text9        000000
__S0                                     (abs)        001D0E
__S1                                     (abs)        00006C
__S4                                     (abs)        000000
__S5                                     (abs)        000000
___heap_hi                               (abs)        000000
___heap_lo                               (abs)        000000
___inthi_sp                              stack        000000
___intlo_sp                              stack        000000
___param_bank                            (abs)        000000
___rparam_used                           (abs)        000001
___sp                                    stack        000000
__accesstop                              (abs)        000080
__activetblptr                           (abs)        000003
__end_of_INT0_ISR                        text18       001D02
__end_of_INT1_ISR                        text17       001CFE
__end_of_INT2_ISR                        text16       001CFA
__end_of_InterruptCheck                  text11       001288
__end_of_InterruptManagerHigh            intcode_body 001CF6
__end_of_InterruptManagerLow             intcodelo    00003A
__end_of_RB4_ISR                         text15       001C84
__end_of_RB5_ISR                         text14       001C6A
__end_of_RB6_ISR                         text13       001C50
__end_of_RB7_ISR                         text12       001C36
__end_of__initialization                 cinit        001C12
__end_of_app_initialize                  text5        001BB0
__end_of_gpio_pin_direction_intialize    text9        00164E
__end_of_gpio_pin_intialize              text7        001B76
__end_of_gpio_pin_toggle_logic           text2        001934
__end_of_gpio_pin_write_logic            text8        00177A
__end_of_led_initialize                  text6        001B2C
__end_of_led_turn_off                    text4        001A34
__end_of_led_turn_on                     text3        0019B4
__end_of_led_turn_toggle                 text1        001AB0
__end_of_main                            text0        0018A2
__end_ofi2_INT0_ISR                      text27       001D0E
__end_ofi2_INT1_ISR                      text26       001D0A
__end_ofi2_INT2_ISR                      text25       001D06
__end_ofi2_InterruptCheck                text20       00150A
__end_ofi2_RB4_ISR                       text24       001CEC
__end_ofi2_RB5_ISR                       text23       001CD2
__end_ofi2_RB6_ISR                       text22       001CB8
__end_ofi2_RB7_ISR                       text21       001C9E
__initialization                         cinit        001BE6
__mediumconst                            mediumconst  000000
__pbssCOMRAM                             bssCOMRAM    000037
__pcinit                                 cinit        001BE6
__pcstackCOMRAM                          cstackCOMRAM 000051
__pdataCOMRAM                            dataCOMRAM   000001
__pidataCOMRAM                           idataCOMRAM  001BB0
__pintcode                               intcode      000008
__pintcode_body                          intcode_body 001CEC
__pintcodelo                             intcodelo    000018
__pnvCOMRAM                              nvCOMRAM     00006A
__psmallconst                            smallconst   001000
__ptext0                                 text0        00177A
__ptext1                                 text1        001A34
__ptext11                                text11       001006
__ptext12                                text12       001C1C
__ptext13                                text13       001C36
__ptext14                                text14       001C50
__ptext15                                text15       001C6A
__ptext16                                text16       001CF6
__ptext17                                text17       001CFA
__ptext18                                text18       001CFE
__ptext2                                 text2        0018A2
__ptext20                                text20       001288
__ptext21                                text21       001C84
__ptext22                                text22       001C9E
__ptext23                                text23       001CB8
__ptext24                                text24       001CD2
__ptext25                                text25       001D02
__ptext26                                text26       001D06
__ptext27                                text27       001D0A
__ptext3                                 text3        001934
__ptext4                                 text4        0019B4
__ptext5                                 text5        001B76
__ptext6                                 text6        001AB0
__ptext7                                 text7        001B2C
__ptext8                                 text8        00164E
__ptext9                                 text9        00150A
__ramtop                                 ramtop       001000
__smallconst                             smallconst   001000
_app_initialize                          text5        001B76
_gpio_pin_direction_intialize            text9        00150A
_gpio_pin_intialize                      text7        001B2C
_gpio_pin_toggle_logic                   text2        0018A2
_gpio_pin_write_logic                    text8        00164E
_lat_registers                           dataCOMRAM   00000B
_lcd_1                                   dataCOMRAM   00002D
_lcd_2                                   dataCOMRAM   000023
_led1                                    dataCOMRAM   000036
_led2                                    dataCOMRAM   000035
_led3                                    dataCOMRAM   000034
_led4                                    dataCOMRAM   000033
_led_initialize                          text6        001AB0
_led_turn_off                            text4        0019B4
_led_turn_on                             text3        001934
_led_turn_toggle                         text1        001A34
_main                                    text0        00177A
_port_registers                          dataCOMRAM   000001
_ret                                     nvCOMRAM     00006A
_tris_registers                          dataCOMRAM   000015
btemp                                    temp         00006B
end_of_initialization                    cinit        001C12
gpio_pin_direction_intialize@_pin_config cstackCOMRAM 000056
gpio_pin_direction_intialize@ret         cstackCOMRAM 00005E
gpio_pin_intialize@_pin_config           cstackCOMRAM 000060
gpio_pin_intialize@ret                   cstackCOMRAM 000062
gpio_pin_toggle_logic@_pin_config        cstackCOMRAM 000056
gpio_pin_write_logic@_pin_config         cstackCOMRAM 000056
gpio_pin_write_logic@logic               cstackCOMRAM 000058
gpio_pin_write_logic@ret                 cstackCOMRAM 00005F
i2RB4_ISR@RB4_Source                     cstackCOMRAM 000051
i2RB5_ISR@RB5_Source                     cstackCOMRAM 000051
i2RB6_ISR@RB6_Source                     cstackCOMRAM 000051
i2RB7_ISR@RB7_Source                     cstackCOMRAM 000051
i2_INT0_ISR                              text27       001D0A
i2_INT1_ISR                              text26       001D06
i2_INT2_ISR                              text25       001D02
i2_InterruptCheck                        text20       001288
i2_RB4_ISR                               text24       001CD2
i2_RB5_ISR                               text23       001CB8
i2_RB6_ISR                               text22       001C9E
i2_RB7_ISR                               text21       001C84
int$flags                                temp         00006B
int_func                                 intcode_body 001CEC
intlevel0                                text         000000
intlevel1                                text         000000
intlevel2                                text         000000
intlevel3                                text         000000
isa$std                                  (abs)        000001
isa$xinst                                (abs)        000000
led_initialize@F3048                     bssCOMRAM    000050
led_initialize@led                       cstackCOMRAM 000063
led_initialize@pin_obj                   cstackCOMRAM 000067
led_initialize@ret                       cstackCOMRAM 000066
led_turn_off@F3058                       bssCOMRAM    00004E
led_turn_off@led                         cstackCOMRAM 000060
led_turn_off@pin_obj                     cstackCOMRAM 000064
led_turn_off@ret                         cstackCOMRAM 000063
led_turn_on@F3053                        bssCOMRAM    00004F
led_turn_on@led                          cstackCOMRAM 000060
led_turn_on@pin_obj                      cstackCOMRAM 000064
led_turn_on@ret                          cstackCOMRAM 000063
led_turn_toggle@F3063                    bssCOMRAM    00004D
led_turn_toggle@led                      cstackCOMRAM 00005D
led_turn_toggle@pin_obj                  cstackCOMRAM 000061
led_turn_toggle@ret                      cstackCOMRAM 000060
stackhi                                  (abs)        000000
stacklo                                  (abs)        000000
start                                    init         00003A
start_initialization                     cinit        001BE6
ttemp5                                   temp         00006C
ttemp6                                   temp         00006F
ttemp7                                   temp         000073
wtemp8                                   temp         00006C


MODULE INFORMATION

Module		Function		Class		Link	Load	Size
shared
		i2_RB6_ISR     		CODE           	1C9E	0000	26
		i2_INT1_ISR    		CODE           	1D06	0000	4
		i2_RB7_ISR     		CODE           	1C84	0000	26
		__initialization		CODE           	1BE6	0000	44
		i2_InterruptCheck		CODE           	1288	0000	642
		i2_INT2_ISR    		CODE           	1D02	0000	4
		i2_RB4_ISR     		CODE           	1CD2	0000	26
		i2_INT0_ISR    		CODE           	1D0A	0000	4
		i2_RB5_ISR     		CODE           	1CB8	0000	26

shared estimated size: 802

MCAL_Layer/Interrupt/mcal_interrupt_manager.c
		_InterruptCheck		CODE           	1006	0000	642
		_InterruptManagerLow		CODE           	0018	0000	34
		_InterruptManagerHigh		CODE           	0008	0000	16

MCAL_Layer/Interrupt/mcal_interrupt_manager.c estimated size: 692

MCAL_Layer/GPIO/hal_gpio.c
		_gpio_pin_write_logic		CODE           	164E	0000	300
		_gpio_pin_intialize		CODE           	1B2C	0000	74
		_gpio_pin_direction_intialize		CODE           	150A	0000	324
		_gpio_pin_toggle_logic		CODE           	18A2	0000	146

MCAL_Layer/GPIO/hal_gpio.c estimated size: 844

ECU_Layer/LED/ecu_led.c
		_led_turn_toggle		CODE           	1A34	0000	124
		_led_initialize		CODE           	1AB0	0000	124
		_led_turn_on   		CODE           	1934	0000	128
		_led_turn_off  		CODE           	19B4	0000	128

ECU_Layer/LED/ecu_led.c estimated size: 504

application.c
		_main          		CODE           	177A	0000	296
		_app_initialize		CODE           	1B76	0000	58

application.c estimated size: 354

mcal_external_interrupt.c
		_RB4_ISR       		CODE           	1C6A	0000	26
		_RB5_ISR       		CODE           	1C50	0000	26
		_RB6_ISR       		CODE           	1C36	0000	26
		_RB7_ISR       		CODE           	1C1C	0000	26
		_INT0_ISR      		CODE           	1CFE	0000	4
		_INT1_ISR      		CODE           	1CFA	0000	4
		_INT2_ISR      		CODE           	1CF6	0000	4

mcal_external_interrupt.c estimated size: 116

