Microchip MPLAB XC8 Compiler V2.41

Linker command line:

-W-3 \
  --edf=C:\Program Files\Microchip\xc8\v2.41\pic\dat\20230208172133_en.msgs \
  -cn -h+dist/default/production\LCD_Driver.production.sym \
  --cmf=dist/default/production\LCD_Driver.production.cmf -z -Q18F4620 \
  -oC:\Users\Belal\AppData\Local\Temp\xcAsfno.\driver_tmp_3.o \
  --defsym=__MPLAB_BUILD=1 --fixupoverflow=error \
  -Mdist/default/production/LCD_Driver.production.map \
  --md=C:\Users\Belal\AppData\Local\Temp\xcAsfno.\driver_tmp_0.dat -E1 \
  -ver=XC8 Compiler --acfsm=1493 -ACODE=00h-0FFFFh -ACONST=00h-0FFFFh \
  -ASMALLCONST=01000h-010FFhx240 -AMEDIUMCONST=01000h-0FFFFh \
  -ACOMRAM=01h-07Fh -AABS1=00h-0F7Fh -ABIGRAM=01h-0F7Fh \
  -ARAM=080h-0FFh,0100h-01FFhx14,0F00h-0F7Fh -ABANK0=080h-0FFh \
  -ABANK1=0100h-01FFh -ABANK2=0200h-02FFh -ABANK3=0300h-03FFh \
  -ABANK4=0400h-04FFh -ABANK5=0500h-05FFh -ABANK6=0600h-06FFh \
  -ABANK7=0700h-07FFh -ABANK8=0800h-08FFh -ABANK9=0900h-09FFh \
  -ABANK10=0A00h-0AFFh -ABANK11=0B00h-0BFFh -ABANK12=0C00h-0CFFh \
  -ABANK13=0D00h-0DFFh -ABANK14=0E00h-0EFFh -ABANK15=0F00h-0F7Fh \
  -ASFR=0F80h-0FFFh -ABIGSFR=0F80h-0FFFh -ACONFIG=0300000h-030000Dh \
  -AIDLOC=0200000h-0200007h -AEEDATA=0F00000h-0F003FFh -peeprom_data=EEDATA \
  -preset_vec=00h,intcode=08h,intcodelo=018h,powerup,init -pramtop=01000h \
  -psmallconst=SMALLCONST -pmediumconst=MEDIUMCONST -pconst=CONST \
  -AFARRAM=00h-00h \
  -prdata=COMRAM,nvrram=COMRAM,nvbit=COMRAM,rbss=COMRAM,rbit=COMRAM \
  -pfarbss=FARRAM,fardata=FARRAM,nvFARRAM=FARRAM \
  -pintsave_regs=BIGRAM,bigbss=BIGRAM,bigdata=BIGRAM -pbss=RAM \
  -pidata=CODE,irdata=CODE,ibigdata=CODE,ifardata=CODE -prparam=COMRAM \
  C:\Users\Belal\AppData\Local\Temp\xcAsfno.\driver_tmp_9.o \
  dist/default/production\LCD_Driver.production.o 

Object code version is 3.11

Machine type is 18F4620



                Name                               Link     Load   Length Selector   Space Scale
C:\Users\Belal\AppData\Local\Temp\xcAsfno.\driver_tmp_9.o
                idloc                            200000   200000        8        0       5
                config                           300000   300000        E        0       4
                init                                 6A       6A        4        C       0
                reset_vec                             0        0        4        0       0
dist/default/production\LCD_Driver.production.o
                intcodelo                            18       18       52        C       0
                intcode                               8        8        6        4       0
                idloc                            200000   200000        8        0       5
                config                           300000   300000        E        0       4
                temp                                 5A       5A        1        1       1
                smallconst                         1000     1000        C      800       0
                text71                             36EA     36EA        4      806       0
                text70                             3226     3226       38      806       0
                text69                             350C     350C       20      806       0
                text68                             2FA4     2FA4       62      806       0
                text67                             3454     3454       2E      806       0
                text66                             36E6     36E6        4      806       0
                text65                             36F0     36F0        2      806       0
                text64                             2CB2     2CB2       92      806       0
                text63                             2EC6     2EC6       72      806       0
                text62                             368A     368A        E      806       0
                text61                             3426     3426       2E      806       0
                text60                             36E2     36E2        4      806       0
                text59                             36DE     36DE        4      806       0
                text58                             36DA     36DA        4      806       0
                text57                             3618     3618       1A      806       0
                text56                             35FE     35FE       1A      806       0
                text55                             35E4     35E4       1A      806       0
                text54                             35CA     35CA       1A      806       0
                text53                             36A4     36A4        C      806       0
                text52                             36B8     36B8        8      806       0
                text51                             367A     367A       10      806       0
                text50                             3300     3300       36      806       0
                text49                             3064     3064       5E      806       0
                text48                             34EC     34EC       20      806       0
                text47                             3482     3482       2A      806       0
                text46                             32CA     32CA       36      806       0
                text45                             21DC     21DC      3A2      806       0
                intcode_body                       31B4     31B4       3A      806       0
                text43                             36D6     36D6        4      806       0
                text42                             31EE     31EE       38      806       0
                text41                             34CC     34CC       20      806       0
                text40                             2F38     2F38       6C      806       0
                text39                             33F8     33F8       2E      806       0
                text38                             36D2     36D2        4      806       0
                text37                             36EE     36EE        2      806       0
                text36                             2C20     2C20       92      806       0
                text35                             2E54     2E54       72      806       0
                text34                             3662     3662       18      806       0
                text33                             33CA     33CA       2E      806       0
                text32                             36CE     36CE        4      806       0
                text31                             36CA     36CA        4      806       0
                text30                             36C6     36C6        4      806       0
                text29                             35B0     35B0       1A      806       0
                text28                             3596     3596       1A      806       0
                text27                             357C     357C       1A      806       0
                text26                             3562     3562       1A      806       0
                text25                             3698     3698        C      806       0
                text24                             36B0     36B0        8      806       0
                text23                             3548     3548       1A      806       0
                text22                             3294     3294       36      806       0
                text21                             3006     3006       5E      806       0
                text20                             34AC     34AC       20      806       0
                text19                             3336     3336       34      806       0
                text18                             325E     325E       36      806       0
                text17                             1E3A     1E3A      3A2      806       0
                text15                             364A     364A       18      806       0
                text14                             30C2     30C2       56      806       0
                text13                             2AA8     2AA8       D0      806       0
                text12                             2B78     2B78       A8      806       0
                text11                             1514     1514      4F8      806       0
                text10                             1A0C     1A0C      42E      806       0
                text9                              29A2     29A2      106      806       0
                text8                              257E     257E      1B4      806       0
                text7                              100C     100C      508      806       0
                text6                              3118     3118       52      806       0
                text5                              2732     2732      144      806       0
                text4                              2876     2876      12C      806       0
                text3                              316A     316A       4A      806       0
                text2                              2DD2     2DD2       82      806       0
                text1                              352C     352C       1C      806       0
                text0                              3632     3632       18      806       0
                cstackCOMRAM                          1        1       35        1       1
                cstackBANK0                          EE       EE       12       80       1
                cstackBANK1                         12E      12E       24      100       1
                dataBANK1                           100      100       2E      100       1
                bssBANK1                            152      152        B      100       1
                dataBANK0                            BC       BC       32       80       1
                bssBANK0                             80       80       3C       80       1
                dataCOMRAM                           54       54        6        1       1
                bssCOMRAM                            36       36       1E        1       1
                cinit                              2D44     2D44       8E      806       0
                idataBANK1                         339C     339C       2E      806       0
                idataBANK0                         336A     336A       32      806       0
                idataCOMRAM                        36C0     36C0        6      806       0

TOTAL           Name                               Link     Load   Length     Space
        CLASS   CODE           
                intcodelo                            18       18       52         0
                intcode                               8        8        6         0
                init                                 6A       6A        4         0
                reset_vec                             0        0        4         0
                text71                             36EA     36EA        4         0
                text70                             3226     3226       38         0
                text69                             350C     350C       20         0
                text68                             2FA4     2FA4       62         0
                text67                             3454     3454       2E         0
                text66                             36E6     36E6        4         0
                text65                             36F0     36F0        2         0
                text64                             2CB2     2CB2       92         0
                text63                             2EC6     2EC6       72         0
                text62                             368A     368A        E         0
                text61                             3426     3426       2E         0
                text60                             36E2     36E2        4         0
                text59                             36DE     36DE        4         0
                text58                             36DA     36DA        4         0
                text57                             3618     3618       1A         0
                text56                             35FE     35FE       1A         0
                text55                             35E4     35E4       1A         0
                text54                             35CA     35CA       1A         0
                text53                             36A4     36A4        C         0
                text52                             36B8     36B8        8         0
                text51                             367A     367A       10         0
                text50                             3300     3300       36         0
                text49                             3064     3064       5E         0
                text48                             34EC     34EC       20         0
                text47                             3482     3482       2A         0
                text46                             32CA     32CA       36         0
                text45                             21DC     21DC      3A2         0
                intcode_body                       31B4     31B4       3A         0
                text43                             36D6     36D6        4         0
                text42                             31EE     31EE       38         0
                text41                             34CC     34CC       20         0
                text40                             2F38     2F38       6C         0
                text39                             33F8     33F8       2E         0
                text38                             36D2     36D2        4         0
                text37                             36EE     36EE        2         0
                text36                             2C20     2C20       92         0
                text35                             2E54     2E54       72         0
                text34                             3662     3662       18         0
                text33                             33CA     33CA       2E         0
                text32                             36CE     36CE        4         0
                text31                             36CA     36CA        4         0
                text30                             36C6     36C6        4         0
                text29                             35B0     35B0       1A         0
                text28                             3596     3596       1A         0
                text27                             357C     357C       1A         0
                text26                             3562     3562       1A         0
                text25                             3698     3698        C         0
                text24                             36B0     36B0        8         0
                text23                             3548     3548       1A         0
                text22                             3294     3294       36         0
                text21                             3006     3006       5E         0
                text20                             34AC     34AC       20         0
                text19                             3336     3336       34         0
                text18                             325E     325E       36         0
                text17                             1E3A     1E3A      3A2         0
                text15                             364A     364A       18         0
                text14                             30C2     30C2       56         0
                text13                             2AA8     2AA8       D0         0
                text12                             2B78     2B78       A8         0
                text11                             1514     1514      4F8         0
                text10                             1A0C     1A0C      42E         0
                text9                              29A2     29A2      106         0
                text8                              257E     257E      1B4         0
                text7                              100C     100C      508         0
                text6                              3118     3118       52         0
                text5                              2732     2732      144         0
                text4                              2876     2876      12C         0
                text3                              316A     316A       4A         0
                text2                              2DD2     2DD2       82         0
                text1                              352C     352C       1C         0
                text0                              3632     3632       18         0
                cinit                              2D44     2D44       8E         0
                idataBANK1                         339C     339C       2E         0
                idataBANK0                         336A     336A       32         0
                idataCOMRAM                        36C0     36C0        6         0

        CLASS   CONST          

        CLASS   SMALLCONST     
                smallconst                         1000     1000        C         0

        CLASS   MEDIUMCONST    

        CLASS   COMRAM         
                temp                                 5A       5A        1         1
                cstackCOMRAM                          1        1       35         1
                dataCOMRAM                           54       54        6         1
                bssCOMRAM                            36       36       1E         1

        CLASS   ABS1           

        CLASS   BIGRAM         

        CLASS   RAM            

        CLASS   BANK0          
                cstackBANK0                          EE       EE       12         1
                dataBANK0                            BC       BC       32         1
                bssBANK0                             80       80       3C         1

        CLASS   BANK1          
                cstackBANK1                         12E      12E       24         1
                dataBANK1                           100      100       2E         1
                bssBANK1                            152      152        B         1

        CLASS   BANK2          

        CLASS   BANK3          

        CLASS   BANK4          

        CLASS   BANK5          

        CLASS   BANK6          

        CLASS   BANK7          

        CLASS   BANK8          

        CLASS   BANK9          

        CLASS   BANK10         

        CLASS   BANK11         

        CLASS   BANK12         

        CLASS   BANK13         

        CLASS   BANK14         

        CLASS   BANK15         

        CLASS   SFR            

        CLASS   BIGSFR         

        CLASS   CONFIG         
                config                           300000   300000        E         4

        CLASS   IDLOC          
                idloc                            200000   200000        8         5

        CLASS   EEDATA         

        CLASS   FARRAM         

        CLASS   HEAP           

        CLASS   STACK          



SEGMENTS        Name                           Load    Length   Top    Selector   Space  Class

                reset_vec                      000000  000004  000004         0       0  CODE    
                cstackCOMRAM                   000001  00005A  00005B         1       1  COMRAM  
                intcode                        000008  000006  00000E         4       0  CODE    
                intcodelo                      000018  000056  00006E         C       0  CODE    
                bssBANK0                       000080  000080  000100        80       1  BANK0   
                dataBANK1                      000100  00005D  00015D       100       1  BANK1   
                smallconst                     001000  00000C  00100C       800       0  SMALLCON
                text7                          00100C  0026E6  0036F2       806       0  CODE    


UNUSED ADDRESS RANGES

        Name                Unused          Largest block    Delta
        BANK1            00015D-0001FF               A3
        BANK10           000A00-000AFF              100
        BANK11           000B00-000BFF              100
        BANK12           000C00-000CFF              100
        BANK13           000D00-000DFF              100
        BANK14           000E00-000EFF              100
        BANK15           000F00-000F7F               80
        BANK2            000200-0002FF              100
        BANK3            000300-0003FF              100
        BANK4            000400-0004FF              100
        BANK5            000500-0005FF              100
        BANK6            000600-0006FF              100
        BANK7            000700-0007FF              100
        BANK8            000800-0008FF              100
        BANK9            000900-0009FF              100
        BIGRAM           00005B-00007F               25
                         00015D-000F7F              E23
        BIGSFR           000F80-000FFF               80
        CODE             000004-000007                4
                         00000E-000017                A
                         00006E-000FFF              F92
                         0036F2-00FFFF             C90E
        COMRAM           00005B-00007F               25
        CONST            000004-000007                4
                         00000E-000017                A
                         00006E-000FFF              F92
                         0036F2-00FFFF             C90E
        EEDATA           F00000-F003FF              400
        MEDIUMCONST      0036F2-00FFFF             C90E
        RAM              00015D-000F7F              100
        SFR              000F80-000FFF               80
        SMALLCONST       0036F2-00FFFF              100

                                  Symbol Table

?___fladd                                         cstackBANK1  00013B
?___fldiv                                         cstackBANK0  0000EE
?___fltol                                         cstackCOMRAM 000026
?___xxtofl                                        cstackCOMRAM 000026
CCP1_Capture_Mode_Read_Value@F3086                bssBANK0     0000A0
CCP1_Capture_Mode_Read_Value@_capture_value       cstackCOMRAM 000012
CCP1_Capture_Mode_Read_Value@compare_temp_value   cstackCOMRAM 000014
CCP2_Capture_Mode_Read_Value@F3086                bssBANK0     000096
EUSART_ASYNC_Init@_eusart                         cstackBANK1  00014F
EUSART_ASYNC_Init@ret                             cstackBANK1  000151
EUSART_ASYNC_RX_Init@_eusart                      cstackCOMRAM 000026
EUSART_ASYNC_TX_Init@_eusart                      cstackCOMRAM 000026
EUSART_ASYNC_WriteByteBlocking@_data              cstackCOMRAM 000026
EUSART_ASYNC_WriteStringBlocking@_data            cstackCOMRAM 000027
EUSART_ASYNC_WriteStringBlocking@ret              cstackCOMRAM 000029
EUSART_Baud_Rate_Calculation@Baud_Rate_Temp       cstackBANK1  000147
EUSART_Baud_Rate_Calculation@_eusart              cstackBANK0  0000FE
RB4_ISR@RB4_Source                                cstackCOMRAM 000012
RB5_ISR@RB5_Source                                cstackCOMRAM 000012
RB6_ISR@RB6_Source                                cstackCOMRAM 000012
RB7_ISR@RB7_Source                                cstackCOMRAM 000012
Timer1_Read_value@_timer                          cstackCOMRAM 000012
Timer1_Read_value@_value                          cstackCOMRAM 000014
Timer1_Read_value@tmr1h                           cstackCOMRAM 000019
Timer1_Read_value@tmr1l                           cstackCOMRAM 000018
Timer1_Write_value@_timer                         cstackCOMRAM 000012
Timer1_Write_value@_value                         cstackCOMRAM 000014
Timer3_Write_value@_timer                         cstackCOMRAM 000012
Timer3_Write_value@_value                         cstackCOMRAM 000014
_ADCON0bits                                       (abs)        000FC2
_ADCON1bits                                       (abs)        000FC1
_ADCON2bits                                       (abs)        000FC0
_ADC_ISR                                          text43       0036D6
_ADC_InterruptHandler                             bssCOMRAM    000044
_ADRESH                                           (abs)        000FC4
_ADRESL                                           (abs)        000FC3
_BAUDCONbits                                      (abs)        000FB8
_CCP1CONbits                                      (abs)        000FBD
_CCP1_Capture_Mode_Read_Value                     text42       0031EE
_CCP1_ISR                                         text39       0033F8
_CCP1_InterruptHandler                            bssCOMRAM    000038
_CCP1_Interrupt_flag                              bssCOMRAM    000049
_CCP1_Interrupt_flag_2                            bssCOMRAM    000048
_CCP1_interruptHundler                            text40       002F38
_CCP1_interruptHundler$intlevel1                  text40       002F42
_CCP2CONbits                                      (abs)        000FBA
_CCP2_ISR                                         text38       0036D2
_CCP2_InterruptHandler                            bssBANK0     000098
_CCPR1H                                           (abs)        000FBF
_CCPR1L                                           (abs)        000FBE
_CCPR2H                                           (abs)        000FBC
_CCPR2L                                           (abs)        000FBB
_EEADR                                            (abs)        000FA9
_EEADRH                                           (abs)        000FAA
_EECON1bits                                       (abs)        000FA6
_EECON2                                           (abs)        000FA7
_EEDATA                                           (abs)        000FA8
_EUSART_ASYNC_Init                                text6        003118
_EUSART_ASYNC_RX_Init                             text13       002AA8
_EUSART_ASYNC_TX_Init                             text12       002B78
_EUSART_ASYNC_WriteByteBlocking                   text15       00364A
_EUSART_ASYNC_WriteStringBlocking                 text14       0030C2
_EUSART_Baud_Rate_Calculation                     text7        00100C
_EUSART_Baud_Rate_Calculation$5227                cstackBANK1  00014B
_EUSART_FramingErrorHandler                       bssBANK0     00009C
_EUSART_OverrunErrorHandler                       bssBANK0     00009A
_EUSART_RX_ISR                                    text37       0036EE
_EUSART_Rx_InterruptHandler                       bssBANK0     00009E
_EUSART_TX_ISR                                    text33       0033CA
_EUSART_Tx_InterruptHandler                       text34       003662
_EUSART_Tx_InterruptHandler$intlevel1             text34       00366C
_EUSART_Tx_InterruptHandler@hal_usart$F3917       bssCOMRAM    000036
_INT0_ISR                                         text32       0036CE
_INT0_InterruptHandler                            bssBANK0     0000BA
_INT1_ISR                                         text31       0036CA
_INT1_InterruptHandler                            bssBANK0     0000B8
_INT2_ISR                                         text30       0036C6
_INT2_InterruptHandler                            bssBANK0     0000B6
_INTCON2bits                                      (abs)        000FF1
_INTCON3bits                                      (abs)        000FF0
_INTCONbits                                       (abs)        000FF2
_IPR1bits                                         (abs)        000F9F
_IPR2bits                                         (abs)        000FA2
_InterruptCheck                                   text17       001E3A
_InterruptManagerHigh                             intcode      000008
_InterruptManagerLow                              intcodelo    000018
_LATA                                             (abs)        000F89
_LATB                                             (abs)        000F8A
_LATC                                             (abs)        000F8B
_LATD                                             (abs)        000F8C
_LATE                                             (abs)        000F8D
_PIE1bits                                         (abs)        000F9D
_PIE2bits                                         (abs)        000FA0
_PIR1bits                                         (abs)        000F9E
_PIR2bits                                         (abs)        000FA1
_PORTA                                            (abs)        000F80
_PORTB                                            (abs)        000F81
_PORTBbits                                        (abs)        000F81
_PORTC                                            (abs)        000F82
_PORTD                                            (abs)        000F83
_PORTE                                            (abs)        000F84
_RB4_Flag                                         dataCOMRAM   000058
_RB4_ISR                                          text29       0035B0
_RB4_InterruptHandler_HIGH                        bssBANK0     0000B4
_RB4_InterruptHandler_LOW                         bssBANK0     0000B2
_RB5_Flag                                         dataCOMRAM   000057
_RB5_ISR                                          text28       003596
_RB5_InterruptHandler_HIGH                        bssBANK0     0000B0
_RB5_InterruptHandler_LOW                         bssBANK0     0000AE
_RB6_Flag                                         dataCOMRAM   000056
_RB6_ISR                                          text27       00357C
_RB6_InterruptHandler_HIGH                        bssBANK0     0000AC
_RB6_InterruptHandler_LOW                         bssBANK0     0000AA
_RB7_Flag                                         dataCOMRAM   000055
_RB7_ISR                                          text26       003562
_RB7_InterruptHandler_HIGH                        bssBANK0     0000A8
_RB7_InterruptHandler_LOW                         bssBANK0     0000A6
_RCONbits                                         (abs)        000FD0
_RCREG                                            (abs)        000FAE
_RCSTAbits                                        (abs)        000FAB
_SPBRG                                            (abs)        000FAF
_SPBRGH                                           (abs)        000FB0
_T0CONbits                                        (abs)        000FD5
_T1CONbits                                        (abs)        000FCD
_T2CONbits                                        (abs)        000FCA
_T3CONbits                                        (abs)        000FB1
_TMR0H                                            (abs)        000FD7
_TMR0L                                            (abs)        000FD6
_TMR0_InterruptHandler                            bssCOMRAM    000042
_TMR1H                                            (abs)        000FCF
_TMR1L                                            (abs)        000FCE
_TMR1_ISR                                         text25       003698
_TMR1_InterruptHandler                            bssBANK0     0000A4
_TMR2                                             (abs)        000FCC
_TMR2_ISR                                         text24       0036B0
_TMR2_InterruptHandler                            bssBANK0     0000A2
_TMR3H                                            (abs)        000FB3
_TMR3L                                            (abs)        000FB2
_TMR3_ISR                                         text22       003294
_TMR3_InterruptHandler                            bssCOMRAM    00003C
_TMRO_ISR                                         text18       00325E
_TRISA                                            (abs)        000F92
_TRISB                                            (abs)        000F93
_TRISC                                            (abs)        000F94
_TRISCbits                                        (abs)        000F94
_TRISD                                            (abs)        000F95
_TRISE                                            (abs)        000F96
_TXREG                                            (abs)        000FAD
_TXSTAbits                                        (abs)        000FAC
_Timer1_Read_value                                text21       003006
_Timer1_Write_value                               text20       0034AC
_Timer3_Write_value                               text41       0034CC
_Total_period_microSecond                         bssBANK0     00008A
__HRAM                                            (abs)        000000
__H__absolute__                                   __absolute__ 000000
__Habs1                                           abs1         000000
__Hbank0                                          bank0        000000
__Hbank1                                          bank1        000000
__Hbank10                                         bank10       000000
__Hbank11                                         bank11       000000
__Hbank12                                         bank12       000000
__Hbank13                                         bank13       000000
__Hbank14                                         bank14       000000
__Hbank15                                         bank15       000000
__Hbank2                                          bank2        000000
__Hbank3                                          bank3        000000
__Hbank4                                          bank4        000000
__Hbank5                                          bank5        000000
__Hbank6                                          bank6        000000
__Hbank7                                          bank7        000000
__Hbank8                                          bank8        000000
__Hbank9                                          bank9        000000
__Hbigbss                                         bigbss       000000
__Hbigdata                                        bigdata      000000
__Hbigram                                         bigram       000000
__Hbigsfr                                         bigsfr       000000
__Hbss                                            bss          000000
__HbssBANK0                                       bssBANK0     000000
__HbssBANK1                                       bssBANK1     000000
__HbssCOMRAM                                      bssCOMRAM    000000
__Hcinit                                          cinit        000000
__Hclrtext                                        clrtext      000000
__Hcomram                                         comram       000000
__Hconfig                                         config       30000E
__Hconst                                          const        000000
__HcstackBANK0                                    cstackBANK0  000000
__HcstackBANK1                                    cstackBANK1  000000
__HcstackCOMRAM                                   cstackCOMRAM 000000
__Hdata                                           data         000000
__HdataBANK0                                      dataBANK0    000000
__HdataBANK1                                      dataBANK1    000000
__HdataCOMRAM                                     dataCOMRAM   000000
__Heeprom_data                                    eeprom_data  000000
__Hfarbss                                         farbss       000000
__Hfardata                                        fardata      000000
__Hheap                                           heap         000000
__Hibigdata                                       ibigdata     000000
__Hidata                                          idata        000000
__HidataBANK0                                     idataBANK0   000000
__HidataBANK1                                     idataBANK1   000000
__HidataCOMRAM                                    idataCOMRAM  000000
__Hidloc                                          idloc        200008
__Hifardata                                       ifardata     000000
__Hinit                                           init         00006E
__Hintcode                                        intcode      00000E
__Hintcode_body                                   intcode_body 000000
__Hintcodelo                                      intcodelo    00006A
__Hintentry                                       intentry     000000
__Hintret                                         intret       000000
__Hintsave_regs                                   intsave_regs 000000
__Hirdata                                         irdata       000000
__Hmediumconst                                    mediumconst  000000
__HnvFARRAM                                       nvFARRAM     000000
__Hnvbit                                          nvbit        000000
__Hnvrram                                         nvrram       000000
__Hparam                                          rparam       000000
__Hpowerup                                        powerup      00006A
__Hram                                            ram          000000
__Hramtop                                         ramtop       001000
__Hrbit                                           rbit         000000
__Hrbss                                           rbss         000000
__Hrdata                                          rdata        000000
__Hreset_vec                                      reset_vec    000004
__Hrparam                                         rparam       000000
__Hsfr                                            sfr          000000
__Hsmallconst                                     smallconst   00100C
__Hspace_0                                        (abs)        0036F2
__Hspace_1                                        (abs)        00015D
__Hspace_2                                        (abs)        000000
__Hspace_4                                        (abs)        60000E
__Hstack                                          stack        000000
__Hstruct                                         struct       000000
__Htemp                                           temp         00005B
__Htext                                           text         000000
__Htext0                                          text0        000000
__Htext1                                          text1        000000
__Htext10                                         text10       000000
__Htext11                                         text11       000000
__Htext12                                         text12       000000
__Htext13                                         text13       000000
__Htext14                                         text14       000000
__Htext15                                         text15       000000
__Htext17                                         text17       000000
__Htext18                                         text18       000000
__Htext19                                         text19       000000
__Htext2                                          text2        000000
__Htext20                                         text20       000000
__Htext21                                         text21       000000
__Htext22                                         text22       000000
__Htext23                                         text23       000000
__Htext24                                         text24       000000
__Htext25                                         text25       000000
__Htext26                                         text26       000000
__Htext27                                         text27       000000
__Htext28                                         text28       000000
__Htext29                                         text29       000000
__Htext3                                          text3        000000
__Htext30                                         text30       000000
__Htext31                                         text31       000000
__Htext32                                         text32       000000
__Htext33                                         text33       000000
__Htext34                                         text34       000000
__Htext35                                         text35       000000
__Htext36                                         text36       000000
__Htext37                                         text37       000000
__Htext38                                         text38       000000
__Htext39                                         text39       000000
__Htext4                                          text4        000000
__Htext40                                         text40       000000
__Htext41                                         text41       000000
__Htext42                                         text42       000000
__Htext43                                         text43       000000
__Htext45                                         text45       000000
__Htext46                                         text46       000000
__Htext47                                         text47       000000
__Htext48                                         text48       000000
__Htext49                                         text49       000000
__Htext5                                          text5        000000
__Htext50                                         text50       000000
__Htext51                                         text51       000000
__Htext52                                         text52       000000
__Htext53                                         text53       000000
__Htext54                                         text54       000000
__Htext55                                         text55       000000
__Htext56                                         text56       000000
__Htext57                                         text57       000000
__Htext58                                         text58       000000
__Htext59                                         text59       000000
__Htext6                                          text6        000000
__Htext60                                         text60       000000
__Htext61                                         text61       000000
__Htext62                                         text62       000000
__Htext63                                         text63       000000
__Htext64                                         text64       000000
__Htext65                                         text65       000000
__Htext66                                         text66       000000
__Htext67                                         text67       000000
__Htext68                                         text68       000000
__Htext69                                         text69       000000
__Htext7                                          text7        000000
__Htext70                                         text70       000000
__Htext71                                         text71       000000
__Htext72                                         text72       000000
__Htext8                                          text8        000000
__Htext9                                          text9        000000
__LRAM                                            (abs)        000001
__L__absolute__                                   __absolute__ 000000
__Labs1                                           abs1         000000
__Lbank0                                          bank0        000000
__Lbank1                                          bank1        000000
__Lbank10                                         bank10       000000
__Lbank11                                         bank11       000000
__Lbank12                                         bank12       000000
__Lbank13                                         bank13       000000
__Lbank14                                         bank14       000000
__Lbank15                                         bank15       000000
__Lbank2                                          bank2        000000
__Lbank3                                          bank3        000000
__Lbank4                                          bank4        000000
__Lbank5                                          bank5        000000
__Lbank6                                          bank6        000000
__Lbank7                                          bank7        000000
__Lbank8                                          bank8        000000
__Lbank9                                          bank9        000000
__Lbigbss                                         bigbss       000000
__Lbigdata                                        bigdata      000000
__Lbigram                                         bigram       000000
__Lbigsfr                                         bigsfr       000000
__Lbss                                            bss          000000
__LbssBANK0                                       bssBANK0     000000
__LbssBANK1                                       bssBANK1     000000
__LbssCOMRAM                                      bssCOMRAM    000000
__Lcinit                                          cinit        000000
__Lclrtext                                        clrtext      000000
__Lcomram                                         comram       000000
__Lconfig                                         config       000000
__Lconst                                          const        000000
__LcstackBANK0                                    cstackBANK0  000000
__LcstackBANK1                                    cstackBANK1  000000
__LcstackCOMRAM                                   cstackCOMRAM 000000
__Ldata                                           data         000000
__LdataBANK0                                      dataBANK0    000000
__LdataBANK1                                      dataBANK1    000000
__LdataCOMRAM                                     dataCOMRAM   000000
__Leeprom_data                                    eeprom_data  000000
__Lfarbss                                         farbss       000000
__Lfardata                                        fardata      000000
__Lheap                                           heap         000000
__Libigdata                                       ibigdata     000000
__Lidata                                          idata        000000
__LidataBANK0                                     idataBANK0   000000
__LidataBANK1                                     idataBANK1   000000
__LidataCOMRAM                                    idataCOMRAM  000000
__Lidloc                                          idloc        000000
__Lifardata                                       ifardata     000000
__Linit                                           init         00006A
__Lintcode                                        intcode      000008
__Lintcode_body                                   intcode_body 000000
__Lintcodelo                                      intcodelo    000018
__Lintentry                                       intentry     000000
__Lintret                                         intret       000000
__Lintsave_regs                                   intsave_regs 000000
__Lirdata                                         irdata       000000
__Lmediumconst                                    mediumconst  000000
__LnvFARRAM                                       nvFARRAM     000000
__Lnvbit                                          nvbit        000000
__Lnvrram                                         nvrram       000000
__Lparam                                          rparam       000000
__Lpowerup                                        powerup      00006A
__Lram                                            ram          000000
__Lramtop                                         ramtop       001000
__Lrbit                                           rbit         000000
__Lrbss                                           rbss         000000
__Lrdata                                          rdata        000000
__Lreset_vec                                      reset_vec    000000
__Lrparam                                         rparam       000000
__Lsfr                                            sfr          000000
__Lsmallconst                                     smallconst   001000
__Lspace_0                                        (abs)        000000
__Lspace_1                                        (abs)        000000
__Lspace_2                                        (abs)        000000
__Lspace_4                                        (abs)        000000
__Lstack                                          stack        000000
__Lstruct                                         struct       000000
__Ltemp                                           temp         00005A
__Ltext                                           text         000000
__Ltext0                                          text0        000000
__Ltext1                                          text1        000000
__Ltext10                                         text10       000000
__Ltext11                                         text11       000000
__Ltext12                                         text12       000000
__Ltext13                                         text13       000000
__Ltext14                                         text14       000000
__Ltext15                                         text15       000000
__Ltext17                                         text17       000000
__Ltext18                                         text18       000000
__Ltext19                                         text19       000000
__Ltext2                                          text2        000000
__Ltext20                                         text20       000000
__Ltext21                                         text21       000000
__Ltext22                                         text22       000000
__Ltext23                                         text23       000000
__Ltext24                                         text24       000000
__Ltext25                                         text25       000000
__Ltext26                                         text26       000000
__Ltext27                                         text27       000000
__Ltext28                                         text28       000000
__Ltext29                                         text29       000000
__Ltext3                                          text3        000000
__Ltext30                                         text30       000000
__Ltext31                                         text31       000000
__Ltext32                                         text32       000000
__Ltext33                                         text33       000000
__Ltext34                                         text34       000000
__Ltext35                                         text35       000000
__Ltext36                                         text36       000000
__Ltext37                                         text37       000000
__Ltext38                                         text38       000000
__Ltext39                                         text39       000000
__Ltext4                                          text4        000000
__Ltext40                                         text40       000000
__Ltext41                                         text41       000000
__Ltext42                                         text42       000000
__Ltext43                                         text43       000000
__Ltext45                                         text45       000000
__Ltext46                                         text46       000000
__Ltext47                                         text47       000000
__Ltext48                                         text48       000000
__Ltext49                                         text49       000000
__Ltext5                                          text5        000000
__Ltext50                                         text50       000000
__Ltext51                                         text51       000000
__Ltext52                                         text52       000000
__Ltext53                                         text53       000000
__Ltext54                                         text54       000000
__Ltext55                                         text55       000000
__Ltext56                                         text56       000000
__Ltext57                                         text57       000000
__Ltext58                                         text58       000000
__Ltext59                                         text59       000000
__Ltext6                                          text6        000000
__Ltext60                                         text60       000000
__Ltext61                                         text61       000000
__Ltext62                                         text62       000000
__Ltext63                                         text63       000000
__Ltext64                                         text64       000000
__Ltext65                                         text65       000000
__Ltext66                                         text66       000000
__Ltext67                                         text67       000000
__Ltext68                                         text68       000000
__Ltext69                                         text69       000000
__Ltext7                                          text7        000000
__Ltext70                                         text70       000000
__Ltext71                                         text71       000000
__Ltext72                                         text72       000000
__Ltext8                                          text8        000000
__Ltext9                                          text9        000000
__S0                                              (abs)        0036F2
__S1                                              (abs)        00015D
__S4                                              (abs)        000000
__S5                                              (abs)        000000
___fladd                                          text11       001514
___fladd@a                                        cstackBANK1  00013F
___fladd@aexp                                     cstackBANK1  000144
___fladd@b                                        cstackBANK1  00013B
___fladd@bexp                                     cstackBANK1  000145
___fladd@grs                                      cstackBANK1  000146
___fladd@signs                                    cstackBANK1  000143
___fldiv                                          text10       001A0C
___fldiv@a                                        cstackBANK0  0000F2
___fldiv@aexp                                     cstackBANK1  00013A
___fldiv@b                                        cstackBANK0  0000EE
___fldiv@bexp                                     cstackBANK1  000139
___fldiv@grs                                      cstackBANK1  000135
___fldiv@new_exp                                  cstackBANK1  000133
___fldiv@rem                                      cstackBANK1  00012E
___fldiv@sign                                     cstackBANK1  000132
___fltol                                          text9        0029A2
___fltol@exp1                                     cstackCOMRAM 00002F
___fltol@f1                                       cstackCOMRAM 000026
___fltol@sign1                                    cstackCOMRAM 00002E
___heap_hi                                        (abs)        000000
___heap_lo                                        (abs)        000000
___inthi_sp                                       stack        000000
___intlo_sp                                       stack        000000
___param_bank                                     (abs)        000000
___rparam_used                                    (abs)        000001
___sp                                             stack        000000
___xxtofl                                         text8        00257E
___xxtofl@arg                                     cstackCOMRAM 000030
___xxtofl@exp                                     cstackCOMRAM 00002F
___xxtofl@sign                                    cstackCOMRAM 00002E
___xxtofl@val                                     cstackCOMRAM 000026
__accesstop                                       (abs)        000080
__activetblptr                                    (abs)        000003
__end_of_ADC_ISR                                  text43       0036DA
__end_of_CCP1_Capture_Mode_Read_Value             text42       003226
__end_of_CCP1_ISR                                 text39       003426
__end_of_CCP1_interruptHundler                    text40       002FA4
__end_of_CCP2_ISR                                 text38       0036D6
__end_of_EUSART_ASYNC_Init                        text6        00316A
__end_of_EUSART_ASYNC_RX_Init                     text13       002B78
__end_of_EUSART_ASYNC_TX_Init                     text12       002C20
__end_of_EUSART_ASYNC_WriteByteBlocking           text15       003662
__end_of_EUSART_ASYNC_WriteStringBlocking         text14       003118
__end_of_EUSART_Baud_Rate_Calculation             text7        001514
__end_of_EUSART_RX_ISR                            text37       0036F0
__end_of_EUSART_TX_ISR                            text33       0033F8
__end_of_EUSART_Tx_InterruptHandler               text34       00367A
__end_of_INT0_ISR                                 text32       0036D2
__end_of_INT1_ISR                                 text31       0036CE
__end_of_INT2_ISR                                 text30       0036CA
__end_of_InterruptCheck                           text17       0021DC
__end_of_InterruptManagerHigh                     intcode_body 0031EE
__end_of_InterruptManagerLow                      intcodelo    00006A
__end_of_RB4_ISR                                  text29       0035CA
__end_of_RB5_ISR                                  text28       0035B0
__end_of_RB6_ISR                                  text27       003596
__end_of_RB7_ISR                                  text26       00357C
__end_of_TMR1_ISR                                 text25       0036A4
__end_of_TMR2_ISR                                 text24       0036B8
__end_of_TMR3_ISR                                 text22       0032CA
__end_of_TMRO_ISR                                 text18       003294
__end_of_Timer1_Read_value                        text21       003064
__end_of_Timer1_Write_value                       text20       0034CC
__end_of_Timer3_Write_value                       text41       0034EC
__end_of___fladd                                  text11       001A0C
__end_of___fldiv                                  text10       001E3A
__end_of___fltol                                  text9        002AA8
__end_of___xxtofl                                 text8        002732
__end_of__initialization                          cinit        002DC8
__end_of_app_intialize                            text1        003548
__end_of_gpio_pin_direction_intialize             text5        002876
__end_of_gpio_pin_intialize                       text3        0031B4
__end_of_gpio_pin_toggle_logic                    text36       002CB2
__end_of_gpio_pin_write_logic                     text4        0029A2
__end_of_led_initialize                           text2        002E54
__end_of_led_turn_toggle                          text35       002EC6
__end_of_main                                     text0        00364A
__end_of_timer0_interruptHundler                  text19       00336A
__end_of_timer3_interruptHundler                  text23       003562
__end_ofi2_ADC_ISR                                text71       0036EE
__end_ofi2_CCP1_Capture_Mode_Read_Value           text70       00325E
__end_ofi2_CCP1_ISR                               text67       003482
__end_ofi2_CCP1_interruptHundler                  text68       003006
__end_ofi2_CCP2_ISR                               text66       0036EA
__end_ofi2_EUSART_RX_ISR                          text65       0036F2
__end_ofi2_EUSART_TX_ISR                          text61       003454
__end_ofi2_EUSART_Tx_InterruptHandler             text62       003698
__end_ofi2_INT0_ISR                               text60       0036E6
__end_ofi2_INT1_ISR                               text59       0036E2
__end_ofi2_INT2_ISR                               text58       0036DE
__end_ofi2_InterruptCheck                         text45       00257E
__end_ofi2_RB4_ISR                                text57       003632
__end_ofi2_RB5_ISR                                text56       003618
__end_ofi2_RB6_ISR                                text55       0035FE
__end_ofi2_RB7_ISR                                text54       0035E4
__end_ofi2_TMR1_ISR                               text53       0036B0
__end_ofi2_TMR2_ISR                               text52       0036C0
__end_ofi2_TMR3_ISR                               text50       003336
__end_ofi2_TMRO_ISR                               text46       003300
__end_ofi2_Timer1_Read_value                      text49       0030C2
__end_ofi2_Timer1_Write_value                     text48       00350C
__end_ofi2_Timer3_Write_value                     text69       00352C
__end_ofi2_gpio_pin_toggle_logic                  text64       002D44
__end_ofi2_led_turn_toggle                        text63       002F38
__end_ofi2_timer0_interruptHundler                text47       0034AC
__end_ofi2_timer3_interruptHundler                text51       00368A
__initialization                                  cinit        002D44
__mediumconst                                     mediumconst  000000
__pbssBANK0                                       bssBANK0     000080
__pbssBANK1                                       bssBANK1     000152
__pbssCOMRAM                                      bssCOMRAM    000036
__pcinit                                          cinit        002D44
__pcstackBANK0                                    cstackBANK0  0000EE
__pcstackBANK1                                    cstackBANK1  00012E
__pcstackCOMRAM                                   cstackCOMRAM 000001
__pdataBANK0                                      dataBANK0    0000BC
__pdataBANK1                                      dataBANK1    000100
__pdataCOMRAM                                     dataCOMRAM   000054
__pidataBANK0                                     idataBANK0   00336A
__pidataBANK1                                     idataBANK1   00339C
__pidataCOMRAM                                    idataCOMRAM  0036C0
__pintcode                                        intcode      000008
__pintcode_body                                   intcode_body 0031B4
__pintcodelo                                      intcodelo    000018
__psmallconst                                     smallconst   001000
__ptext0                                          text0        003632
__ptext1                                          text1        00352C
__ptext10                                         text10       001A0C
__ptext11                                         text11       001514
__ptext12                                         text12       002B78
__ptext13                                         text13       002AA8
__ptext14                                         text14       0030C2
__ptext15                                         text15       00364A
__ptext17                                         text17       001E3A
__ptext18                                         text18       00325E
__ptext19                                         text19       003336
__ptext2                                          text2        002DD2
__ptext20                                         text20       0034AC
__ptext21                                         text21       003006
__ptext22                                         text22       003294
__ptext23                                         text23       003548
__ptext24                                         text24       0036B0
__ptext25                                         text25       003698
__ptext26                                         text26       003562
__ptext27                                         text27       00357C
__ptext28                                         text28       003596
__ptext29                                         text29       0035B0
__ptext3                                          text3        00316A
__ptext30                                         text30       0036C6
__ptext31                                         text31       0036CA
__ptext32                                         text32       0036CE
__ptext33                                         text33       0033CA
__ptext34                                         text34       003662
__ptext35                                         text35       002E54
__ptext36                                         text36       002C20
__ptext37                                         text37       0036EE
__ptext38                                         text38       0036D2
__ptext39                                         text39       0033F8
__ptext4                                          text4        002876
__ptext40                                         text40       002F38
__ptext41                                         text41       0034CC
__ptext42                                         text42       0031EE
__ptext43                                         text43       0036D6
__ptext45                                         text45       0021DC
__ptext46                                         text46       0032CA
__ptext47                                         text47       003482
__ptext48                                         text48       0034EC
__ptext49                                         text49       003064
__ptext5                                          text5        002732
__ptext50                                         text50       003300
__ptext51                                         text51       00367A
__ptext52                                         text52       0036B8
__ptext53                                         text53       0036A4
__ptext54                                         text54       0035CA
__ptext55                                         text55       0035E4
__ptext56                                         text56       0035FE
__ptext57                                         text57       003618
__ptext58                                         text58       0036DA
__ptext59                                         text59       0036DE
__ptext6                                          text6        003118
__ptext60                                         text60       0036E2
__ptext61                                         text61       003426
__ptext62                                         text62       00368A
__ptext63                                         text63       002EC6
__ptext64                                         text64       002CB2
__ptext65                                         text65       0036F0
__ptext66                                         text66       0036E6
__ptext67                                         text67       003454
__ptext68                                         text68       002FA4
__ptext69                                         text69       00350C
__ptext7                                          text7        00100C
__ptext70                                         text70       003226
__ptext71                                         text71       0036EA
__ptext72                                         text72       000000
__ptext8                                          text8        00257E
__ptext9                                          text9        0029A2
__ramtop                                          ramtop       001000
__smallconst                                      smallconst   001000
_app_intialize                                    text1        00352C
_ccp1_capature_value                              bssCOMRAM    00004F
_ccp1_obj                                         dataBANK0    0000D0
_freqenct_measured                                bssBANK0     000086
_gpio_pin_direction_intialize                     text5        002732
_gpio_pin_intialize                               text3        00316A
_gpio_pin_toggle_logic                            text36       002C20
_gpio_pin_write_logic                             text4        002876
_lat_registers                                    dataBANK0    0000BC
_lcd_1                                            dataBANK0    0000D7
_lcd_2                                            dataBANK1    00010A
_led1                                             dataCOMRAM   000059
_led2                                             dataCOMRAM   000054
_led_initialize                                   text2        002DD2
_led_turn_toggle                                  text35       002E54
_main                                             text0        003632
_port_registers                                   dataBANK1    000100
_rec_uart_data                                    bssCOMRAM    000047
_timer0                                           dataBANK1    000114
_timer0_count                                     bssCOMRAM    00004A
_timer0_interruptHundler                          text19       003336
_timer0_interruptHundler$intlevel1                text19       003340
_timer0_preload                                   bssCOMRAM    000040
_timer1                                           dataBANK0    0000E8
_timer1_count                                     bssCOMRAM    000053
_timer1_preload                                   bssCOMRAM    00003E
_timer2                                           dataBANK0    0000DD
_timer2_preload                                   bssCOMRAM    000046
_timer3                                           dataBANK0    0000E2
_timer3_interruptHundler                          text23       003548
_timer3_interruptHundler$intlevel1                text23       003552
_timer3_overflow                                  bssBANK0     00008E
_timer3_preload                                   bssCOMRAM    00003A
_tris_registers                                   dataBANK0    0000C6
_usart_obj                                        dataBANK1    00011B
btemp                                             temp         00005A
end_of_initialization                             cinit        002DC8
gpio_pin_direction_intialize@_pin_config          cstackCOMRAM 000026
gpio_pin_direction_intialize@ret                  cstackCOMRAM 00002E
gpio_pin_intialize@_pin_config                    cstackCOMRAM 000030
gpio_pin_intialize@ret                            cstackCOMRAM 000032
gpio_pin_toggle_logic@_pin_config                 cstackCOMRAM 000012
gpio_pin_write_logic@_pin_config                  cstackCOMRAM 000026
gpio_pin_write_logic@logic                        cstackCOMRAM 000028
gpio_pin_write_logic@ret                          cstackCOMRAM 00002F
i2CCP1_Capture_Mode_Read_Value@_capture_value     cstackCOMRAM 000001
i2CCP1_Capture_Mode_Read_Value@compare_temp_value cstackCOMRAM 000003
i2RB4_ISR@RB4_Source                              cstackCOMRAM 000001
i2RB5_ISR@RB5_Source                              cstackCOMRAM 000001
i2RB6_ISR@RB6_Source                              cstackCOMRAM 000001
i2RB7_ISR@RB7_Source                              cstackCOMRAM 000001
i2Timer1_Read_value@_timer                        cstackCOMRAM 000001
i2Timer1_Read_value@_value                        cstackCOMRAM 000003
i2Timer1_Read_value@tmr1h                         cstackCOMRAM 000008
i2Timer1_Read_value@tmr1l                         cstackCOMRAM 000007
i2Timer1_Write_value@_timer                       cstackCOMRAM 000001
i2Timer1_Write_value@_value                       cstackCOMRAM 000003
i2Timer3_Write_value@_timer                       cstackCOMRAM 000001
i2Timer3_Write_value@_value                       cstackCOMRAM 000003
i2_ADC_ISR                                        text71       0036EA
i2_CCP1_Capture_Mode_Read_Value                   text70       003226
i2_CCP1_ISR                                       text67       003454
i2_CCP1_interruptHundler                          text68       002FA4
i2_CCP2_ISR                                       text66       0036E6
i2_EUSART_RX_ISR                                  text65       0036F0
i2_EUSART_TX_ISR                                  text61       003426
i2_EUSART_Tx_InterruptHandler                     text62       00368A
i2_INT0_ISR                                       text60       0036E2
i2_INT1_ISR                                       text59       0036DE
i2_INT2_ISR                                       text58       0036DA
i2_InterruptCheck                                 text45       0021DC
i2_RB4_ISR                                        text57       003618
i2_RB5_ISR                                        text56       0035FE
i2_RB6_ISR                                        text55       0035E4
i2_RB7_ISR                                        text54       0035CA
i2_TMR1_ISR                                       text53       0036A4
i2_TMR2_ISR                                       text52       0036B8
i2_TMR3_ISR                                       text50       003300
i2_TMRO_ISR                                       text46       0032CA
i2_Timer1_Read_value                              text49       003064
i2_Timer1_Write_value                             text48       0034EC
i2_Timer3_Write_value                             text69       00350C
i2_gpio_pin_toggle_logic                          text64       002CB2
i2_led_turn_toggle                                text63       002EC6
i2_timer0_interruptHundler                        text47       003482
i2_timer3_interruptHundler                        text51       00367A
i2gpio_pin_toggle_logic@_pin_config               cstackCOMRAM 000001
i2led_turn_toggle@led                             cstackCOMRAM 000008
i2led_turn_toggle@pin_obj                         cstackCOMRAM 00000B
int$flags                                         temp         00005A
int_func                                          intcode_body 0031B4
intlevel0                                         text         000000
intlevel1                                         text         000000
intlevel2                                         text         000000
intlevel3                                         text         000000
isa$std                                           (abs)        000001
isa$xinst                                         (abs)        000000
led_initialize@F3048                              bssCOMRAM    00004E
led_initialize@led                                cstackCOMRAM 000033
led_initialize@pin_obj                            cstackBANK0  0000EF
led_initialize@ret                                cstackBANK0  0000EE
led_turn_off@F3058                                bssCOMRAM    00004C
led_turn_on@F3053                                 bssCOMRAM    00004D
led_turn_toggle@F3063                             bssCOMRAM    00004B
led_turn_toggle@led                               cstackCOMRAM 000019
led_turn_toggle@pin_obj                           cstackCOMRAM 00001C
stackhi                                           (abs)        000000
stacklo                                           (abs)        000000
start                                             init         00006A
start_initialization                              cinit        002D44
ttemp5                                            temp         00005B
ttemp6                                            temp         00005E
ttemp7                                            temp         000062
wtemp8                                            temp         00005B


MODULE INFORMATION

Module		Function		Class		Link	Load	Size
MCAL_Layer/Timer/Timer3/hal_timer3.c
		_TMR3_ISR      		CODE           	3294	0000	54
		_Timer3_Write_value		CODE           	34CC	0000	32

MCAL_Layer/Timer/Timer3/hal_timer3.c estimated size: 86

MCAL_Layer/Timer/Timer2/hal_timer2.c
		_TMR2_ISR      		CODE           	36B0	0000	8

MCAL_Layer/Timer/Timer2/hal_timer2.c estimated size: 8

C:\Program Files\Microchip\xc8\v2.41\pic\sources\c99\common\fltol.c
		___fltol       		CODE           	29A2	0000	262

C:\Program Files\Microchip\xc8\v2.41\pic\sources\c99\common\fltol.c estimated size: 262

C:\Program Files\Microchip\xc8\v2.41\pic\sources\c99\common\xxtofl.c
		___xxtofl      		CODE           	257E	0000	436

C:\Program Files\Microchip\xc8\v2.41\pic\sources\c99\common\xxtofl.c estimated size: 436

MCAL_Layer/Timer/Timer1/hal_timer1.c
		_Timer1_Read_value		CODE           	3006	0000	94
		_TMR1_ISR      		CODE           	3698	0000	12
		_Timer1_Write_value		CODE           	34AC	0000	32

MCAL_Layer/Timer/Timer1/hal_timer1.c estimated size: 138

MCAL_Layer/Timer/Timer0/hal_timer0.c
		_TMRO_ISR      		CODE           	325E	0000	54

MCAL_Layer/Timer/Timer0/hal_timer0.c estimated size: 54

C:\Program Files\Microchip\xc8\v2.41\pic\sources\c99\common\sprcadd.c
		___fladd       		CODE           	1514	0000	1272

C:\Program Files\Microchip\xc8\v2.41\pic\sources\c99\common\sprcadd.c estimated size: 1272

MCAL_Layer/CCP/CCP2/hal_ccp2.c
		_CCP2_ISR      		CODE           	36D2	0000	4

MCAL_Layer/CCP/CCP2/hal_ccp2.c estimated size: 4

shared
		i2_EUSART_Tx_InterruptHandler		CODE           	368A	0000	14
		i2_RB6_ISR     		CODE           	35E4	0000	26
		i2_INT1_ISR    		CODE           	36DE	0000	4
		i2_TMR1_ISR    		CODE           	36A4	0000	12
		i2_RB7_ISR     		CODE           	35CA	0000	26
		i2_CCP1_ISR    		CODE           	3454	0000	46
		i2_timer0_interruptHundler		CODE           	3482	0000	42
		i2_timer3_interruptHundler		CODE           	367A	0000	16
		i2_Timer1_Read_value		CODE           	3064	0000	94
		i2_EUSART_RX_ISR		CODE           	36F0	0000	2
		i2_EUSART_TX_ISR		CODE           	3426	0000	46
		__initialization		CODE           	2D44	0000	132
		i2_Timer1_Write_value		CODE           	34EC	0000	32
		i2_Timer3_Write_value		CODE           	350C	0000	32
		i2_InterruptCheck		CODE           	21DC	0000	930
		i2_INT2_ISR    		CODE           	36DA	0000	4
		i2_TMRO_ISR    		CODE           	32CA	0000	54
		i2_TMR2_ISR    		CODE           	36B8	0000	8
		i2_CCP2_ISR    		CODE           	36E6	0000	4
		i2_RB4_ISR     		CODE           	3618	0000	26
		i2_gpio_pin_toggle_logic		CODE           	2CB2	0000	146
		i2_ADC_ISR     		CODE           	36EA	0000	4
		i2_INT0_ISR    		CODE           	36E2	0000	4
		i2_CCP1_interruptHundler		CODE           	2FA4	0000	98
		i2_RB5_ISR     		CODE           	35FE	0000	26
		i2_led_turn_toggle		CODE           	2EC6	0000	114
		i2_TMR3_ISR    		CODE           	3300	0000	54
		i2_CCP1_Capture_Mode_Read_Value		CODE           	3226	0000	56

shared estimated size: 2052

MCAL_Layer/Interrupt/mcal_external_interrupt.c
		_RB4_ISR       		CODE           	35B0	0000	26
		_RB5_ISR       		CODE           	3596	0000	26
		_RB6_ISR       		CODE           	357C	0000	26
		_RB7_ISR       		CODE           	3562	0000	26
		_INT0_ISR      		CODE           	36CE	0000	4
		_INT1_ISR      		CODE           	36CA	0000	4
		_INT2_ISR      		CODE           	36C6	0000	4

MCAL_Layer/Interrupt/mcal_external_interrupt.c estimated size: 116

MCAL_Layer/ADC/hal_adc.c
		_ADC_ISR       		CODE           	36D6	0000	4

MCAL_Layer/ADC/hal_adc.c estimated size: 4

MCAL_Layer/Interrupt/mcal_interrupt_manager.c
		_InterruptCheck		CODE           	1E3A	0000	930
		_InterruptManagerLow		CODE           	0018	0000	82
		_InterruptManagerHigh		CODE           	0008	0000	64

MCAL_Layer/Interrupt/mcal_interrupt_manager.c estimated size: 1076

MCAL_Layer/GPIO/hal_gpio.c
		_gpio_pin_write_logic		CODE           	2876	0000	300
		_gpio_pin_intialize		CODE           	316A	0000	74
		_gpio_pin_direction_intialize		CODE           	2732	0000	324
		_gpio_pin_toggle_logic		CODE           	2C20	0000	146

MCAL_Layer/GPIO/hal_gpio.c estimated size: 844

MCAL_Layer/USART/hal_usart.c
		_EUSART_RX_ISR 		CODE           	36EE	0000	2
		_EUSART_TX_ISR 		CODE           	33CA	0000	46
		_EUSART_ASYNC_WriteByteBlocking		CODE           	364A	0000	24
		_EUSART_ASYNC_Init		CODE           	3118	0000	82
		_EUSART_ASYNC_WriteStringBlocking		CODE           	30C2	0000	86
		_EUSART_ASYNC_RX_Init		CODE           	2AA8	0000	208
		_EUSART_ASYNC_TX_Init		CODE           	2B78	0000	168
		_EUSART_Baud_Rate_Calculation		CODE           	100C	0000	1288

MCAL_Layer/USART/hal_usart.c estimated size: 1904

ECU_Layer/LED/ecu_led.c
		_led_turn_toggle		CODE           	2E54	0000	114
		_led_initialize		CODE           	2DD2	0000	130

ECU_Layer/LED/ecu_led.c estimated size: 244

application.c
		_timer0_interruptHundler		CODE           	3336	0000	52
		_timer3_interruptHundler		CODE           	3548	0000	26
		_main          		CODE           	3632	0000	24
		_app_intialize 		CODE           	352C	0000	28
		_CCP1_interruptHundler		CODE           	2F38	0000	108
		_EUSART_Tx_InterruptHandler		CODE           	3662	0000	24

application.c estimated size: 262

C:\Program Files\Microchip\xc8\v2.41\pic\sources\c99\common\sprcdiv.c
		___fldiv       		CODE           	1A0C	0000	1070

C:\Program Files\Microchip\xc8\v2.41\pic\sources\c99\common\sprcdiv.c estimated size: 1070

MCAL_Layer/CCP/CCP1/hal_ccp1.c
		_CCP1_ISR      		CODE           	33F8	0000	46
		_CCP1_Capture_Mode_Read_Value		CODE           	31EE	0000	56

MCAL_Layer/CCP/CCP1/hal_ccp1.c estimated size: 102

