Microchip MPLAB XC8 Compiler V2.41

Linker command line:

-W-3 \
  --edf=C:\Program Files\Microchip\xc8\v2.41\pic\dat\20230208172133_en.msgs \
  -cn -h+dist/default/production\LCD_Driver.production.sym \
  --cmf=dist/default/production\LCD_Driver.production.cmf -z -Q18F4620 \
  -oC:\Users\Belal\AppData\Local\Temp\xcAsc7o.\driver_tmp_3.o \
  --defsym=__MPLAB_BUILD=1 --fixupoverflow=error \
  -Mdist/default/production/LCD_Driver.production.map \
  --md=C:\Users\Belal\AppData\Local\Temp\xcAsc7o.\driver_tmp_0.dat -E1 \
  -ver=XC8 Compiler --acfsm=1493 -ACODE=00h-0FFFFh -ACONST=00h-0FFFFh \
  -ASMALLCONST=01000h-010FFhx240 -AMEDIUMCONST=01000h-0FFFFh \
  -ACOMRAM=01h-07Fh -AABS1=00h-0F7Fh -ABIGRAM=01h-0F7Fh \
  -ARAM=080h-0FFh,0100h-01FFhx14,0F00h-0F7Fh -ABANK0=080h-0FFh \
  -ABANK1=0100h-01FFh -ABANK2=0200h-02FFh -ABANK3=0300h-03FFh \
  -ABANK4=0400h-04FFh -ABANK5=0500h-05FFh -ABANK6=0600h-06FFh \
  -ABANK7=0700h-07FFh -ABANK8=0800h-08FFh -ABANK9=0900h-09FFh \
  -ABANK10=0A00h-0AFFh -ABANK11=0B00h-0BFFh -ABANK12=0C00h-0CFFh \
  -ABANK13=0D00h-0DFFh -ABANK14=0E00h-0EFFh -ABANK15=0F00h-0F7Fh \
  -ASFR=0F80h-0FFFh -ABIGSFR=0F80h-0FFFh -ACONFIG=0300000h-030000Dh \
  -AIDLOC=0200000h-0200007h -AEEDATA=0F00000h-0F003FFh -peeprom_data=EEDATA \
  -preset_vec=00h,intcode=08h,intcodelo=018h,powerup,init -pramtop=01000h \
  -psmallconst=SMALLCONST -pmediumconst=MEDIUMCONST -pconst=CONST \
  -AFARRAM=00h-00h \
  -prdata=COMRAM,nvrram=COMRAM,nvbit=COMRAM,rbss=COMRAM,rbit=COMRAM \
  -pfarbss=FARRAM,fardata=FARRAM,nvFARRAM=FARRAM \
  -pintsave_regs=BIGRAM,bigbss=BIGRAM,bigdata=BIGRAM -pbss=RAM \
  -pidata=CODE,irdata=CODE,ibigdata=CODE,ifardata=CODE -prparam=COMRAM \
  C:\Users\Belal\AppData\Local\Temp\xcAsc7o.\driver_tmp_9.o \
  dist/default/production\LCD_Driver.production.o 

Object code version is 3.11

Machine type is 18F4620



                Name                               Link     Load   Length Selector   Space Scale
C:\Users\Belal\AppData\Local\Temp\xcAsc7o.\driver_tmp_9.o
                idloc                            200000   200000        8        0       5
                config                           300000   300000        E        0       4
                init                                 6A       6A        4        C       0
                reset_vec                             0        0        4        0       0
dist/default/production\LCD_Driver.production.o
                intcodelo                            18       18       52        C       0
                intcode                               8        8        6        4       0
                idloc                            200000   200000        8        0       5
                config                           300000   300000        E        0       4
                temp                                 5A       5A        1        1       1
                smallconst                         1000     1000        6      800       0
                text53                             33A8     33A8        4     192A       0
                text52                             33A4     33A4        4     192A       0
                text51                             33A0     33A0        4     192A       0
                text50                             339C     339C        4     192A       0
                text49                             330A     330A       1A     192A       0
                text48                             32F0     32F0       1A     192A       0
                text47                             32D6     32D6       1A     192A       0
                text46                             32BC     32BC       1A     192A       0
                text45                             2CDA     2CDA       92      803       0
                text44                             2E6C     2E6C       72      803       0
                text43                             3350     3350        E     192A       0
                text42                             311A     311A       36      803       0
                text41                             337E     337E        8     192A       0
                text40                             336A     336A        C     192A       0
                text39                             2F3C     2F3C       5E      803       0
                text38                             31FC     31FC       20     18D9       0
                text37                             31B2     31B2       2A     18D9       0
                text36                             30E4     30E4       36      803       0
                text35                             1FE8     1FE8      322      803       0
                intcode_body                       303E     303E       3A      803       0
                text33                             3398     3398        4     192A       0
                text32                             3394     3394        4     192A       0
                text31                             3390     3390        4     192A       0
                text30                             338C     338C        4     192A       0
                text29                             32A2     32A2       1A     192A       0
                text28                             3288     3288       1A     192A       0
                text27                             326E     326E       1A     192A       0
                text26                             3254     3254       1A     192A       0
                text25                             2C48     2C48       92      803       0
                text24                             2DFA     2DFA       72      803       0
                text23                             3324     3324       18     192A       0
                text22                             30AE     30AE       36      803       0
                text21                             3376     3376        8     192A       0
                text20                             335E     335E        C     192A       0
                text19                             2EDE     2EDE       5E      803       0
                text18                             31DC     31DC       20     18D9       0
                text17                             3150     3150       34      803       0
                text16                             3078     3078       36      803       0
                text15                             1CC6     1CC6      322      803       0
                text13                             192A     192A      39C      803       0
                text12                             14FE     14FE      42C      803       0
                text11                             2936     2936      11E      803       0
                text10                             2512     2512      1B4      803       0
                text9                              2A54     2A54      116      803       0
                text8                              333C     333C       14     192A       0
                text7                              1006     1006      4F8      803       0
                text6                              26C6     26C6      144      803       0
                text5                              280A     280A      12C      803       0
                text4                              2FF4     2FF4       4A      803       0
                text3                              230A     230A      208      803       0
                text2                              2B6A     2B6A       DE      803       0
                text1                              321C     321C       1C     18D9       0
                text0                              2F9A     2F9A       5A      803       0
                cstackCOMRAM                          1        1       34        1       1
                cstackBANK0                          80       80       38       80       1
                cstackBANK1                         100      100       23      100       1
                dataBANK1                           123      123       1B      100       1
                bssBANK1                            13E      13E        B      100       1
                dataBANK0                            B8       B8       2D       80       1
                bssBANK0                             E5       E5       1A       80       1
                dataCOMRAM                           54       54        6        1       1
                bssCOMRAM                            35       35       1F        1       1
                cinit                              2D6C     2D6C       8E      803       0
                idataBANK1                         3238     3238       1B     18D9       0
                idataBANK0                         3184     3184       2D      803       0
                idataCOMRAM                        3386     3386        6     192A       0

TOTAL           Name                               Link     Load   Length     Space
        CLASS   CODE           
                intcodelo                            18       18       52         0
                intcode                               8        8        6         0
                init                                 6A       6A        4         0
                reset_vec                             0        0        4         0
                text53                             33A8     33A8        4         0
                text52                             33A4     33A4        4         0
                text51                             33A0     33A0        4         0
                text50                             339C     339C        4         0
                text49                             330A     330A       1A         0
                text48                             32F0     32F0       1A         0
                text47                             32D6     32D6       1A         0
                text46                             32BC     32BC       1A         0
                text45                             2CDA     2CDA       92         0
                text44                             2E6C     2E6C       72         0
                text43                             3350     3350        E         0
                text42                             311A     311A       36         0
                text41                             337E     337E        8         0
                text40                             336A     336A        C         0
                text39                             2F3C     2F3C       5E         0
                text38                             31FC     31FC       20         0
                text37                             31B2     31B2       2A         0
                text36                             30E4     30E4       36         0
                text35                             1FE8     1FE8      322         0
                intcode_body                       303E     303E       3A         0
                text33                             3398     3398        4         0
                text32                             3394     3394        4         0
                text31                             3390     3390        4         0
                text30                             338C     338C        4         0
                text29                             32A2     32A2       1A         0
                text28                             3288     3288       1A         0
                text27                             326E     326E       1A         0
                text26                             3254     3254       1A         0
                text25                             2C48     2C48       92         0
                text24                             2DFA     2DFA       72         0
                text23                             3324     3324       18         0
                text22                             30AE     30AE       36         0
                text21                             3376     3376        8         0
                text20                             335E     335E        C         0
                text19                             2EDE     2EDE       5E         0
                text18                             31DC     31DC       20         0
                text17                             3150     3150       34         0
                text16                             3078     3078       36         0
                text15                             1CC6     1CC6      322         0
                text13                             192A     192A      39C         0
                text12                             14FE     14FE      42C         0
                text11                             2936     2936      11E         0
                text10                             2512     2512      1B4         0
                text9                              2A54     2A54      116         0
                text8                              333C     333C       14         0
                text7                              1006     1006      4F8         0
                text6                              26C6     26C6      144         0
                text5                              280A     280A      12C         0
                text4                              2FF4     2FF4       4A         0
                text3                              230A     230A      208         0
                text2                              2B6A     2B6A       DE         0
                text1                              321C     321C       1C         0
                text0                              2F9A     2F9A       5A         0
                cinit                              2D6C     2D6C       8E         0
                idataBANK1                         3238     3238       1B         0
                idataBANK0                         3184     3184       2D         0
                idataCOMRAM                        3386     3386        6         0

        CLASS   CONST          

        CLASS   SMALLCONST     
                smallconst                         1000     1000        6         0

        CLASS   MEDIUMCONST    

        CLASS   COMRAM         
                temp                                 5A       5A        1         1
                cstackCOMRAM                          1        1       34         1
                dataCOMRAM                           54       54        6         1
                bssCOMRAM                            35       35       1F         1

        CLASS   ABS1           

        CLASS   BIGRAM         

        CLASS   RAM            

        CLASS   BANK0          
                cstackBANK0                          80       80       38         1
                dataBANK0                            B8       B8       2D         1
                bssBANK0                             E5       E5       1A         1

        CLASS   BANK1          
                cstackBANK1                         100      100       23         1
                dataBANK1                           123      123       1B         1
                bssBANK1                            13E      13E        B         1

        CLASS   BANK2          

        CLASS   BANK3          

        CLASS   BANK4          

        CLASS   BANK5          

        CLASS   BANK6          

        CLASS   BANK7          

        CLASS   BANK8          

        CLASS   BANK9          

        CLASS   BANK10         

        CLASS   BANK11         

        CLASS   BANK12         

        CLASS   BANK13         

        CLASS   BANK14         

        CLASS   BANK15         

        CLASS   SFR            

        CLASS   BIGSFR         

        CLASS   CONFIG         
                config                           300000   300000        E         4

        CLASS   IDLOC          
                idloc                            200000   200000        8         5

        CLASS   EEDATA         

        CLASS   FARRAM         

        CLASS   HEAP           

        CLASS   STACK          



SEGMENTS        Name                           Load    Length   Top    Selector   Space  Class

                reset_vec                      000000  000004  000004         0       0  CODE    
                cstackCOMRAM                   000001  00005A  00005B         1       1  COMRAM  
                intcode                        000008  000006  00000E         4       0  CODE    
                intcodelo                      000018  000056  00006E         C       0  CODE    
                cstackBANK0                    000080  00007F  0000FF        80       1  BANK0   
                cstackBANK1                    000100  000049  000149       100       1  BANK1   
                smallconst                     001000  000006  001006       800       0  SMALLCON
                text7                          001006  0021AB  0031B1       803       0  CODE    
                text37                         0031B2  0000A1  003253      18D9       0  CODE    
                text26                         003254  000158  0033AC      192A       0  CODE    


UNUSED ADDRESS RANGES

        Name                Unused          Largest block    Delta
        BANK0            0000FF-0000FF                1
        BANK1            000149-0001FF               B7
        BANK10           000A00-000AFF              100
        BANK11           000B00-000BFF              100
        BANK12           000C00-000CFF              100
        BANK13           000D00-000DFF              100
        BANK14           000E00-000EFF              100
        BANK15           000F00-000F7F               80
        BANK2            000200-0002FF              100
        BANK3            000300-0003FF              100
        BANK4            000400-0004FF              100
        BANK5            000500-0005FF              100
        BANK6            000600-0006FF              100
        BANK7            000700-0007FF              100
        BANK8            000800-0008FF              100
        BANK9            000900-0009FF              100
        BIGRAM           00005B-00007F               25
                         0000FF-0000FF                1
                         000149-000F7F              E37
        BIGSFR           000F80-000FFF               80
        CODE             000004-000007                4
                         00000E-000017                A
                         00006E-000FFF              F92
                         0031B1-0031B1                1
                         003253-003253                1
                         0033AC-00FFFF             CC54
        COMRAM           00005B-00007F               25
        CONST            000004-000007                4
                         00000E-000017                A
                         00006E-000FFF              F92
                         0031B1-0031B1                1
                         003253-003253                1
                         0033AC-00FFFF             CC54
        EEDATA           F00000-F003FF              400
        MEDIUMCONST      0031B1-0031B1                1
                         003253-003253                1
                         0033AC-00FFFF             CC54
        RAM              0000FF-0000FF                1
                         000149-000F7F              100
        SFR              000F80-000FFF               80
        SMALLCONST       0031B1-0031B1                1
                         003253-003253                1
                         0033AC-00FFFF              100

                                  Symbol Table

?___fladd                                cstackBANK1  000100
?___fldiv                                cstackBANK0  000099
?___flmul                                cstackBANK0  000080
?___fltol                                cstackBANK1  00010C
?___xxtofl                               cstackCOMRAM 000026
CCP1_Init@_ccp                           cstackBANK1  000114
CCP1_Init@ret                            cstackBANK1  000120
CCP1_PWM1_Set_Duty_Cycle@_duty           cstackBANK1  00011A
CCP1_PWM1_Set_Duty_Cycle@l_duty_temp     cstackBANK1  00011B
CCP1_PWM1_Start@ret                      cstackCOMRAM 000026
RB4_ISR@RB4_Source                       cstackCOMRAM 000012
RB5_ISR@RB5_Source                       cstackCOMRAM 000012
RB6_ISR@RB6_Source                       cstackCOMRAM 000012
RB7_ISR@RB7_Source                       cstackCOMRAM 000012
Timer1_Read_value@_timer                 cstackCOMRAM 000012
Timer1_Read_value@_value                 cstackCOMRAM 000014
Timer1_Read_value@tmr1h                  cstackCOMRAM 000019
Timer1_Read_value@tmr1l                  cstackCOMRAM 000018
Timer1_Write_value@_timer                cstackCOMRAM 000012
Timer1_Write_value@_value                cstackCOMRAM 000014
Timer2_Init@_timer                       cstackCOMRAM 000026
Timer2_Init@ret                          cstackCOMRAM 000029
_ADCON0bits                              (abs)        000FC2
_ADCON1bits                              (abs)        000FC1
_ADCON2bits                              (abs)        000FC0
_ADC_ISR                                 text33       003398
_ADC_InterruptHandler                    bssCOMRAM    00004B
_ADRESH                                  (abs)        000FC4
_ADRESL                                  (abs)        000FC3
_CCP1CONbits                             (abs)        000FBD
_CCP1_Init                               text3        00230A
_CCP1_Init$4298                          cstackBANK1  000118
_CCP1_Init$4299                          cstackBANK1  00011C
_CCP1_PWM1_Set_Duty_Cycle                text9        002A54
_CCP1_PWM1_Set_Duty_Cycle$4196           cstackBANK1  000116
_CCP1_PWM1_Start                         text8        00333C
_CCPR1L                                  (abs)        000FBE
_EEADR                                   (abs)        000FA9
_EEADRH                                  (abs)        000FAA
_EECON1bits                              (abs)        000FA6
_EECON2                                  (abs)        000FA7
_EEDATA                                  (abs)        000FA8
_INT0_ISR                                text32       003394
_INT0_InterruptHandler                   bssCOMRAM    000049
_INT1_ISR                                text31       003390
_INT1_InterruptHandler                   bssCOMRAM    000047
_INT2_ISR                                text30       00338C
_INT2_InterruptHandler                   bssCOMRAM    000045
_INTCON2bits                             (abs)        000FF1
_INTCON3bits                             (abs)        000FF0
_INTCONbits                              (abs)        000FF2
_IPR1bits                                (abs)        000F9F
_InterruptCheck                          text15       001CC6
_InterruptManagerHigh                    intcode      000008
_InterruptManagerLow                     intcodelo    000018
_LATA                                    (abs)        000F89
_LATB                                    (abs)        000F8A
_LATC                                    (abs)        000F8B
_LATD                                    (abs)        000F8C
_LATE                                    (abs)        000F8D
_PIE1bits                                (abs)        000F9D
_PIE2bits                                (abs)        000FA0
_PIR1bits                                (abs)        000F9E
_PIR2bits                                (abs)        000FA1
_PORTA                                   (abs)        000F80
_PORTB                                   (abs)        000F81
_PORTBbits                               (abs)        000F81
_PORTC                                   (abs)        000F82
_PORTD                                   (abs)        000F83
_PORTE                                   (abs)        000F84
_PR2                                     (abs)        000FCB
_RB4_Flag                                dataCOMRAM   000058
_RB4_ISR                                 text29       0032A2
_RB4_InterruptHandler_HIGH               bssCOMRAM    000043
_RB4_InterruptHandler_LOW                bssCOMRAM    000041
_RB5_Flag                                dataCOMRAM   000057
_RB5_ISR                                 text28       003288
_RB5_InterruptHandler_HIGH               bssCOMRAM    00003F
_RB5_InterruptHandler_LOW                bssBANK0     0000FD
_RB6_Flag                                dataCOMRAM   000056
_RB6_ISR                                 text27       00326E
_RB6_InterruptHandler_HIGH               bssBANK0     0000FB
_RB6_InterruptHandler_LOW                bssBANK0     0000F9
_RB7_Flag                                dataCOMRAM   000055
_RB7_ISR                                 text26       003254
_RB7_InterruptHandler_HIGH               bssBANK0     0000F7
_RB7_InterruptHandler_LOW                bssBANK0     0000F5
_RCONbits                                (abs)        000FD0
_T0CONbits                               (abs)        000FD5
_T1CONbits                               (abs)        000FCD
_T2CONbits                               (abs)        000FCA
_T3CONbits                               (abs)        000FB1
_TMR0H                                   (abs)        000FD7
_TMR0L                                   (abs)        000FD6
_TMR0_InterruptHandler                   bssCOMRAM    00003D
_TMR1H                                   (abs)        000FCF
_TMR1L                                   (abs)        000FCE
_TMR1_ISR                                text22       0030AE
_TMR1_InterruptHandler                   bssCOMRAM    000039
_TMR2                                    (abs)        000FCC
_TMR2_ISR                                text21       003376
_TMR2_InterruptHandler                   bssBANK0     0000F3
_TMR3H                                   (abs)        000FB3
_TMR3L                                   (abs)        000FB2
_TMR3_ISR                                text20       00335E
_TMR3_InterruptHandler                   bssBANK0     0000F1
_TMRO_ISR                                text16       003078
_TRISA                                   (abs)        000F92
_TRISB                                   (abs)        000F93
_TRISC                                   (abs)        000F94
_TRISD                                   (abs)        000F95
_TRISE                                   (abs)        000F96
_Timer1_Read_value                       text19       002EDE
_Timer1_Write_value                      text18       0031DC
_Timer2_Init                             text2        002B6A
__CCP1_InterruptHandler                  bssBANK0     0000EF
__HRAM                                   (abs)        000000
__H__absolute__                          __absolute__ 000000
__Habs1                                  abs1         000000
__Hbank0                                 bank0        000000
__Hbank1                                 bank1        000000
__Hbank10                                bank10       000000
__Hbank11                                bank11       000000
__Hbank12                                bank12       000000
__Hbank13                                bank13       000000
__Hbank14                                bank14       000000
__Hbank15                                bank15       000000
__Hbank2                                 bank2        000000
__Hbank3                                 bank3        000000
__Hbank4                                 bank4        000000
__Hbank5                                 bank5        000000
__Hbank6                                 bank6        000000
__Hbank7                                 bank7        000000
__Hbank8                                 bank8        000000
__Hbank9                                 bank9        000000
__Hbigbss                                bigbss       000000
__Hbigdata                               bigdata      000000
__Hbigram                                bigram       000000
__Hbigsfr                                bigsfr       000000
__Hbss                                   bss          000000
__HbssBANK0                              bssBANK0     000000
__HbssBANK1                              bssBANK1     000000
__HbssCOMRAM                             bssCOMRAM    000000
__Hcinit                                 cinit        000000
__Hclrtext                               clrtext      000000
__Hcomram                                comram       000000
__Hconfig                                config       30000E
__Hconst                                 const        000000
__HcstackBANK0                           cstackBANK0  000000
__HcstackBANK1                           cstackBANK1  000000
__HcstackCOMRAM                          cstackCOMRAM 000000
__Hdata                                  data         000000
__HdataBANK0                             dataBANK0    000000
__HdataBANK1                             dataBANK1    000000
__HdataCOMRAM                            dataCOMRAM   000000
__Heeprom_data                           eeprom_data  000000
__Hfarbss                                farbss       000000
__Hfardata                               fardata      000000
__Hheap                                  heap         000000
__Hibigdata                              ibigdata     000000
__Hidata                                 idata        000000
__HidataBANK0                            idataBANK0   000000
__HidataBANK1                            idataBANK1   000000
__HidataCOMRAM                           idataCOMRAM  000000
__Hidloc                                 idloc        200008
__Hifardata                              ifardata     000000
__Hinit                                  init         00006E
__Hintcode                               intcode      00000E
__Hintcode_body                          intcode_body 000000
__Hintcodelo                             intcodelo    00006A
__Hintentry                              intentry     000000
__Hintret                                intret       000000
__Hintsave_regs                          intsave_regs 000000
__Hirdata                                irdata       000000
__Hmediumconst                           mediumconst  000000
__HnvFARRAM                              nvFARRAM     000000
__Hnvbit                                 nvbit        000000
__Hnvrram                                nvrram       000000
__Hparam                                 rparam       000000
__Hpowerup                               powerup      00006A
__Hram                                   ram          000000
__Hramtop                                ramtop       001000
__Hrbit                                  rbit         000000
__Hrbss                                  rbss         000000
__Hrdata                                 rdata        000000
__Hreset_vec                             reset_vec    000004
__Hrparam                                rparam       000000
__Hsfr                                   sfr          000000
__Hsmallconst                            smallconst   001006
__Hspace_0                               (abs)        0033AC
__Hspace_1                               (abs)        000149
__Hspace_2                               (abs)        000000
__Hspace_4                               (abs)        60000E
__Hstack                                 stack        000000
__Hstruct                                struct       000000
__Htemp                                  temp         00005B
__Htext                                  text         000000
__Htext0                                 text0        000000
__Htext1                                 text1        000000
__Htext10                                text10       000000
__Htext11                                text11       000000
__Htext12                                text12       000000
__Htext13                                text13       000000
__Htext15                                text15       000000
__Htext16                                text16       000000
__Htext17                                text17       000000
__Htext18                                text18       000000
__Htext19                                text19       000000
__Htext2                                 text2        000000
__Htext20                                text20       000000
__Htext21                                text21       000000
__Htext22                                text22       000000
__Htext23                                text23       000000
__Htext24                                text24       000000
__Htext25                                text25       000000
__Htext26                                text26       000000
__Htext27                                text27       000000
__Htext28                                text28       000000
__Htext29                                text29       000000
__Htext3                                 text3        000000
__Htext30                                text30       000000
__Htext31                                text31       000000
__Htext32                                text32       000000
__Htext33                                text33       000000
__Htext35                                text35       000000
__Htext36                                text36       000000
__Htext37                                text37       000000
__Htext38                                text38       000000
__Htext39                                text39       000000
__Htext4                                 text4        000000
__Htext40                                text40       000000
__Htext41                                text41       000000
__Htext42                                text42       000000
__Htext43                                text43       000000
__Htext44                                text44       000000
__Htext45                                text45       000000
__Htext46                                text46       000000
__Htext47                                text47       000000
__Htext48                                text48       000000
__Htext49                                text49       000000
__Htext5                                 text5        000000
__Htext50                                text50       000000
__Htext51                                text51       000000
__Htext52                                text52       000000
__Htext53                                text53       000000
__Htext54                                text54       000000
__Htext6                                 text6        000000
__Htext7                                 text7        000000
__Htext8                                 text8        000000
__Htext9                                 text9        000000
__LRAM                                   (abs)        000001
__L__absolute__                          __absolute__ 000000
__Labs1                                  abs1         000000
__Lbank0                                 bank0        000000
__Lbank1                                 bank1        000000
__Lbank10                                bank10       000000
__Lbank11                                bank11       000000
__Lbank12                                bank12       000000
__Lbank13                                bank13       000000
__Lbank14                                bank14       000000
__Lbank15                                bank15       000000
__Lbank2                                 bank2        000000
__Lbank3                                 bank3        000000
__Lbank4                                 bank4        000000
__Lbank5                                 bank5        000000
__Lbank6                                 bank6        000000
__Lbank7                                 bank7        000000
__Lbank8                                 bank8        000000
__Lbank9                                 bank9        000000
__Lbigbss                                bigbss       000000
__Lbigdata                               bigdata      000000
__Lbigram                                bigram       000000
__Lbigsfr                                bigsfr       000000
__Lbss                                   bss          000000
__LbssBANK0                              bssBANK0     000000
__LbssBANK1                              bssBANK1     000000
__LbssCOMRAM                             bssCOMRAM    000000
__Lcinit                                 cinit        000000
__Lclrtext                               clrtext      000000
__Lcomram                                comram       000000
__Lconfig                                config       000000
__Lconst                                 const        000000
__LcstackBANK0                           cstackBANK0  000000
__LcstackBANK1                           cstackBANK1  000000
__LcstackCOMRAM                          cstackCOMRAM 000000
__Ldata                                  data         000000
__LdataBANK0                             dataBANK0    000000
__LdataBANK1                             dataBANK1    000000
__LdataCOMRAM                            dataCOMRAM   000000
__Leeprom_data                           eeprom_data  000000
__Lfarbss                                farbss       000000
__Lfardata                               fardata      000000
__Lheap                                  heap         000000
__Libigdata                              ibigdata     000000
__Lidata                                 idata        000000
__LidataBANK0                            idataBANK0   000000
__LidataBANK1                            idataBANK1   000000
__LidataCOMRAM                           idataCOMRAM  000000
__Lidloc                                 idloc        000000
__Lifardata                              ifardata     000000
__Linit                                  init         00006A
__Lintcode                               intcode      000008
__Lintcode_body                          intcode_body 000000
__Lintcodelo                             intcodelo    000018
__Lintentry                              intentry     000000
__Lintret                                intret       000000
__Lintsave_regs                          intsave_regs 000000
__Lirdata                                irdata       000000
__Lmediumconst                           mediumconst  000000
__LnvFARRAM                              nvFARRAM     000000
__Lnvbit                                 nvbit        000000
__Lnvrram                                nvrram       000000
__Lparam                                 rparam       000000
__Lpowerup                               powerup      00006A
__Lram                                   ram          000000
__Lramtop                                ramtop       001000
__Lrbit                                  rbit         000000
__Lrbss                                  rbss         000000
__Lrdata                                 rdata        000000
__Lreset_vec                             reset_vec    000000
__Lrparam                                rparam       000000
__Lsfr                                   sfr          000000
__Lsmallconst                            smallconst   001000
__Lspace_0                               (abs)        000000
__Lspace_1                               (abs)        000000
__Lspace_2                               (abs)        000000
__Lspace_4                               (abs)        000000
__Lstack                                 stack        000000
__Lstruct                                struct       000000
__Ltemp                                  temp         00005A
__Ltext                                  text         000000
__Ltext0                                 text0        000000
__Ltext1                                 text1        000000
__Ltext10                                text10       000000
__Ltext11                                text11       000000
__Ltext12                                text12       000000
__Ltext13                                text13       000000
__Ltext15                                text15       000000
__Ltext16                                text16       000000
__Ltext17                                text17       000000
__Ltext18                                text18       000000
__Ltext19                                text19       000000
__Ltext2                                 text2        000000
__Ltext20                                text20       000000
__Ltext21                                text21       000000
__Ltext22                                text22       000000
__Ltext23                                text23       000000
__Ltext24                                text24       000000
__Ltext25                                text25       000000
__Ltext26                                text26       000000
__Ltext27                                text27       000000
__Ltext28                                text28       000000
__Ltext29                                text29       000000
__Ltext3                                 text3        000000
__Ltext30                                text30       000000
__Ltext31                                text31       000000
__Ltext32                                text32       000000
__Ltext33                                text33       000000
__Ltext35                                text35       000000
__Ltext36                                text36       000000
__Ltext37                                text37       000000
__Ltext38                                text38       000000
__Ltext39                                text39       000000
__Ltext4                                 text4        000000
__Ltext40                                text40       000000
__Ltext41                                text41       000000
__Ltext42                                text42       000000
__Ltext43                                text43       000000
__Ltext44                                text44       000000
__Ltext45                                text45       000000
__Ltext46                                text46       000000
__Ltext47                                text47       000000
__Ltext48                                text48       000000
__Ltext49                                text49       000000
__Ltext5                                 text5        000000
__Ltext50                                text50       000000
__Ltext51                                text51       000000
__Ltext52                                text52       000000
__Ltext53                                text53       000000
__Ltext54                                text54       000000
__Ltext6                                 text6        000000
__Ltext7                                 text7        000000
__Ltext8                                 text8        000000
__Ltext9                                 text9        000000
__S0                                     (abs)        0033AC
__S1                                     (abs)        000149
__S4                                     (abs)        000000
__S5                                     (abs)        000000
___fladd                                 text7        001006
___fladd@a                               cstackBANK1  000104
___fladd@aexp                            cstackBANK1  000109
___fladd@b                               cstackBANK1  000100
___fladd@bexp                            cstackBANK1  00010A
___fladd@grs                             cstackBANK1  00010B
___fladd@signs                           cstackBANK1  000108
___fldiv                                 text13       00192A
___fldiv@a                               cstackBANK0  00009D
___fldiv@aexp                            cstackBANK0  0000B1
___fldiv@b                               cstackBANK0  000099
___fldiv@bexp                            cstackBANK0  0000B0
___fldiv@grs                             cstackBANK0  0000AC
___fldiv@new_exp                         cstackBANK0  0000AA
___fldiv@rem                             cstackBANK0  0000A5
___fldiv@sign                            cstackBANK0  0000A9
___flmul                                 text12       0014FE
___flmul@a                               cstackBANK0  000084
___flmul@aexp                            cstackBANK0  00008D
___flmul@b                               cstackBANK0  000080
___flmul@bexp                            cstackBANK0  000092
___flmul@grs                             cstackBANK0  00008E
___flmul@prod                            cstackBANK0  000093
___flmul@sign                            cstackBANK0  00008C
___flmul@temp                            cstackBANK0  000097
___fltol                                 text11       002936
___fltol@exp1                            cstackBANK0  0000B7
___fltol@f1                              cstackBANK1  00010C
___fltol@sign1                           cstackBANK0  0000B6
___heap_hi                               (abs)        000000
___heap_lo                               (abs)        000000
___inthi_sp                              stack        000000
___intlo_sp                              stack        000000
___param_bank                            (abs)        000000
___rparam_used                           (abs)        000001
___sp                                    stack        000000
___xxtofl                                text10       002512
___xxtofl@arg                            cstackCOMRAM 000030
___xxtofl@exp                            cstackCOMRAM 00002F
___xxtofl@sign                           cstackCOMRAM 00002E
___xxtofl@val                            cstackCOMRAM 000026
__accesstop                              (abs)        000080
__activetblptr                           (abs)        000003
__end_of_ADC_ISR                         text33       00339C
__end_of_CCP1_Init                       text3        002512
__end_of_CCP1_PWM1_Set_Duty_Cycle        text9        002B6A
__end_of_CCP1_PWM1_Start                 text8        003350
__end_of_INT0_ISR                        text32       003398
__end_of_INT1_ISR                        text31       003394
__end_of_INT2_ISR                        text30       003390
__end_of_InterruptCheck                  text15       001FE8
__end_of_InterruptManagerHigh            intcode_body 003078
__end_of_InterruptManagerLow             intcodelo    00006A
__end_of_RB4_ISR                         text29       0032BC
__end_of_RB5_ISR                         text28       0032A2
__end_of_RB6_ISR                         text27       003288
__end_of_RB7_ISR                         text26       00326E
__end_of_TMR1_ISR                        text22       0030E4
__end_of_TMR2_ISR                        text21       00337E
__end_of_TMR3_ISR                        text20       00336A
__end_of_TMRO_ISR                        text16       0030AE
__end_of_Timer1_Read_value               text19       002F3C
__end_of_Timer1_Write_value              text18       0031FC
__end_of_Timer2_Init                     text2        002C48
__end_of___fladd                         text7        0014FE
__end_of___fldiv                         text13       001CC6
__end_of___flmul                         text12       00192A
__end_of___fltol                         text11       002A54
__end_of___xxtofl                        text10       0026C6
__end_of__initialization                 cinit        002DF0
__end_of_app_intialize                   text1        003238
__end_of_gpio_pin_direction_intialize    text6        00280A
__end_of_gpio_pin_intialize              text4        00303E
__end_of_gpio_pin_toggle_logic           text25       002CDA
__end_of_gpio_pin_write_logic            text5        002936
__end_of_led_turn_toggle                 text24       002E6C
__end_of_main                            text0        002FF4
__end_of_timer0_interruptHundler         text17       003184
__end_of_timer1_interruptHundler         text23       00333C
__end_ofi2_ADC_ISR                       text53       0033AC
__end_ofi2_INT0_ISR                      text52       0033A8
__end_ofi2_INT1_ISR                      text51       0033A4
__end_ofi2_INT2_ISR                      text50       0033A0
__end_ofi2_InterruptCheck                text35       00230A
__end_ofi2_RB4_ISR                       text49       003324
__end_ofi2_RB5_ISR                       text48       00330A
__end_ofi2_RB6_ISR                       text47       0032F0
__end_ofi2_RB7_ISR                       text46       0032D6
__end_ofi2_TMR1_ISR                      text42       003150
__end_ofi2_TMR2_ISR                      text41       003386
__end_ofi2_TMR3_ISR                      text40       003376
__end_ofi2_TMRO_ISR                      text36       00311A
__end_ofi2_Timer1_Read_value             text39       002F9A
__end_ofi2_Timer1_Write_value            text38       00321C
__end_ofi2_gpio_pin_toggle_logic         text45       002D6C
__end_ofi2_led_turn_toggle               text44       002EDE
__end_ofi2_timer0_interruptHundler       text37       0031DC
__end_ofi2_timer1_interruptHundler       text43       00335E
__initialization                         cinit        002D6C
__mediumconst                            mediumconst  000000
__pbssBANK0                              bssBANK0     0000E5
__pbssBANK1                              bssBANK1     00013E
__pbssCOMRAM                             bssCOMRAM    000035
__pcinit                                 cinit        002D6C
__pcstackBANK0                           cstackBANK0  000080
__pcstackBANK1                           cstackBANK1  000100
__pcstackCOMRAM                          cstackCOMRAM 000001
__pdataBANK0                             dataBANK0    0000B8
__pdataBANK1                             dataBANK1    000123
__pdataCOMRAM                            dataCOMRAM   000054
__pidataBANK0                            idataBANK0   003184
__pidataBANK1                            idataBANK1   003238
__pidataCOMRAM                           idataCOMRAM  003386
__pintcode                               intcode      000008
__pintcode_body                          intcode_body 00303E
__pintcodelo                             intcodelo    000018
__psmallconst                            smallconst   001000
__ptext0                                 text0        002F9A
__ptext1                                 text1        00321C
__ptext10                                text10       002512
__ptext11                                text11       002936
__ptext12                                text12       0014FE
__ptext13                                text13       00192A
__ptext15                                text15       001CC6
__ptext16                                text16       003078
__ptext17                                text17       003150
__ptext18                                text18       0031DC
__ptext19                                text19       002EDE
__ptext2                                 text2        002B6A
__ptext20                                text20       00335E
__ptext21                                text21       003376
__ptext22                                text22       0030AE
__ptext23                                text23       003324
__ptext24                                text24       002DFA
__ptext25                                text25       002C48
__ptext26                                text26       003254
__ptext27                                text27       00326E
__ptext28                                text28       003288
__ptext29                                text29       0032A2
__ptext3                                 text3        00230A
__ptext30                                text30       00338C
__ptext31                                text31       003390
__ptext32                                text32       003394
__ptext33                                text33       003398
__ptext35                                text35       001FE8
__ptext36                                text36       0030E4
__ptext37                                text37       0031B2
__ptext38                                text38       0031FC
__ptext39                                text39       002F3C
__ptext4                                 text4        002FF4
__ptext40                                text40       00336A
__ptext41                                text41       00337E
__ptext42                                text42       00311A
__ptext43                                text43       003350
__ptext44                                text44       002E6C
__ptext45                                text45       002CDA
__ptext46                                text46       0032BC
__ptext47                                text47       0032D6
__ptext48                                text48       0032F0
__ptext49                                text49       00330A
__ptext5                                 text5        00280A
__ptext50                                text50       00339C
__ptext51                                text51       0033A0
__ptext52                                text52       0033A4
__ptext53                                text53       0033A8
__ptext54                                text54       000000
__ptext6                                 text6        0026C6
__ptext7                                 text7        001006
__ptext8                                 text8        00333C
__ptext9                                 text9        002A54
__ramtop                                 ramtop       001000
__smallconst                             smallconst   001000
_app_intialize                           text1        00321C
_ccp1_obj                                dataBANK0    0000D2
_gpio_pin_direction_intialize            text6        0026C6
_gpio_pin_intialize                      text4        002FF4
_gpio_pin_toggle_logic                   text25       002C48
_gpio_pin_write_logic                    text5        00280A
_lat_registers                           dataBANK0    0000B8
_lcd_1                                   dataBANK0    0000CC
_lcd_2                                   dataBANK1    00012D
_led1                                    dataCOMRAM   000059
_led2                                    dataCOMRAM   000054
_led_turn_toggle                         text24       002DFA
_main                                    text0        002F9A
_port_registers                          dataBANK1    000123
_timer0                                  dataBANK1    000137
_timer0_count                            bssCOMRAM    00004E
_timer0_interruptHundler                 text17       003150
_timer0_interruptHundler$intlevel1       text17       00315A
_timer0_preload                          bssCOMRAM    00003B
_timer1                                  dataBANK0    0000DA
_timer1_count                            bssCOMRAM    000053
_timer1_interruptHundler                 text23       003324
_timer1_interruptHundler$intlevel1       text23       00332E
_timer1_preload                          bssCOMRAM    000037
_timer2                                  dataBANK0    0000E0
_timer2_preload                          bssCOMRAM    00004D
_timer3_preload                          bssCOMRAM    000035
_tris_registers                          dataBANK0    0000C2
btemp                                    temp         00005A
end_of_initialization                    cinit        002DF0
gpio_pin_direction_intialize@_pin_config cstackCOMRAM 000026
gpio_pin_direction_intialize@ret         cstackCOMRAM 00002E
gpio_pin_intialize@_pin_config           cstackCOMRAM 000030
gpio_pin_intialize@ret                   cstackCOMRAM 000032
gpio_pin_toggle_logic@_pin_config        cstackCOMRAM 000012
gpio_pin_write_logic@_pin_config         cstackCOMRAM 000026
gpio_pin_write_logic@logic               cstackCOMRAM 000028
gpio_pin_write_logic@ret                 cstackCOMRAM 00002F
i2RB4_ISR@RB4_Source                     cstackCOMRAM 000001
i2RB5_ISR@RB5_Source                     cstackCOMRAM 000001
i2RB6_ISR@RB6_Source                     cstackCOMRAM 000001
i2RB7_ISR@RB7_Source                     cstackCOMRAM 000001
i2Timer1_Read_value@_timer               cstackCOMRAM 000001
i2Timer1_Read_value@_value               cstackCOMRAM 000003
i2Timer1_Read_value@tmr1h                cstackCOMRAM 000008
i2Timer1_Read_value@tmr1l                cstackCOMRAM 000007
i2Timer1_Write_value@_timer              cstackCOMRAM 000001
i2Timer1_Write_value@_value              cstackCOMRAM 000003
i2_ADC_ISR                               text53       0033A8
i2_INT0_ISR                              text52       0033A4
i2_INT1_ISR                              text51       0033A0
i2_INT2_ISR                              text50       00339C
i2_InterruptCheck                        text35       001FE8
i2_RB4_ISR                               text49       00330A
i2_RB5_ISR                               text48       0032F0
i2_RB6_ISR                               text47       0032D6
i2_RB7_ISR                               text46       0032BC
i2_TMR1_ISR                              text42       00311A
i2_TMR2_ISR                              text41       00337E
i2_TMR3_ISR                              text40       00336A
i2_TMRO_ISR                              text36       0030E4
i2_Timer1_Read_value                     text39       002F3C
i2_Timer1_Write_value                    text38       0031FC
i2_gpio_pin_toggle_logic                 text45       002CDA
i2_led_turn_toggle                       text44       002E6C
i2_timer0_interruptHundler               text37       0031B2
i2_timer1_interruptHundler               text43       003350
i2gpio_pin_toggle_logic@_pin_config      cstackCOMRAM 000001
i2led_turn_toggle@led                    cstackCOMRAM 000008
i2led_turn_toggle@pin_obj                cstackCOMRAM 00000B
int$flags                                temp         00005A
int_func                                 intcode_body 00303E
intlevel0                                text         000000
intlevel1                                text         000000
intlevel2                                text         000000
intlevel3                                text         000000
isa$std                                  (abs)        000001
isa$xinst                                (abs)        000000
led_initialize@F3048                     bssCOMRAM    000052
led_turn_off@F3058                       bssCOMRAM    000050
led_turn_on@F3053                        bssCOMRAM    000051
led_turn_toggle@F3063                    bssCOMRAM    00004F
led_turn_toggle@led                      cstackCOMRAM 000019
led_turn_toggle@pin_obj                  cstackCOMRAM 00001C
main@i                                   cstackBANK1  000121
stackhi                                  (abs)        000000
stacklo                                  (abs)        000000
start                                    init         00006A
start_initialization                     cinit        002D6C
ttemp5                                   temp         00005B
ttemp6                                   temp         00005E
ttemp7                                   temp         000062
wtemp8                                   temp         00005B


MODULE INFORMATION

Module		Function		Class		Link	Load	Size
MCAL_Layer/Timer/Timer3/hal_timer3.c
		_TMR3_ISR      		CODE           	335E	0000	12

MCAL_Layer/Timer/Timer3/hal_timer3.c estimated size: 12

MCAL_Layer/Timer/Timer2/hal_timer2.c
		_TMR2_ISR      		CODE           	3376	0000	8
		_Timer2_Init   		CODE           	2B6A	0000	222

MCAL_Layer/Timer/Timer2/hal_timer2.c estimated size: 230

C:\Program Files\Microchip\xc8\v2.41\pic\sources\c99\common\fltol.c
		___fltol       		CODE           	2936	0000	286

C:\Program Files\Microchip\xc8\v2.41\pic\sources\c99\common\fltol.c estimated size: 286

C:\Program Files\Microchip\xc8\v2.41\pic\sources\c99\common\xxtofl.c
		___xxtofl      		CODE           	2512	0000	436

C:\Program Files\Microchip\xc8\v2.41\pic\sources\c99\common\xxtofl.c estimated size: 436

MCAL_Layer/Timer/Timer1/hal_timer1.c
		_Timer1_Read_value		CODE           	2EDE	0000	94
		_TMR1_ISR      		CODE           	30AE	0000	54
		_Timer1_Write_value		CODE           	31DC	0000	32

MCAL_Layer/Timer/Timer1/hal_timer1.c estimated size: 180

MCAL_Layer/Timer/Timer0/hal_timer0.c
		_TMRO_ISR      		CODE           	3078	0000	54

MCAL_Layer/Timer/Timer0/hal_timer0.c estimated size: 54

C:\Program Files\Microchip\xc8\v2.41\pic\sources\c99\common\sprcadd.c
		___fladd       		CODE           	1006	0000	1272

C:\Program Files\Microchip\xc8\v2.41\pic\sources\c99\common\sprcadd.c estimated size: 1272

shared
		i2_RB6_ISR     		CODE           	32D6	0000	26
		i2_INT1_ISR    		CODE           	33A0	0000	4
		i2_TMR1_ISR    		CODE           	311A	0000	54
		i2_RB7_ISR     		CODE           	32BC	0000	26
		i2_timer0_interruptHundler		CODE           	31B2	0000	42
		i2_timer1_interruptHundler		CODE           	3350	0000	14
		i2_Timer1_Read_value		CODE           	2F3C	0000	94
		__initialization		CODE           	2D6C	0000	132
		i2_Timer1_Write_value		CODE           	31FC	0000	32
		i2_InterruptCheck		CODE           	1FE8	0000	802
		i2_INT2_ISR    		CODE           	339C	0000	4
		i2_TMRO_ISR    		CODE           	30E4	0000	54
		i2_TMR2_ISR    		CODE           	337E	0000	8
		i2_RB4_ISR     		CODE           	330A	0000	26
		i2_gpio_pin_toggle_logic		CODE           	2CDA	0000	146
		i2_ADC_ISR     		CODE           	33A8	0000	4
		i2_INT0_ISR    		CODE           	33A4	0000	4
		i2_RB5_ISR     		CODE           	32F0	0000	26
		i2_led_turn_toggle		CODE           	2E6C	0000	114
		i2_TMR3_ISR    		CODE           	336A	0000	12

shared estimated size: 1624

MCAL_Layer/Interrupt/mcal_external_interrupt.c
		_RB4_ISR       		CODE           	32A2	0000	26
		_RB5_ISR       		CODE           	3288	0000	26
		_RB6_ISR       		CODE           	326E	0000	26
		_RB7_ISR       		CODE           	3254	0000	26
		_INT0_ISR      		CODE           	3394	0000	4
		_INT1_ISR      		CODE           	3390	0000	4
		_INT2_ISR      		CODE           	338C	0000	4

MCAL_Layer/Interrupt/mcal_external_interrupt.c estimated size: 116

MCAL_Layer/ADC/hal_adc.c
		_ADC_ISR       		CODE           	3398	0000	4

MCAL_Layer/ADC/hal_adc.c estimated size: 4

MCAL_Layer/Interrupt/mcal_interrupt_manager.c
		_InterruptCheck		CODE           	1CC6	0000	802
		_InterruptManagerLow		CODE           	0018	0000	82
		_InterruptManagerHigh		CODE           	0008	0000	64

MCAL_Layer/Interrupt/mcal_interrupt_manager.c estimated size: 948

MCAL_Layer/GPIO/hal_gpio.c
		_gpio_pin_write_logic		CODE           	280A	0000	300
		_gpio_pin_intialize		CODE           	2FF4	0000	74
		_gpio_pin_direction_intialize		CODE           	26C6	0000	324
		_gpio_pin_toggle_logic		CODE           	2C48	0000	146

MCAL_Layer/GPIO/hal_gpio.c estimated size: 844

ECU_Layer/LED/ecu_led.c
		_led_turn_toggle		CODE           	2DFA	0000	114

ECU_Layer/LED/ecu_led.c estimated size: 114

application.c
		_timer0_interruptHundler		CODE           	3150	0000	52
		_main          		CODE           	2F9A	0000	90
		_app_intialize 		CODE           	321C	0000	28
		_timer1_interruptHundler		CODE           	3324	0000	24

application.c estimated size: 194

C:\Program Files\Microchip\xc8\v2.41\pic\sources\c99\common\sprcmul.c
		___flmul       		CODE           	14FE	0000	1068

C:\Program Files\Microchip\xc8\v2.41\pic\sources\c99\common\sprcmul.c estimated size: 1068

MCAL_Layer/CCP/CCP1/hal_ccp1.c
		_CCP1_Init     		CODE           	230A	0000	520
		_CCP1_PWM1_Start		CODE           	333C	0000	20
		_CCP1_PWM1_Set_Duty_Cycle		CODE           	2A54	0000	278

MCAL_Layer/CCP/CCP1/hal_ccp1.c estimated size: 818

C:\Program Files\Microchip\xc8\v2.41\pic\sources\c99\common\sprcdiv.c
		___fldiv       		CODE           	192A	0000	924

C:\Program Files\Microchip\xc8\v2.41\pic\sources\c99\common\sprcdiv.c estimated size: 924

