Microchip MPLAB XC8 Compiler V2.41

Linker command line:

-W-3 \
  --edf=C:\Program Files\Microchip\xc8\v2.41\pic\dat\20230208172133_en.msgs \
  -cn -h+dist/default/production\LCD_Driver.production.sym \
  --cmf=dist/default/production\LCD_Driver.production.cmf -z -Q18F4620 \
  -oC:\Users\Belal\AppData\Local\Temp\xcAs264.\driver_tmp_3.o \
  --defsym=__MPLAB_BUILD=1 --fixupoverflow=error \
  -Mdist/default/production/LCD_Driver.production.map \
  --md=C:\Users\Belal\AppData\Local\Temp\xcAs264.\driver_tmp_0.dat -E1 \
  -ver=XC8 Compiler --acfsm=1493 -ACODE=00h-0FFFFh -ACONST=00h-0FFFFh \
  -ASMALLCONST=01000h-010FFhx240 -AMEDIUMCONST=01000h-0FFFFh \
  -ACOMRAM=01h-07Fh -AABS1=00h-0F7Fh -ABIGRAM=01h-0F7Fh \
  -ARAM=080h-0FFh,0100h-01FFhx14,0F00h-0F7Fh -ABANK0=080h-0FFh \
  -ABANK1=0100h-01FFh -ABANK2=0200h-02FFh -ABANK3=0300h-03FFh \
  -ABANK4=0400h-04FFh -ABANK5=0500h-05FFh -ABANK6=0600h-06FFh \
  -ABANK7=0700h-07FFh -ABANK8=0800h-08FFh -ABANK9=0900h-09FFh \
  -ABANK10=0A00h-0AFFh -ABANK11=0B00h-0BFFh -ABANK12=0C00h-0CFFh \
  -ABANK13=0D00h-0DFFh -ABANK14=0E00h-0EFFh -ABANK15=0F00h-0F7Fh \
  -ASFR=0F80h-0FFFh -ABIGSFR=0F80h-0FFFh -ACONFIG=0300000h-030000Dh \
  -AIDLOC=0200000h-0200007h -AEEDATA=0F00000h-0F003FFh -peeprom_data=EEDATA \
  -preset_vec=00h,intcode=08h,intcodelo=018h,powerup,init -pramtop=01000h \
  -psmallconst=SMALLCONST -pmediumconst=MEDIUMCONST -pconst=CONST \
  -AFARRAM=00h-00h \
  -prdata=COMRAM,nvrram=COMRAM,nvbit=COMRAM,rbss=COMRAM,rbit=COMRAM \
  -pfarbss=FARRAM,fardata=FARRAM,nvFARRAM=FARRAM \
  -pintsave_regs=BIGRAM,bigbss=BIGRAM,bigdata=BIGRAM -pbss=RAM \
  -pidata=CODE,irdata=CODE,ibigdata=CODE,ifardata=CODE -prparam=COMRAM \
  C:\Users\Belal\AppData\Local\Temp\xcAs264.\driver_tmp_9.o \
  dist/default/production\LCD_Driver.production.o 

Object code version is 3.11

Machine type is 18F4620



                Name                               Link     Load   Length Selector   Space Scale
C:\Users\Belal\AppData\Local\Temp\xcAs264.\driver_tmp_9.o
                idloc                            200000   200000        8        0       5
                config                           300000   300000        E        0       4
                init                                 5A       5A        4        C       0
                reset_vec                             0        0        4        0       0
dist/default/production\LCD_Driver.production.o
                intcodelo                            18       18       42        C       0
                intcode                               8        8        6        4       0
                idloc                            200000   200000        8        0       5
                config                           300000   300000        E        0       4
                temp                                 6B       6B        1        1       1
                smallconst                         1000     1000        6      800       0
                text61                             238C     238C        4     11B0       0
                text60                             1DF0     1DF0       38      EB6       0
                text59                             21AC     21AC       20      EB6       0
                text58                             1BAC     1BAC       62      803       0
                text57                             2082     2082       2E      EB6       0
                text56                             1F66     1F66       32      EB6       0
                text55                             21EA     21EA       1C      EB6       0
                text54                             1FC8     1FC8       30      EB6       0
                text53                             232E     232E       10     118F       0
                text52                             2054     2054       2E      EB6       0
                text51                             2388     2388        4     11B0       0
                text50                             2384     2384        4     11B0       0
                text49                             2380     2380        4     11B0       0
                text48                             22F0     22F0       1A      EB6       0
                text47                             22D6     22D6       1A      EB6       0
                text46                             22BC     22BC       1A      EB6       0
                text45                             22A2     22A2       1A      EB6       0
                text44                             234A     234A        C     118F       0
                text43                             2368     2368        8     11B0       0
                text42                             231E     231E       10     118F       0
                text41                             1ECA     1ECA       36      EB6       0
                text40                             1C6C     1C6C       5E      803       0
                text39                             218C     218C       20      EB6       0
                text38                             20DA     20DA       2A      EB6       0
                text37                             1E94     1E94       36      EB6       0
                text36                             1388     1388      382      803       0
                intcode_body                       20B0     20B0       2A      EB6       0
                text34                             237C     237C        4     11B0       0
                text33                             1DB8     1DB8       38      EB6       0
                text32                             216C     216C       20      EB6       0
                text31                             1B40     1B40       6C      803       0
                text30                             2026     2026       2E      EB6       0
                text29                             1F34     1F34       32      EB6       0
                text28                             2104     2104       26      EB6       0
                text27                             1F98     1F98       30      EB6       0
                text26                             2288     2288       1A      EB6       0
                text25                             1FF8     1FF8       2E      EB6       0
                text24                             2378     2378        4     11B0       0
                text23                             2374     2374        4     11B0       0
                text22                             2370     2370        4     11B0       0
                text21                             226E     226E       1A      EB6       0
                text20                             2254     2254       1A      EB6       0
                text19                             223A     223A       1A      EB6       0
                text18                             2220     2220       1A      EB6       0
                text17                             233E     233E        C     118F       0
                text16                             2360     2360        8     11B0       0
                text15                             2206     2206       1A      EB6       0
                text14                             1E5E     1E5E       36      EB6       0
                text13                             1C0E     1C0E       5E      803       0
                text12                             214C     214C       20      EB6       0
                text11                             1F00     1F00       34      EB6       0
                text10                             1E28     1E28       36      EB6       0
                text9                              1006     1006      382      803       0
                text7                              212A     212A       22      EB6       0
                text6                              199A     199A       A0      803       0
                text5                              170A     170A      154      803       0
                text4                              185E     185E      13C      803       0
                text3                              1CCA     1CCA       54      803       0
                text2                              1A3A     1A3A       84      803       0
                text1                              21CC     21CC       1E      EB6       0
                text0                              1D6C     1D6C       4C      EB6       0
                cstackCOMRAM                         47       47       1B        1       1
                cstackBANK0                          FA       FA        6       80       1
                cstackBANK1                         113      113        E      100       1
                dataBANK1                           100      100       13      100       1
                dataBANK0                            80       80       4D       80       1
                bssBANK0                             CD       CD       2D       80       1
                dataCOMRAM                           62       62        9        1       1
                bssCOMRAM                             1        1       46        1       1
                cinit                              1ABE     1ABE       82      803       0
                idataBANK1                         230A     230A       13      EB6       0
                idataBANK0                         1D1E     1D1E       4D      803       0
                idataCOMRAM                        2356     2356        9     118F       0

TOTAL           Name                               Link     Load   Length     Space
        CLASS   CODE           
                intcodelo                            18       18       42         0
                intcode                               8        8        6         0
                init                                 5A       5A        4         0
                reset_vec                             0        0        4         0
                text61                             238C     238C        4         0
                text60                             1DF0     1DF0       38         0
                text59                             21AC     21AC       20         0
                text58                             1BAC     1BAC       62         0
                text57                             2082     2082       2E         0
                text56                             1F66     1F66       32         0
                text55                             21EA     21EA       1C         0
                text54                             1FC8     1FC8       30         0
                text53                             232E     232E       10         0
                text52                             2054     2054       2E         0
                text51                             2388     2388        4         0
                text50                             2384     2384        4         0
                text49                             2380     2380        4         0
                text48                             22F0     22F0       1A         0
                text47                             22D6     22D6       1A         0
                text46                             22BC     22BC       1A         0
                text45                             22A2     22A2       1A         0
                text44                             234A     234A        C         0
                text43                             2368     2368        8         0
                text42                             231E     231E       10         0
                text41                             1ECA     1ECA       36         0
                text40                             1C6C     1C6C       5E         0
                text39                             218C     218C       20         0
                text38                             20DA     20DA       2A         0
                text37                             1E94     1E94       36         0
                text36                             1388     1388      382         0
                intcode_body                       20B0     20B0       2A         0
                text34                             237C     237C        4         0
                text33                             1DB8     1DB8       38         0
                text32                             216C     216C       20         0
                text31                             1B40     1B40       6C         0
                text30                             2026     2026       2E         0
                text29                             1F34     1F34       32         0
                text28                             2104     2104       26         0
                text27                             1F98     1F98       30         0
                text26                             2288     2288       1A         0
                text25                             1FF8     1FF8       2E         0
                text24                             2378     2378        4         0
                text23                             2374     2374        4         0
                text22                             2370     2370        4         0
                text21                             226E     226E       1A         0
                text20                             2254     2254       1A         0
                text19                             223A     223A       1A         0
                text18                             2220     2220       1A         0
                text17                             233E     233E        C         0
                text16                             2360     2360        8         0
                text15                             2206     2206       1A         0
                text14                             1E5E     1E5E       36         0
                text13                             1C0E     1C0E       5E         0
                text12                             214C     214C       20         0
                text11                             1F00     1F00       34         0
                text10                             1E28     1E28       36         0
                text9                              1006     1006      382         0
                text7                              212A     212A       22         0
                text6                              199A     199A       A0         0
                text5                              170A     170A      154         0
                text4                              185E     185E      13C         0
                text3                              1CCA     1CCA       54         0
                text2                              1A3A     1A3A       84         0
                text1                              21CC     21CC       1E         0
                text0                              1D6C     1D6C       4C         0
                cinit                              1ABE     1ABE       82         0
                idataBANK1                         230A     230A       13         0
                idataBANK0                         1D1E     1D1E       4D         0
                idataCOMRAM                        2356     2356        9         0

        CLASS   CONST          

        CLASS   SMALLCONST     
                smallconst                         1000     1000        6         0

        CLASS   MEDIUMCONST    

        CLASS   COMRAM         
                temp                                 6B       6B        1         1
                cstackCOMRAM                         47       47       1B         1
                dataCOMRAM                           62       62        9         1
                bssCOMRAM                             1        1       46         1

        CLASS   ABS1           

        CLASS   BIGRAM         

        CLASS   RAM            

        CLASS   BANK0          
                cstackBANK0                          FA       FA        6         1
                dataBANK0                            80       80       4D         1
                bssBANK0                             CD       CD       2D         1

        CLASS   BANK1          
                cstackBANK1                         113      113        E         1
                dataBANK1                           100      100       13         1

        CLASS   BANK2          

        CLASS   BANK3          

        CLASS   BANK4          

        CLASS   BANK5          

        CLASS   BANK6          

        CLASS   BANK7          

        CLASS   BANK8          

        CLASS   BANK9          

        CLASS   BANK10         

        CLASS   BANK11         

        CLASS   BANK12         

        CLASS   BANK13         

        CLASS   BANK14         

        CLASS   BANK15         

        CLASS   SFR            

        CLASS   BIGSFR         

        CLASS   CONFIG         
                config                           300000   300000        E         4

        CLASS   IDLOC          
                idloc                            200000   200000        8         5

        CLASS   EEDATA         

        CLASS   FARRAM         

        CLASS   HEAP           

        CLASS   STACK          



SEGMENTS        Name                           Load    Length   Top    Selector   Space  Class

                reset_vec                      000000  000004  000004         0       0  CODE    
                bssCOMRAM                      000001  00006B  00006C         1       1  COMRAM  
                intcode                        000008  000006  00000E         4       0  CODE    
                intcodelo                      000018  000046  00005E         C       0  CODE    
                dataBANK0                      000080  000080  000100        80       1  BANK0   
                dataBANK1                      000100  000021  000121       100       1  BANK1   
                smallconst                     001000  000006  001006       800       0  SMALLCON
                text9                          001006  000D65  001D6B       803       0  CODE    
                text0                          001D6C  0005B1  00231D       EB6       0  CODE    
                text42                         00231E  000041  00235F      118F       0  CODE    
                text16                         002360  000030  002390      11B0       0  CODE    


UNUSED ADDRESS RANGES

        Name                Unused          Largest block    Delta
        BANK1            000121-0001FF               DF
        BANK10           000A00-000AFF              100
        BANK11           000B00-000BFF              100
        BANK12           000C00-000CFF              100
        BANK13           000D00-000DFF              100
        BANK14           000E00-000EFF              100
        BANK15           000F00-000F7F               80
        BANK2            000200-0002FF              100
        BANK3            000300-0003FF              100
        BANK4            000400-0004FF              100
        BANK5            000500-0005FF              100
        BANK6            000600-0006FF              100
        BANK7            000700-0007FF              100
        BANK8            000800-0008FF              100
        BANK9            000900-0009FF              100
        BIGRAM           00006C-00007F               14
                         000121-000F7F              E5F
        BIGSFR           000F80-000FFF               80
        CODE             000004-000007                4
                         00000E-000017                A
                         00005E-000FFF              FA2
                         001D6B-001D6B                1
                         00231D-00231D                1
                         00235F-00235F                1
                         002390-00FFFF             DC70
        COMRAM           00006C-00007F               14
        CONST            000004-000007                4
                         00000E-000017                A
                         00005E-000FFF              FA2
                         001D6B-001D6B                1
                         00231D-00231D                1
                         00235F-00235F                1
                         002390-00FFFF             DC70
        EEDATA           F00000-F003FF              400
        MEDIUMCONST      001D6B-001D6B                1
                         00231D-00231D                1
                         00235F-00235F                1
                         002390-00FFFF             DC70
        RAM              000121-000F7F              100
        SFR              000F80-000FFF               80
        SMALLCONST       001D6B-001D6B                1
                         00231D-00231D                1
                         00235F-00235F                1
                         002390-00FFFF              100

                                  Symbol Table

CCP1_Capture_Mode_Read_Value@F3086                bssCOMRAM    000033
CCP1_Capture_Mode_Read_Value@_capture_value       cstackCOMRAM 000053
CCP1_Capture_Mode_Read_Value@compare_temp_value   cstackCOMRAM 000055
EUSART_ASYNC_ReadByteNonBlocking@_data            cstackCOMRAM 000053
RB4_ISR@RB4_Source                                cstackCOMRAM 000053
RB5_ISR@RB5_Source                                cstackCOMRAM 000053
RB6_ISR@RB6_Source                                cstackCOMRAM 000053
RB7_ISR@RB7_Source                                cstackCOMRAM 000053
SPI_Init_Master@_spi                              cstackBANK0  0000FA
SPI_Init_Master@ret                               cstackBANK0  0000FD
SPI_WriteByteBlocking@_data                       cstackBANK0  0000FB
SPI_WriteByteBlocking@buff_removed                cstackBANK0  0000FA
Timer1_Read_value@_timer                          cstackCOMRAM 000053
Timer1_Read_value@_value                          cstackCOMRAM 000055
Timer1_Read_value@tmr1h                           cstackCOMRAM 00005A
Timer1_Read_value@tmr1l                           cstackCOMRAM 000059
Timer1_Write_value@_timer                         cstackCOMRAM 000053
Timer1_Write_value@_value                         cstackCOMRAM 000055
Timer3_Write_value@_timer                         cstackCOMRAM 000053
Timer3_Write_value@_value                         cstackCOMRAM 000055
_ADCON0bits                                       (abs)        000FC2
_ADCON1bits                                       (abs)        000FC1
_ADCON2bits                                       (abs)        000FC0
_ADC_ISR                                          text34       00237C
_ADC_InterruptHandler                             bssCOMRAM    000037
_ADRESH                                           (abs)        000FC4
_ADRESL                                           (abs)        000FC3
_BAUDCONbits                                      (abs)        000FB8
_CCP1CONbits                                      (abs)        000FBD
_CCP1_Capture_Mode_Read_Value                     text33       001DB8
_CCP1_ISR                                         text30       002026
_CCP1_InterruptHandler                            bssCOMRAM    000035
_CCP1_Interrupt_flag                              bssCOMRAM    00003A
_CCP1_Interrupt_flag_2                            bssCOMRAM    000039
_CCP1_interruptHundler                            text31       001B40
_CCP1_interruptHundler$intlevel1                  text31       001B4A
_CCPR1H                                           (abs)        000FBF
_CCPR1L                                           (abs)        000FBE
_EEADR                                            (abs)        000FA9
_EEADRH                                           (abs)        000FAA
_EECON1bits                                       (abs)        000FA6
_EECON2                                           (abs)        000FA7
_EEDATA                                           (abs)        000FA8
_EUSART_ASYNC_ReadByteNonBlocking                 text29       001F34
_EUSART_FramingErrorHandler                       bssCOMRAM    000009
_EUSART_OverrunErrorHandler                       bssCOMRAM    000007
_EUSART_RX_ISR                                    text27       001F98
_EUSART_Rx_InterruptHandler                       text28       002104
_EUSART_Rx_InterruptHandler$intlevel1             text28       00210E
_EUSART_Rx_InterruptHandler@hal_usart$F3942       bssCOMRAM    00000B
_EUSART_TX_ISR                                    text25       001FF8
_EUSART_Tx_InterruptHandler                       text26       002288
_EUSART_Tx_InterruptHandler$intlevel1             text26       002292
_EUSART_Tx_InterruptHandler@hal_usart$F3941       bssCOMRAM    00000D
_I2C_DefaultInterruptHandle                       bssCOMRAM    000003
_I2C_Report_Receive_Overflow_InterruptHandle      bssCOMRAM    000001
_I2C_Report_Write_Collision_InterruptHandler      bssCOMRAM    000005
_INT0_ISR                                         text24       002378
_INT0_InterruptHandler                            bssCOMRAM    000031
_INT1_ISR                                         text23       002374
_INT1_InterruptHandler                            bssCOMRAM    00002F
_INT2_ISR                                         text22       002370
_INT2_InterruptHandler                            bssCOMRAM    00002D
_INTCON2bits                                      (abs)        000FF1
_INTCON3bits                                      (abs)        000FF0
_INTCONbits                                       (abs)        000FF2
_IPR1bits                                         (abs)        000F9F
_IPR2bits                                         (abs)        000FA2
_InterruptCheck                                   text9        001006
_InterruptManagerHigh                             intcode      000008
_InterruptManagerLow                              intcodelo    000018
_LATA                                             (abs)        000F89
_LATB                                             (abs)        000F8A
_LATC                                             (abs)        000F8B
_LATD                                             (abs)        000F8C
_LATE                                             (abs)        000F8D
_PIE1bits                                         (abs)        000F9D
_PIE2bits                                         (abs)        000FA0
_PIR1bits                                         (abs)        000F9E
_PIR2bits                                         (abs)        000FA1
_PORTA                                            (abs)        000F80
_PORTB                                            (abs)        000F81
_PORTBbits                                        (abs)        000F81
_PORTC                                            (abs)        000F82
_PORTD                                            (abs)        000F83
_PORTE                                            (abs)        000F84
_RB4_Flag                                         dataCOMRAM   000069
_RB4_ISR                                          text21       00226E
_RB4_InterruptHandler_HIGH                        bssCOMRAM    00002B
_RB4_InterruptHandler_LOW                         bssCOMRAM    000029
_RB5_Flag                                         dataCOMRAM   000068
_RB5_ISR                                          text20       002254
_RB5_InterruptHandler_HIGH                        bssCOMRAM    000027
_RB5_InterruptHandler_LOW                         bssCOMRAM    000025
_RB6_Flag                                         dataCOMRAM   000067
_RB6_ISR                                          text19       00223A
_RB6_InterruptHandler_HIGH                        bssCOMRAM    000023
_RB6_InterruptHandler_LOW                         bssCOMRAM    000021
_RB7_Flag                                         dataCOMRAM   000066
_RB7_ISR                                          text18       002220
_RB7_InterruptHandler_HIGH                        bssCOMRAM    00001F
_RB7_InterruptHandler_LOW                         bssCOMRAM    00001D
_RCONbits                                         (abs)        000FD0
_RCREG                                            (abs)        000FAE
_RCSTAbits                                        (abs)        000FAB
_SPBRG                                            (abs)        000FAF
_SPBRGH                                           (abs)        000FB0
_SPI_Init_Master                                  text6        00199A
_SPI_Master_obj                                   bssBANK0     0000F6
_SPI_Slave_obj                                    dataCOMRAM   000062
_SPI_WriteByteBlocking                            text7        00212A
_SSPADD                                           (abs)        000FC8
_SSPBUF                                           (abs)        000FC9
_SSPCON1bits                                      (abs)        000FC6
_SSPCON2bits                                      (abs)        000FC5
_SSPSTATbits                                      (abs)        000FC7
_T0CONbits                                        (abs)        000FD5
_T1CONbits                                        (abs)        000FCD
_T2CONbits                                        (abs)        000FCA
_T3CONbits                                        (abs)        000FB1
_TMR0H                                            (abs)        000FD7
_TMR0L                                            (abs)        000FD6
_TMR0_InterruptHandler                            bssCOMRAM    00001B
_TMR1H                                            (abs)        000FCF
_TMR1L                                            (abs)        000FCE
_TMR1_ISR                                         text17       00233E
_TMR1_InterruptHandler                            bssCOMRAM    000017
_TMR2                                             (abs)        000FCC
_TMR2_ISR                                         text16       002360
_TMR2_InterruptHandler                            bssCOMRAM    000013
_TMR3H                                            (abs)        000FB3
_TMR3L                                            (abs)        000FB2
_TMR3_ISR                                         text14       001E5E
_TMR3_InterruptHandler                            bssCOMRAM    000011
_TMRO_ISR                                         text10       001E28
_TRISA                                            (abs)        000F92
_TRISAbits                                        (abs)        000F92
_TRISB                                            (abs)        000F93
_TRISC                                            (abs)        000F94
_TRISCbits                                        (abs)        000F94
_TRISD                                            (abs)        000F95
_TRISE                                            (abs)        000F96
_TXREG                                            (abs)        000FAD
_TXSTAbits                                        (abs)        000FAC
_Timer1_Read_value                                text13       001C0E
_Timer1_Write_value                               text12       00214C
_Timer3_Write_value                               text32       00216C
_Total_period_microSecond                         bssBANK0     0000E2
__HRAM                                            (abs)        000000
__H__absolute__                                   __absolute__ 000000
__Habs1                                           abs1         000000
__Hbank0                                          bank0        000000
__Hbank1                                          bank1        000000
__Hbank10                                         bank10       000000
__Hbank11                                         bank11       000000
__Hbank12                                         bank12       000000
__Hbank13                                         bank13       000000
__Hbank14                                         bank14       000000
__Hbank15                                         bank15       000000
__Hbank2                                          bank2        000000
__Hbank3                                          bank3        000000
__Hbank4                                          bank4        000000
__Hbank5                                          bank5        000000
__Hbank6                                          bank6        000000
__Hbank7                                          bank7        000000
__Hbank8                                          bank8        000000
__Hbank9                                          bank9        000000
__Hbigbss                                         bigbss       000000
__Hbigdata                                        bigdata      000000
__Hbigram                                         bigram       000000
__Hbigsfr                                         bigsfr       000000
__Hbss                                            bss          000000
__HbssBANK0                                       bssBANK0     000000
__HbssCOMRAM                                      bssCOMRAM    000000
__Hcinit                                          cinit        000000
__Hclrtext                                        clrtext      000000
__Hcomram                                         comram       000000
__Hconfig                                         config       30000E
__Hconst                                          const        000000
__HcstackBANK0                                    cstackBANK0  000000
__HcstackBANK1                                    cstackBANK1  000000
__HcstackCOMRAM                                   cstackCOMRAM 000000
__Hdata                                           data         000000
__HdataBANK0                                      dataBANK0    000000
__HdataBANK1                                      dataBANK1    000000
__HdataCOMRAM                                     dataCOMRAM   000000
__Heeprom_data                                    eeprom_data  000000
__Hfarbss                                         farbss       000000
__Hfardata                                        fardata      000000
__Hheap                                           heap         000000
__Hibigdata                                       ibigdata     000000
__Hidata                                          idata        000000
__HidataBANK0                                     idataBANK0   000000
__HidataBANK1                                     idataBANK1   000000
__HidataCOMRAM                                    idataCOMRAM  000000
__Hidloc                                          idloc        200008
__Hifardata                                       ifardata     000000
__Hinit                                           init         00005E
__Hintcode                                        intcode      00000E
__Hintcode_body                                   intcode_body 000000
__Hintcodelo                                      intcodelo    00005A
__Hintentry                                       intentry     000000
__Hintret                                         intret       000000
__Hintsave_regs                                   intsave_regs 000000
__Hirdata                                         irdata       000000
__Hmediumconst                                    mediumconst  000000
__HnvFARRAM                                       nvFARRAM     000000
__Hnvbit                                          nvbit        000000
__Hnvrram                                         nvrram       000000
__Hparam                                          rparam       000000
__Hpowerup                                        powerup      00005A
__Hram                                            ram          000000
__Hramtop                                         ramtop       001000
__Hrbit                                           rbit         000000
__Hrbss                                           rbss         000000
__Hrdata                                          rdata        000000
__Hreset_vec                                      reset_vec    000004
__Hrparam                                         rparam       000000
__Hsfr                                            sfr          000000
__Hsmallconst                                     smallconst   001006
__Hspace_0                                        (abs)        002390
__Hspace_1                                        (abs)        000121
__Hspace_2                                        (abs)        000000
__Hspace_4                                        (abs)        60000E
__Hstack                                          stack        000000
__Hstruct                                         struct       000000
__Htemp                                           temp         00006C
__Htext                                           text         000000
__Htext0                                          text0        000000
__Htext1                                          text1        000000
__Htext10                                         text10       000000
__Htext11                                         text11       000000
__Htext12                                         text12       000000
__Htext13                                         text13       000000
__Htext14                                         text14       000000
__Htext15                                         text15       000000
__Htext16                                         text16       000000
__Htext17                                         text17       000000
__Htext18                                         text18       000000
__Htext19                                         text19       000000
__Htext2                                          text2        000000
__Htext20                                         text20       000000
__Htext21                                         text21       000000
__Htext22                                         text22       000000
__Htext23                                         text23       000000
__Htext24                                         text24       000000
__Htext25                                         text25       000000
__Htext26                                         text26       000000
__Htext27                                         text27       000000
__Htext28                                         text28       000000
__Htext29                                         text29       000000
__Htext3                                          text3        000000
__Htext30                                         text30       000000
__Htext31                                         text31       000000
__Htext32                                         text32       000000
__Htext33                                         text33       000000
__Htext34                                         text34       000000
__Htext36                                         text36       000000
__Htext37                                         text37       000000
__Htext38                                         text38       000000
__Htext39                                         text39       000000
__Htext4                                          text4        000000
__Htext40                                         text40       000000
__Htext41                                         text41       000000
__Htext42                                         text42       000000
__Htext43                                         text43       000000
__Htext44                                         text44       000000
__Htext45                                         text45       000000
__Htext46                                         text46       000000
__Htext47                                         text47       000000
__Htext48                                         text48       000000
__Htext49                                         text49       000000
__Htext5                                          text5        000000
__Htext50                                         text50       000000
__Htext51                                         text51       000000
__Htext52                                         text52       000000
__Htext53                                         text53       000000
__Htext54                                         text54       000000
__Htext55                                         text55       000000
__Htext56                                         text56       000000
__Htext57                                         text57       000000
__Htext58                                         text58       000000
__Htext59                                         text59       000000
__Htext6                                          text6        000000
__Htext60                                         text60       000000
__Htext61                                         text61       000000
__Htext62                                         text62       000000
__Htext7                                          text7        000000
__Htext9                                          text9        000000
__LRAM                                            (abs)        000001
__L__absolute__                                   __absolute__ 000000
__Labs1                                           abs1         000000
__Lbank0                                          bank0        000000
__Lbank1                                          bank1        000000
__Lbank10                                         bank10       000000
__Lbank11                                         bank11       000000
__Lbank12                                         bank12       000000
__Lbank13                                         bank13       000000
__Lbank14                                         bank14       000000
__Lbank15                                         bank15       000000
__Lbank2                                          bank2        000000
__Lbank3                                          bank3        000000
__Lbank4                                          bank4        000000
__Lbank5                                          bank5        000000
__Lbank6                                          bank6        000000
__Lbank7                                          bank7        000000
__Lbank8                                          bank8        000000
__Lbank9                                          bank9        000000
__Lbigbss                                         bigbss       000000
__Lbigdata                                        bigdata      000000
__Lbigram                                         bigram       000000
__Lbigsfr                                         bigsfr       000000
__Lbss                                            bss          000000
__LbssBANK0                                       bssBANK0     000000
__LbssCOMRAM                                      bssCOMRAM    000000
__Lcinit                                          cinit        000000
__Lclrtext                                        clrtext      000000
__Lcomram                                         comram       000000
__Lconfig                                         config       000000
__Lconst                                          const        000000
__LcstackBANK0                                    cstackBANK0  000000
__LcstackBANK1                                    cstackBANK1  000000
__LcstackCOMRAM                                   cstackCOMRAM 000000
__Ldata                                           data         000000
__LdataBANK0                                      dataBANK0    000000
__LdataBANK1                                      dataBANK1    000000
__LdataCOMRAM                                     dataCOMRAM   000000
__Leeprom_data                                    eeprom_data  000000
__Lfarbss                                         farbss       000000
__Lfardata                                        fardata      000000
__Lheap                                           heap         000000
__Libigdata                                       ibigdata     000000
__Lidata                                          idata        000000
__LidataBANK0                                     idataBANK0   000000
__LidataBANK1                                     idataBANK1   000000
__LidataCOMRAM                                    idataCOMRAM  000000
__Lidloc                                          idloc        000000
__Lifardata                                       ifardata     000000
__Linit                                           init         00005A
__Lintcode                                        intcode      000008
__Lintcode_body                                   intcode_body 000000
__Lintcodelo                                      intcodelo    000018
__Lintentry                                       intentry     000000
__Lintret                                         intret       000000
__Lintsave_regs                                   intsave_regs 000000
__Lirdata                                         irdata       000000
__Lmediumconst                                    mediumconst  000000
__LnvFARRAM                                       nvFARRAM     000000
__Lnvbit                                          nvbit        000000
__Lnvrram                                         nvrram       000000
__Lparam                                          rparam       000000
__Lpowerup                                        powerup      00005A
__Lram                                            ram          000000
__Lramtop                                         ramtop       001000
__Lrbit                                           rbit         000000
__Lrbss                                           rbss         000000
__Lrdata                                          rdata        000000
__Lreset_vec                                      reset_vec    000000
__Lrparam                                         rparam       000000
__Lsfr                                            sfr          000000
__Lsmallconst                                     smallconst   001000
__Lspace_0                                        (abs)        000000
__Lspace_1                                        (abs)        000000
__Lspace_2                                        (abs)        000000
__Lspace_4                                        (abs)        000000
__Lstack                                          stack        000000
__Lstruct                                         struct       000000
__Ltemp                                           temp         00006B
__Ltext                                           text         000000
__Ltext0                                          text0        000000
__Ltext1                                          text1        000000
__Ltext10                                         text10       000000
__Ltext11                                         text11       000000
__Ltext12                                         text12       000000
__Ltext13                                         text13       000000
__Ltext14                                         text14       000000
__Ltext15                                         text15       000000
__Ltext16                                         text16       000000
__Ltext17                                         text17       000000
__Ltext18                                         text18       000000
__Ltext19                                         text19       000000
__Ltext2                                          text2        000000
__Ltext20                                         text20       000000
__Ltext21                                         text21       000000
__Ltext22                                         text22       000000
__Ltext23                                         text23       000000
__Ltext24                                         text24       000000
__Ltext25                                         text25       000000
__Ltext26                                         text26       000000
__Ltext27                                         text27       000000
__Ltext28                                         text28       000000
__Ltext29                                         text29       000000
__Ltext3                                          text3        000000
__Ltext30                                         text30       000000
__Ltext31                                         text31       000000
__Ltext32                                         text32       000000
__Ltext33                                         text33       000000
__Ltext34                                         text34       000000
__Ltext36                                         text36       000000
__Ltext37                                         text37       000000
__Ltext38                                         text38       000000
__Ltext39                                         text39       000000
__Ltext4                                          text4        000000
__Ltext40                                         text40       000000
__Ltext41                                         text41       000000
__Ltext42                                         text42       000000
__Ltext43                                         text43       000000
__Ltext44                                         text44       000000
__Ltext45                                         text45       000000
__Ltext46                                         text46       000000
__Ltext47                                         text47       000000
__Ltext48                                         text48       000000
__Ltext49                                         text49       000000
__Ltext5                                          text5        000000
__Ltext50                                         text50       000000
__Ltext51                                         text51       000000
__Ltext52                                         text52       000000
__Ltext53                                         text53       000000
__Ltext54                                         text54       000000
__Ltext55                                         text55       000000
__Ltext56                                         text56       000000
__Ltext57                                         text57       000000
__Ltext58                                         text58       000000
__Ltext59                                         text59       000000
__Ltext6                                          text6        000000
__Ltext60                                         text60       000000
__Ltext61                                         text61       000000
__Ltext62                                         text62       000000
__Ltext7                                          text7        000000
__Ltext9                                          text9        000000
__S0                                              (abs)        002390
__S1                                              (abs)        000121
__S4                                              (abs)        000000
__S5                                              (abs)        000000
___heap_hi                                        (abs)        000000
___heap_lo                                        (abs)        000000
___inthi_sp                                       stack        000000
___intlo_sp                                       stack        000000
___param_bank                                     (abs)        000000
___rparam_used                                    (abs)        000001
___sp                                             stack        000000
__accesstop                                       (abs)        000080
__activetblptr                                    (abs)        000003
__end_of_ADC_ISR                                  text34       002380
__end_of_CCP1_Capture_Mode_Read_Value             text33       001DF0
__end_of_CCP1_ISR                                 text30       002054
__end_of_CCP1_interruptHundler                    text31       001BAC
__end_of_EUSART_ASYNC_ReadByteNonBlocking         text29       001F66
__end_of_EUSART_RX_ISR                            text27       001FC8
__end_of_EUSART_Rx_InterruptHandler               text28       00212A
__end_of_EUSART_TX_ISR                            text25       002026
__end_of_EUSART_Tx_InterruptHandler               text26       0022A2
__end_of_INT0_ISR                                 text24       00237C
__end_of_INT1_ISR                                 text23       002378
__end_of_INT2_ISR                                 text22       002374
__end_of_InterruptCheck                           text9        001388
__end_of_InterruptManagerHigh                     intcode_body 0020DA
__end_of_InterruptManagerLow                      intcodelo    00005A
__end_of_RB4_ISR                                  text21       002288
__end_of_RB5_ISR                                  text20       00226E
__end_of_RB6_ISR                                  text19       002254
__end_of_RB7_ISR                                  text18       00223A
__end_of_SPI_Init_Master                          text6        001A3A
__end_of_SPI_WriteByteBlocking                    text7        00214C
__end_of_TMR1_ISR                                 text17       00234A
__end_of_TMR2_ISR                                 text16       002368
__end_of_TMR3_ISR                                 text14       001E94
__end_of_TMRO_ISR                                 text10       001E5E
__end_of_Timer1_Read_value                        text13       001C6C
__end_of_Timer1_Write_value                       text12       00216C
__end_of_Timer3_Write_value                       text32       00218C
__end_of__initialization                          cinit        001B36
__end_of_app_intialize                            text1        0021EA
__end_of_gpio_pin_direction_intialize             text5        00185E
__end_of_gpio_pin_intialize                       text3        001D1E
__end_of_gpio_pin_write_logic                     text4        00199A
__end_of_led_initialize                           text2        001ABE
__end_of_main                                     text0        001DB8
__end_of_timer0_interruptHundler                  text11       001F34
__end_of_timer3_interruptHundler                  text15       002220
__end_ofi2_ADC_ISR                                text61       002390
__end_ofi2_CCP1_Capture_Mode_Read_Value           text60       001E28
__end_ofi2_CCP1_ISR                               text57       0020B0
__end_ofi2_CCP1_interruptHundler                  text58       001C0E
__end_ofi2_EUSART_ASYNC_ReadByteNonBlocking       text56       001F98
__end_ofi2_EUSART_RX_ISR                          text54       001FF8
__end_ofi2_EUSART_Rx_InterruptHandler             text55       002206
__end_ofi2_EUSART_TX_ISR                          text52       002082
__end_ofi2_EUSART_Tx_InterruptHandler             text53       00233E
__end_ofi2_INT0_ISR                               text51       00238C
__end_ofi2_INT1_ISR                               text50       002388
__end_ofi2_INT2_ISR                               text49       002384
__end_ofi2_InterruptCheck                         text36       00170A
__end_ofi2_RB4_ISR                                text48       00230A
__end_ofi2_RB5_ISR                                text47       0022F0
__end_ofi2_RB6_ISR                                text46       0022D6
__end_ofi2_RB7_ISR                                text45       0022BC
__end_ofi2_TMR1_ISR                               text44       002356
__end_ofi2_TMR2_ISR                               text43       002370
__end_ofi2_TMR3_ISR                               text41       001F00
__end_ofi2_TMRO_ISR                               text37       001ECA
__end_ofi2_Timer1_Read_value                      text40       001CCA
__end_ofi2_Timer1_Write_value                     text39       0021AC
__end_ofi2_Timer3_Write_value                     text59       0021CC
__end_ofi2_timer0_interruptHundler                text38       002104
__end_ofi2_timer3_interruptHundler                text42       00232E
__initialization                                  cinit        001ABE
__mediumconst                                     mediumconst  000000
__pbssBANK0                                       bssBANK0     0000CD
__pbssCOMRAM                                      bssCOMRAM    000001
__pcinit                                          cinit        001ABE
__pcstackBANK0                                    cstackBANK0  0000FA
__pcstackBANK1                                    cstackBANK1  000113
__pcstackCOMRAM                                   cstackCOMRAM 000047
__pdataBANK0                                      dataBANK0    000080
__pdataBANK1                                      dataBANK1    000100
__pdataCOMRAM                                     dataCOMRAM   000062
__pidataBANK0                                     idataBANK0   001D1E
__pidataBANK1                                     idataBANK1   00230A
__pidataCOMRAM                                    idataCOMRAM  002356
__pintcode                                        intcode      000008
__pintcode_body                                   intcode_body 0020B0
__pintcodelo                                      intcodelo    000018
__psmallconst                                     smallconst   001000
__ptext0                                          text0        001D6C
__ptext1                                          text1        0021CC
__ptext10                                         text10       001E28
__ptext11                                         text11       001F00
__ptext12                                         text12       00214C
__ptext13                                         text13       001C0E
__ptext14                                         text14       001E5E
__ptext15                                         text15       002206
__ptext16                                         text16       002360
__ptext17                                         text17       00233E
__ptext18                                         text18       002220
__ptext19                                         text19       00223A
__ptext2                                          text2        001A3A
__ptext20                                         text20       002254
__ptext21                                         text21       00226E
__ptext22                                         text22       002370
__ptext23                                         text23       002374
__ptext24                                         text24       002378
__ptext25                                         text25       001FF8
__ptext26                                         text26       002288
__ptext27                                         text27       001F98
__ptext28                                         text28       002104
__ptext29                                         text29       001F34
__ptext3                                          text3        001CCA
__ptext30                                         text30       002026
__ptext31                                         text31       001B40
__ptext32                                         text32       00216C
__ptext33                                         text33       001DB8
__ptext34                                         text34       00237C
__ptext36                                         text36       001388
__ptext37                                         text37       001E94
__ptext38                                         text38       0020DA
__ptext39                                         text39       00218C
__ptext4                                          text4        00185E
__ptext40                                         text40       001C6C
__ptext41                                         text41       001ECA
__ptext42                                         text42       00231E
__ptext43                                         text43       002368
__ptext44                                         text44       00234A
__ptext45                                         text45       0022A2
__ptext46                                         text46       0022BC
__ptext47                                         text47       0022D6
__ptext48                                         text48       0022F0
__ptext49                                         text49       002380
__ptext5                                          text5        00170A
__ptext50                                         text50       002384
__ptext51                                         text51       002388
__ptext52                                         text52       002054
__ptext53                                         text53       00232E
__ptext54                                         text54       001FC8
__ptext55                                         text55       0021EA
__ptext56                                         text56       001F66
__ptext57                                         text57       002082
__ptext58                                         text58       001BAC
__ptext59                                         text59       0021AC
__ptext6                                          text6        00199A
__ptext60                                         text60       001DF0
__ptext61                                         text61       00238C
__ptext62                                         text62       000000
__ptext7                                          text7        00212A
__ptext9                                          text9        001006
__ramtop                                          ramtop       001000
__smallconst                                      smallconst   001000
_app_intialize                                    text1        0021CC
_ccp1_capature_value                              bssCOMRAM    000041
_ccp1_obj                                         dataBANK0    0000AF
_freqenct_measured                                bssBANK0     0000DE
_gpio_pin_direction_intialize                     text5        00170A
_gpio_pin_intialize                               text3        001CCA
_gpio_pin_write_logic                             text4        00185E
_lat_registers                                    dataBANK0    00008A
_lcd_1                                            dataBANK0    0000B6
_lcd_2                                            dataBANK0    00009E
_led1                                             dataCOMRAM   00006A
_led2                                             dataCOMRAM   000065
_led_initialize                                   text2        001A3A
_main                                             text0        001D6C
_port_registers                                   dataBANK0    000080
_rec_uart_data                                    bssCOMRAM    000045
_timer0                                           dataBANK0    0000A8
_timer0_count                                     bssCOMRAM    00003B
_timer0_interruptHundler                          text11       001F00
_timer0_interruptHundler$intlevel1                text11       001F0A
_timer0_preload                                   bssCOMRAM    000019
_timer1                                           dataBANK0    0000C7
_timer1_count                                     bssCOMRAM    000046
_timer1_preload                                   bssCOMRAM    000015
_timer2                                           dataBANK0    0000BC
_timer2_preload                                   bssCOMRAM    00003C
_timer3                                           dataBANK0    0000C1
_timer3_interruptHundler                          text15       002206
_timer3_interruptHundler$intlevel1                text15       002210
_timer3_overflow                                  bssBANK0     0000EE
_timer3_preload                                   bssCOMRAM    00000F
_tris_registers                                   dataBANK0    000094
_usart_obj                                        dataBANK1    000100
_usart_rx_valid                                   bssBANK0     0000EA
_usart_tx_valid                                   bssBANK0     0000E6
btemp                                             temp         00006B
end_of_initialization                             cinit        001B36
gpio_pin_direction_intialize@_pin_config          cstackBANK0  0000FA
gpio_pin_direction_intialize@ret                  cstackBANK0  0000FC
gpio_pin_intialize@_pin_config                    cstackBANK0  0000FE
gpio_pin_intialize@ret                            cstackBANK1  000119
gpio_pin_write_logic@_pin_config                  cstackBANK0  0000FA
gpio_pin_write_logic@logic                        cstackBANK0  0000FC
gpio_pin_write_logic@ret                          cstackBANK0  0000FD
i2CCP1_Capture_Mode_Read_Value@_capture_value     cstackCOMRAM 000047
i2CCP1_Capture_Mode_Read_Value@compare_temp_value cstackCOMRAM 000049
i2EUSART_ASYNC_ReadByteNonBlocking@_data          cstackCOMRAM 000047
i2RB4_ISR@RB4_Source                              cstackCOMRAM 000047
i2RB5_ISR@RB5_Source                              cstackCOMRAM 000047
i2RB6_ISR@RB6_Source                              cstackCOMRAM 000047
i2RB7_ISR@RB7_Source                              cstackCOMRAM 000047
i2Timer1_Read_value@_timer                        cstackCOMRAM 000047
i2Timer1_Read_value@_value                        cstackCOMRAM 000049
i2Timer1_Read_value@tmr1h                         cstackCOMRAM 00004E
i2Timer1_Read_value@tmr1l                         cstackCOMRAM 00004D
i2Timer1_Write_value@_timer                       cstackCOMRAM 000047
i2Timer1_Write_value@_value                       cstackCOMRAM 000049
i2Timer3_Write_value@_timer                       cstackCOMRAM 000047
i2Timer3_Write_value@_value                       cstackCOMRAM 000049
i2_ADC_ISR                                        text61       00238C
i2_CCP1_Capture_Mode_Read_Value                   text60       001DF0
i2_CCP1_ISR                                       text57       002082
i2_CCP1_interruptHundler                          text58       001BAC
i2_EUSART_ASYNC_ReadByteNonBlocking               text56       001F66
i2_EUSART_RX_ISR                                  text54       001FC8
i2_EUSART_Rx_InterruptHandler                     text55       0021EA
i2_EUSART_TX_ISR                                  text52       002054
i2_EUSART_Tx_InterruptHandler                     text53       00232E
i2_INT0_ISR                                       text51       002388
i2_INT1_ISR                                       text50       002384
i2_INT2_ISR                                       text49       002380
i2_InterruptCheck                                 text36       001388
i2_RB4_ISR                                        text48       0022F0
i2_RB5_ISR                                        text47       0022D6
i2_RB6_ISR                                        text46       0022BC
i2_RB7_ISR                                        text45       0022A2
i2_TMR1_ISR                                       text44       00234A
i2_TMR2_ISR                                       text43       002368
i2_TMR3_ISR                                       text41       001ECA
i2_TMRO_ISR                                       text37       001E94
i2_Timer1_Read_value                              text40       001C6C
i2_Timer1_Write_value                             text39       00218C
i2_Timer3_Write_value                             text59       0021AC
i2_timer0_interruptHundler                        text38       0020DA
i2_timer3_interruptHundler                        text42       00231E
int$flags                                         temp         00006B
int_func                                          intcode_body 0020B0
intlevel0                                         text         000000
intlevel1                                         text         000000
intlevel2                                         text         000000
intlevel3                                         text         000000
isa$std                                           (abs)        000001
isa$xinst                                         (abs)        000000
led_initialize@F3048                              bssCOMRAM    000040
led_initialize@led                                cstackBANK1  00011A
led_initialize@pin_obj                            cstackBANK1  00011E
led_initialize@ret                                cstackBANK1  00011D
led_turn_off@F3058                                bssCOMRAM    00003E
led_turn_on@F3053                                 bssCOMRAM    00003F
led_turn_toggle@F3063                             bssCOMRAM    00003D
stackhi                                           (abs)        000000
stacklo                                           (abs)        000000
start                                             init         00005A
start_initialization                              cinit        001ABE
ttemp5                                            temp         00006C
ttemp6                                            temp         00006F
ttemp7                                            temp         000073
wtemp8                                            temp         00006C


MODULE INFORMATION

Module		Function		Class		Link	Load	Size
MCAL_Layer/Timer/Timer3/hal_timer3.c
		_TMR3_ISR      		CODE           	1E5E	0000	54
		_Timer3_Write_value		CODE           	216C	0000	32

MCAL_Layer/Timer/Timer3/hal_timer3.c estimated size: 86

MCAL_Layer/Timer/Timer2/hal_timer2.c
		_TMR2_ISR      		CODE           	2360	0000	8

MCAL_Layer/Timer/Timer2/hal_timer2.c estimated size: 8

MCAL_Layer/Timer/Timer1/hal_timer1.c
		_Timer1_Read_value		CODE           	1C0E	0000	94
		_TMR1_ISR      		CODE           	233E	0000	12
		_Timer1_Write_value		CODE           	214C	0000	32

MCAL_Layer/Timer/Timer1/hal_timer1.c estimated size: 138

MCAL_Layer/Timer/Timer0/hal_timer0.c
		_TMRO_ISR      		CODE           	1E28	0000	54

MCAL_Layer/Timer/Timer0/hal_timer0.c estimated size: 54

MCAL_Layer/SPI/hal_SPI.c
		_SPI_Init_Master		CODE           	199A	0000	160
		_SPI_WriteByteBlocking		CODE           	212A	0000	34

MCAL_Layer/SPI/hal_SPI.c estimated size: 194

shared
		i2_EUSART_Rx_InterruptHandler		CODE           	21EA	0000	28
		i2_EUSART_Tx_InterruptHandler		CODE           	232E	0000	16
		i2_RB6_ISR     		CODE           	22BC	0000	26
		i2_INT1_ISR    		CODE           	2384	0000	4
		i2_TMR1_ISR    		CODE           	234A	0000	12
		i2_RB7_ISR     		CODE           	22A2	0000	26
		i2_CCP1_ISR    		CODE           	2082	0000	46
		i2_timer0_interruptHundler		CODE           	20DA	0000	42
		i2_timer3_interruptHundler		CODE           	231E	0000	16
		i2_Timer1_Read_value		CODE           	1C6C	0000	94
		i2_EUSART_RX_ISR		CODE           	1FC8	0000	48
		i2_EUSART_TX_ISR		CODE           	2054	0000	46
		__initialization		CODE           	1ABE	0000	120
		i2_Timer1_Write_value		CODE           	218C	0000	32
		i2_Timer3_Write_value		CODE           	21AC	0000	32
		i2_InterruptCheck		CODE           	1388	0000	898
		i2_INT2_ISR    		CODE           	2380	0000	4
		i2_TMRO_ISR    		CODE           	1E94	0000	54
		i2_TMR2_ISR    		CODE           	2368	0000	8
		i2_RB4_ISR     		CODE           	22F0	0000	26
		i2_ADC_ISR     		CODE           	238C	0000	4
		i2_EUSART_ASYNC_ReadByteNonBlocking		CODE           	1F66	0000	50
		i2_INT0_ISR    		CODE           	2388	0000	4
		i2_CCP1_interruptHundler		CODE           	1BAC	0000	98
		i2_RB5_ISR     		CODE           	22D6	0000	26
		i2_TMR3_ISR    		CODE           	1ECA	0000	54
		i2_CCP1_Capture_Mode_Read_Value		CODE           	1DF0	0000	56

shared estimated size: 1870

MCAL_Layer/Interrupt/mcal_external_interrupt.c
		_RB4_ISR       		CODE           	226E	0000	26
		_RB5_ISR       		CODE           	2254	0000	26
		_RB6_ISR       		CODE           	223A	0000	26
		_RB7_ISR       		CODE           	2220	0000	26
		_INT0_ISR      		CODE           	2378	0000	4
		_INT1_ISR      		CODE           	2374	0000	4
		_INT2_ISR      		CODE           	2370	0000	4

MCAL_Layer/Interrupt/mcal_external_interrupt.c estimated size: 116

MCAL_Layer/ADC/hal_adc.c
		_ADC_ISR       		CODE           	237C	0000	4

MCAL_Layer/ADC/hal_adc.c estimated size: 4

MCAL_Layer/Interrupt/mcal_interrupt_manager.c
		_InterruptCheck		CODE           	1006	0000	898
		_InterruptManagerLow		CODE           	0018	0000	66
		_InterruptManagerHigh		CODE           	0008	0000	48

MCAL_Layer/Interrupt/mcal_interrupt_manager.c estimated size: 1012

MCAL_Layer/GPIO/hal_gpio.c
		_gpio_pin_write_logic		CODE           	185E	0000	316
		_gpio_pin_intialize		CODE           	1CCA	0000	84
		_gpio_pin_direction_intialize		CODE           	170A	0000	340

MCAL_Layer/GPIO/hal_gpio.c estimated size: 740

MCAL_Layer/USART/hal_usart.c
		_EUSART_RX_ISR 		CODE           	1F98	0000	48
		_EUSART_TX_ISR 		CODE           	1FF8	0000	46
		_EUSART_ASYNC_ReadByteNonBlocking		CODE           	1F34	0000	50

MCAL_Layer/USART/hal_usart.c estimated size: 144

ECU_Layer/LED/ecu_led.c
		_led_initialize		CODE           	1A3A	0000	132

ECU_Layer/LED/ecu_led.c estimated size: 132

application.c
		_timer0_interruptHundler		CODE           	1F00	0000	52
		_timer3_interruptHundler		CODE           	2206	0000	26
		_main          		CODE           	1D6C	0000	76
		_app_intialize 		CODE           	21CC	0000	30
		_CCP1_interruptHundler		CODE           	1B40	0000	108
		_EUSART_Rx_InterruptHandler		CODE           	2104	0000	38
		_EUSART_Tx_InterruptHandler		CODE           	2288	0000	26

application.c estimated size: 356

MCAL_Layer/CCP/CCP1/hal_ccp1.c
		_CCP1_ISR      		CODE           	2026	0000	46
		_CCP1_Capture_Mode_Read_Value		CODE           	1DB8	0000	56

MCAL_Layer/CCP/CCP1/hal_ccp1.c estimated size: 102

