Microchip MPLAB XC8 Compiler V2.41

Linker command line:

-W-3 \
  --edf=C:\Program Files\Microchip\xc8\v2.41\pic\dat\20230208172133_en.msgs \
  -cn -h+dist/default/production\LCD_Driver.production.sym \
  --cmf=dist/default/production\LCD_Driver.production.cmf -z -Q18F4620 \
  -oC:\Users\Belal\AppData\Local\Temp\xcAsa1g.\driver_tmp_3.o \
  --defsym=__MPLAB_BUILD=1 --fixupoverflow=error \
  -Mdist/default/production/LCD_Driver.production.map \
  --md=C:\Users\Belal\AppData\Local\Temp\xcAsa1g.\driver_tmp_0.dat -E1 \
  -ver=XC8 Compiler --acfsm=1493 -ACODE=00h-0FFFFh -ACONST=00h-0FFFFh \
  -ASMALLCONST=01000h-010FFhx240 -AMEDIUMCONST=01000h-0FFFFh \
  -ACOMRAM=01h-07Fh -AABS1=00h-0F7Fh -ABIGRAM=01h-0F7Fh \
  -ARAM=080h-0FFh,0100h-01FFhx14,0F00h-0F7Fh -ABANK0=080h-0FFh \
  -ABANK1=0100h-01FFh -ABANK2=0200h-02FFh -ABANK3=0300h-03FFh \
  -ABANK4=0400h-04FFh -ABANK5=0500h-05FFh -ABANK6=0600h-06FFh \
  -ABANK7=0700h-07FFh -ABANK8=0800h-08FFh -ABANK9=0900h-09FFh \
  -ABANK10=0A00h-0AFFh -ABANK11=0B00h-0BFFh -ABANK12=0C00h-0CFFh \
  -ABANK13=0D00h-0DFFh -ABANK14=0E00h-0EFFh -ABANK15=0F00h-0F7Fh \
  -ASFR=0F80h-0FFFh -ABIGSFR=0F80h-0FFFh -ACONFIG=0300000h-030000Dh \
  -AIDLOC=0200000h-0200007h -AEEDATA=0F00000h-0F003FFh -peeprom_data=EEDATA \
  -preset_vec=00h,intcode=08h,intcodelo=018h,powerup,init -pramtop=01000h \
  -psmallconst=SMALLCONST -pmediumconst=MEDIUMCONST -pconst=CONST \
  -AFARRAM=00h-00h \
  -prdata=COMRAM,nvrram=COMRAM,nvbit=COMRAM,rbss=COMRAM,rbit=COMRAM \
  -pfarbss=FARRAM,fardata=FARRAM,nvFARRAM=FARRAM \
  -pintsave_regs=BIGRAM,bigbss=BIGRAM,bigdata=BIGRAM -pbss=RAM \
  -pidata=CODE,irdata=CODE,ibigdata=CODE,ifardata=CODE -prparam=COMRAM \
  C:\Users\Belal\AppData\Local\Temp\xcAsa1g.\driver_tmp_9.o \
  dist/default/production\LCD_Driver.production.o 

Object code version is 3.11

Machine type is 18F4620



                Name                               Link     Load   Length Selector   Space Scale
C:\Users\Belal\AppData\Local\Temp\xcAsa1g.\driver_tmp_9.o
                idloc                            200000   200000        8        0       5
                config                           300000   300000        E        0       4
                init                                 5A       5A        4        C       0
                reset_vec                             0        0        4        0       0
dist/default/production\LCD_Driver.production.o
                intcodelo                            18       18       42        C       0
                intcode                               8        8        6        4       0
                idloc                            200000   200000        8        0       5
                config                           300000   300000        E        0       4
                temp                                 6C       6C        1        1       1
                smallconst                         1000     1000        C      800       0
                text62                             2476     2476        4     1209       0
                text61                             1EC4     1EC4       38      F46       0
                text60                             225E     225E       20      F46       0
                text59                             1C80     1C80       62      806       0
                text58                             2156     2156       2E      F46       0
                text57                             203A     203A       32      F46       0
                text56                             229C     229C       1C      F46       0
                text55                             209C     209C       30      F46       0
                text54                             2422     2422       10     1209       0
                text53                             2128     2128       2E      F46       0
                text52                             2472     2472        4     1209       0
                text51                             246E     246E        4     1209       0
                text50                             246A     246A        4     1209       0
                text49                             23BC     23BC       1A      F46       0
                text48                             23A2     23A2       1A      F46       0
                text47                             2388     2388       1A      F46       0
                text46                             236E     236E       1A      F46       0
                text45                             243E     243E        C     1209       0
                text44                             2452     2452        8     1209       0
                text43                             2412     2412       10     1209       0
                text42                             1F9E     1F9E       36      F46       0
                text41                             1D40     1D40       5E      806       0
                text40                             223E     223E       20      F46       0
                text39                             21AE     21AE       2A      F46       0
                text38                             1F68     1F68       36      F46       0
                text37                             138E     138E      382      806       0
                intcode_body                       2184     2184       2A      F46       0
                text35                             2466     2466        4     1209       0
                text34                             1E8C     1E8C       38      F46       0
                text33                             221E     221E       20      F46       0
                text32                             1C14     1C14       6C      806       0
                text31                             20FA     20FA       2E      F46       0
                text30                             2008     2008       32      F46       0
                text29                             21D8     21D8       26      F46       0
                text28                             206C     206C       30      F46       0
                text27                             2354     2354       1A      F46       0
                text26                             20CC     20CC       2E      F46       0
                text25                             2462     2462        4     1209       0
                text24                             245E     245E        4     1209       0
                text23                             245A     245A        4     1209       0
                text22                             233A     233A       1A      F46       0
                text21                             2320     2320       1A      F46       0
                text20                             2306     2306       1A      F46       0
                text19                             22EC     22EC       1A      F46       0
                text18                             2432     2432        C     1209       0
                text17                             244A     244A        8     1209       0
                text16                             22D2     22D2       1A      F46       0
                text15                             1F32     1F32       36      F46       0
                text14                             1CE2     1CE2       5E      806       0
                text13                             21FE     21FE       20      F46       0
                text12                             1FD4     1FD4       34      F46       0
                text11                             1EFC     1EFC       36      F46       0
                text10                             100C     100C      382      806       0
                text8                              23D6     23D6       18      F46       0
                text7                              1D9E     1D9E       5A      806       0
                text6                              1710     1710      172      806       0
                text5                              1882     1882      14A      806       0
                text4                              19CC     19CC      132      806       0
                text3                              1DF8     1DF8       50      806       0
                text2                              1AFE     1AFE       94      806       0
                text1                              227E     227E       1E      F46       0
                text0                              22B8     22B8       1A      F46       0
                cstackCOMRAM                         41       41       1B        1       1
                cstackBANK0                          F2       F2        E       80       1
                cstackBANK1                         113      113        4      100       1
                dataBANK1                           100      100       13      100       1
                dataBANK0                            80       80       43       80       1
                bssBANK0                             C3       C3       2F       80       1
                dataCOMRAM                           5C       5C       10        1       1
                bssCOMRAM                             1        1       40        1       1
                cinit                              1B92     1B92       82      806       0
                idataBANK1                         23EE     23EE       13      F46       0
                idataBANK0                         1E48     1E48       43      806       0
                idataCOMRAM                        2401     2401       10      F46       0

TOTAL           Name                               Link     Load   Length     Space
        CLASS   CODE           
                intcodelo                            18       18       42         0
                intcode                               8        8        6         0
                init                                 5A       5A        4         0
                reset_vec                             0        0        4         0
                text62                             2476     2476        4         0
                text61                             1EC4     1EC4       38         0
                text60                             225E     225E       20         0
                text59                             1C80     1C80       62         0
                text58                             2156     2156       2E         0
                text57                             203A     203A       32         0
                text56                             229C     229C       1C         0
                text55                             209C     209C       30         0
                text54                             2422     2422       10         0
                text53                             2128     2128       2E         0
                text52                             2472     2472        4         0
                text51                             246E     246E        4         0
                text50                             246A     246A        4         0
                text49                             23BC     23BC       1A         0
                text48                             23A2     23A2       1A         0
                text47                             2388     2388       1A         0
                text46                             236E     236E       1A         0
                text45                             243E     243E        C         0
                text44                             2452     2452        8         0
                text43                             2412     2412       10         0
                text42                             1F9E     1F9E       36         0
                text41                             1D40     1D40       5E         0
                text40                             223E     223E       20         0
                text39                             21AE     21AE       2A         0
                text38                             1F68     1F68       36         0
                text37                             138E     138E      382         0
                intcode_body                       2184     2184       2A         0
                text35                             2466     2466        4         0
                text34                             1E8C     1E8C       38         0
                text33                             221E     221E       20         0
                text32                             1C14     1C14       6C         0
                text31                             20FA     20FA       2E         0
                text30                             2008     2008       32         0
                text29                             21D8     21D8       26         0
                text28                             206C     206C       30         0
                text27                             2354     2354       1A         0
                text26                             20CC     20CC       2E         0
                text25                             2462     2462        4         0
                text24                             245E     245E        4         0
                text23                             245A     245A        4         0
                text22                             233A     233A       1A         0
                text21                             2320     2320       1A         0
                text20                             2306     2306       1A         0
                text19                             22EC     22EC       1A         0
                text18                             2432     2432        C         0
                text17                             244A     244A        8         0
                text16                             22D2     22D2       1A         0
                text15                             1F32     1F32       36         0
                text14                             1CE2     1CE2       5E         0
                text13                             21FE     21FE       20         0
                text12                             1FD4     1FD4       34         0
                text11                             1EFC     1EFC       36         0
                text10                             100C     100C      382         0
                text8                              23D6     23D6       18         0
                text7                              1D9E     1D9E       5A         0
                text6                              1710     1710      172         0
                text5                              1882     1882      14A         0
                text4                              19CC     19CC      132         0
                text3                              1DF8     1DF8       50         0
                text2                              1AFE     1AFE       94         0
                text1                              227E     227E       1E         0
                text0                              22B8     22B8       1A         0
                cinit                              1B92     1B92       82         0
                idataBANK1                         23EE     23EE       13         0
                idataBANK0                         1E48     1E48       43         0
                idataCOMRAM                        2401     2401       10         0

        CLASS   CONST          

        CLASS   SMALLCONST     
                smallconst                         1000     1000        C         0

        CLASS   MEDIUMCONST    

        CLASS   COMRAM         
                temp                                 6C       6C        1         1
                cstackCOMRAM                         41       41       1B         1
                dataCOMRAM                           5C       5C       10         1
                bssCOMRAM                             1        1       40         1

        CLASS   ABS1           

        CLASS   BIGRAM         

        CLASS   RAM            

        CLASS   BANK0          
                cstackBANK0                          F2       F2        E         1
                dataBANK0                            80       80       43         1
                bssBANK0                             C3       C3       2F         1

        CLASS   BANK1          
                cstackBANK1                         113      113        4         1
                dataBANK1                           100      100       13         1

        CLASS   BANK2          

        CLASS   BANK3          

        CLASS   BANK4          

        CLASS   BANK5          

        CLASS   BANK6          

        CLASS   BANK7          

        CLASS   BANK8          

        CLASS   BANK9          

        CLASS   BANK10         

        CLASS   BANK11         

        CLASS   BANK12         

        CLASS   BANK13         

        CLASS   BANK14         

        CLASS   BANK15         

        CLASS   SFR            

        CLASS   BIGSFR         

        CLASS   CONFIG         
                config                           300000   300000        E         4

        CLASS   IDLOC          
                idloc                            200000   200000        8         5

        CLASS   EEDATA         

        CLASS   FARRAM         

        CLASS   HEAP           

        CLASS   STACK          



SEGMENTS        Name                           Load    Length   Top    Selector   Space  Class

                reset_vec                      000000  000004  000004         0       0  CODE    
                bssCOMRAM                      000001  00006C  00006D         1       1  COMRAM  
                intcode                        000008  000006  00000E         4       0  CODE    
                intcodelo                      000018  000046  00005E         C       0  CODE    
                dataBANK0                      000080  000080  000100        80       1  BANK0   
                dataBANK1                      000100  000017  000117       100       1  BANK1   
                smallconst                     001000  00000C  00100C       800       0  SMALLCON
                text10                         00100C  000E7F  001E8B       806       0  CODE    
                text34                         001E8C  000585  002411       F46       0  CODE    
                text43                         002412  000068  00247A      1209       0  CODE    


UNUSED ADDRESS RANGES

        Name                Unused          Largest block    Delta
        BANK1            000117-0001FF               E9
        BANK10           000A00-000AFF              100
        BANK11           000B00-000BFF              100
        BANK12           000C00-000CFF              100
        BANK13           000D00-000DFF              100
        BANK14           000E00-000EFF              100
        BANK15           000F00-000F7F               80
        BANK2            000200-0002FF              100
        BANK3            000300-0003FF              100
        BANK4            000400-0004FF              100
        BANK5            000500-0005FF              100
        BANK6            000600-0006FF              100
        BANK7            000700-0007FF              100
        BANK8            000800-0008FF              100
        BANK9            000900-0009FF              100
        BIGRAM           00006D-00007F               13
                         000117-000F7F              E69
        BIGSFR           000F80-000FFF               80
        CODE             000004-000007                4
                         00000E-000017                A
                         00005E-000FFF              FA2
                         001E8B-001E8B                1
                         002411-002411                1
                         00247A-00FFFF             DB86
        COMRAM           00006D-00007F               13
        CONST            000004-000007                4
                         00000E-000017                A
                         00005E-000FFF              FA2
                         001E8B-001E8B                1
                         002411-002411                1
                         00247A-00FFFF             DB86
        EEDATA           F00000-F003FF              400
        MEDIUMCONST      001E8B-001E8B                1
                         002411-002411                1
                         00247A-00FFFF             DB86
        RAM              000117-000F7F              100
        SFR              000F80-000FFF               80
        SMALLCONST       001E8B-001E8B                1
                         002411-002411                1
                         00247A-00FFFF              100

                                  Symbol Table

CCP1_Capture_Mode_Read_Value@F3086                bssCOMRAM    00002D
CCP1_Capture_Mode_Read_Value@_capture_value       cstackCOMRAM 00004D
CCP1_Capture_Mode_Read_Value@compare_temp_value   cstackCOMRAM 00004F
EUSART_ASYNC_ReadByteNonBlocking@_data            cstackCOMRAM 00004D
RB4_ISR@RB4_Source                                cstackCOMRAM 00004D
RB5_ISR@RB5_Source                                cstackCOMRAM 00004D
RB6_ISR@RB6_Source                                cstackCOMRAM 00004D
RB7_ISR@RB7_Source                                cstackCOMRAM 00004D
SPI_Init@_spi                                     cstackBANK0  0000F2
SPI_Init@ret                                      cstackBANK0  0000F5
SPI_WriteByteBlocking@_data                       cstackBANK0  0000F2
SPI_WriteStringBlocking@_data                     cstackBANK0  0000F3
SPI_WriteStringBlocking@ret                       cstackBANK0  0000F5
Timer1_Read_value@_timer                          cstackCOMRAM 00004D
Timer1_Read_value@_value                          cstackCOMRAM 00004F
Timer1_Read_value@tmr1h                           cstackCOMRAM 000054
Timer1_Read_value@tmr1l                           cstackCOMRAM 000053
Timer1_Write_value@_timer                         cstackCOMRAM 00004D
Timer1_Write_value@_value                         cstackCOMRAM 00004F
Timer3_Write_value@_timer                         cstackCOMRAM 00004D
Timer3_Write_value@_value                         cstackCOMRAM 00004F
_ADCON0bits                                       (abs)        000FC2
_ADCON1bits                                       (abs)        000FC1
_ADCON2bits                                       (abs)        000FC0
_ADC_ISR                                          text35       002466
_ADC_InterruptHandler                             bssCOMRAM    000031
_ADRESH                                           (abs)        000FC4
_ADRESL                                           (abs)        000FC3
_BAUDCONbits                                      (abs)        000FB8
_CCP1CONbits                                      (abs)        000FBD
_CCP1_Capture_Mode_Read_Value                     text34       001E8C
_CCP1_ISR                                         text31       0020FA
_CCP1_InterruptHandler                            bssCOMRAM    00002F
_CCP1_Interrupt_flag                              bssCOMRAM    000034
_CCP1_Interrupt_flag_2                            bssCOMRAM    000033
_CCP1_interruptHundler                            text32       001C14
_CCP1_interruptHundler$intlevel1                  text32       001C1E
_CCPR1H                                           (abs)        000FBF
_CCPR1L                                           (abs)        000FBE
_EEADR                                            (abs)        000FA9
_EEADRH                                           (abs)        000FAA
_EECON1bits                                       (abs)        000FA6
_EECON2                                           (abs)        000FA7
_EEDATA                                           (abs)        000FA8
_EUSART_ASYNC_ReadByteNonBlocking                 text30       002008
_EUSART_FramingErrorHandler                       bssCOMRAM    000003
_EUSART_OverrunErrorHandler                       bssCOMRAM    000001
_EUSART_RX_ISR                                    text28       00206C
_EUSART_Rx_InterruptHandler                       text29       0021D8
_EUSART_Rx_InterruptHandler$intlevel1             text29       0021E2
_EUSART_Rx_InterruptHandler@hal_usart$F3613       bssCOMRAM    000005
_EUSART_TX_ISR                                    text26       0020CC
_EUSART_Tx_InterruptHandler                       text27       002354
_EUSART_Tx_InterruptHandler$intlevel1             text27       00235E
_EUSART_Tx_InterruptHandler@hal_usart$F3612       bssCOMRAM    000007
_INT0_ISR                                         text25       002462
_INT0_InterruptHandler                            bssCOMRAM    00002B
_INT1_ISR                                         text24       00245E
_INT1_InterruptHandler                            bssCOMRAM    000029
_INT2_ISR                                         text23       00245A
_INT2_InterruptHandler                            bssCOMRAM    000027
_INTCON2bits                                      (abs)        000FF1
_INTCON3bits                                      (abs)        000FF0
_INTCONbits                                       (abs)        000FF2
_IPR1bits                                         (abs)        000F9F
_InterruptCheck                                   text10       00100C
_InterruptManagerHigh                             intcode      000008
_InterruptManagerLow                              intcodelo    000018
_LATA                                             (abs)        000F89
_LATB                                             (abs)        000F8A
_LATC                                             (abs)        000F8B
_LATD                                             (abs)        000F8C
_LATE                                             (abs)        000F8D
_PIE1bits                                         (abs)        000F9D
_PIE2bits                                         (abs)        000FA0
_PIR1bits                                         (abs)        000F9E
_PIR2bits                                         (abs)        000FA1
_PORTA                                            (abs)        000F80
_PORTB                                            (abs)        000F81
_PORTBbits                                        (abs)        000F81
_PORTC                                            (abs)        000F82
_PORTD                                            (abs)        000F83
_PORTE                                            (abs)        000F84
_RB4_Flag                                         dataCOMRAM   00006A
_RB4_ISR                                          text22       00233A
_RB4_InterruptHandler_HIGH                        bssCOMRAM    000025
_RB4_InterruptHandler_LOW                         bssCOMRAM    000023
_RB5_Flag                                         dataCOMRAM   000069
_RB5_ISR                                          text21       002320
_RB5_InterruptHandler_HIGH                        bssCOMRAM    000021
_RB5_InterruptHandler_LOW                         bssCOMRAM    00001F
_RB6_Flag                                         dataCOMRAM   000068
_RB6_ISR                                          text20       002306
_RB6_InterruptHandler_HIGH                        bssCOMRAM    00001D
_RB6_InterruptHandler_LOW                         bssCOMRAM    00001B
_RB7_Flag                                         dataCOMRAM   000067
_RB7_ISR                                          text19       0022EC
_RB7_InterruptHandler_HIGH                        bssCOMRAM    000019
_RB7_InterruptHandler_LOW                         bssCOMRAM    000017
_RCONbits                                         (abs)        000FD0
_RCREG                                            (abs)        000FAE
_RCSTAbits                                        (abs)        000FAB
_SPBRG                                            (abs)        000FAF
_SPBRGH                                           (abs)        000FB0
_SPI_Init                                         text6        001710
_SPI_WriteByteBlocking                            text8        0023D6
_SPI_WriteStringBlocking                          text7        001D9E
_SPI_obj                                          bssBANK0     0000EC
_SSPBUF                                           (abs)        000FC9
_SSPCON1bits                                      (abs)        000FC6
_SSPSTATbits                                      (abs)        000FC7
_T0CONbits                                        (abs)        000FD5
_T1CONbits                                        (abs)        000FCD
_T2CONbits                                        (abs)        000FCA
_T3CONbits                                        (abs)        000FB1
_TMR0H                                            (abs)        000FD7
_TMR0L                                            (abs)        000FD6
_TMR0_InterruptHandler                            bssCOMRAM    000015
_TMR1H                                            (abs)        000FCF
_TMR1L                                            (abs)        000FCE
_TMR1_ISR                                         text18       002432
_TMR1_InterruptHandler                            bssCOMRAM    000011
_TMR2                                             (abs)        000FCC
_TMR2_ISR                                         text17       00244A
_TMR2_InterruptHandler                            bssCOMRAM    00000D
_TMR3H                                            (abs)        000FB3
_TMR3L                                            (abs)        000FB2
_TMR3_ISR                                         text15       001F32
_TMR3_InterruptHandler                            bssCOMRAM    00000B
_TMRO_ISR                                         text11       001EFC
_TRISA                                            (abs)        000F92
_TRISAbits                                        (abs)        000F92
_TRISB                                            (abs)        000F93
_TRISC                                            (abs)        000F94
_TRISCbits                                        (abs)        000F94
_TRISD                                            (abs)        000F95
_TRISE                                            (abs)        000F96
_TXREG                                            (abs)        000FAD
_TXSTAbits                                        (abs)        000FAC
_Timer1_Read_value                                text14       001CE2
_Timer1_Write_value                               text13       0021FE
_Timer3_Write_value                               text33       00221E
_Total_period_microSecond                         bssBANK0     0000D8
__HRAM                                            (abs)        000000
__H__absolute__                                   __absolute__ 000000
__Habs1                                           abs1         000000
__Hbank0                                          bank0        000000
__Hbank1                                          bank1        000000
__Hbank10                                         bank10       000000
__Hbank11                                         bank11       000000
__Hbank12                                         bank12       000000
__Hbank13                                         bank13       000000
__Hbank14                                         bank14       000000
__Hbank15                                         bank15       000000
__Hbank2                                          bank2        000000
__Hbank3                                          bank3        000000
__Hbank4                                          bank4        000000
__Hbank5                                          bank5        000000
__Hbank6                                          bank6        000000
__Hbank7                                          bank7        000000
__Hbank8                                          bank8        000000
__Hbank9                                          bank9        000000
__Hbigbss                                         bigbss       000000
__Hbigdata                                        bigdata      000000
__Hbigram                                         bigram       000000
__Hbigsfr                                         bigsfr       000000
__Hbss                                            bss          000000
__HbssBANK0                                       bssBANK0     000000
__HbssCOMRAM                                      bssCOMRAM    000000
__Hcinit                                          cinit        000000
__Hclrtext                                        clrtext      000000
__Hcomram                                         comram       000000
__Hconfig                                         config       30000E
__Hconst                                          const        000000
__HcstackBANK0                                    cstackBANK0  000000
__HcstackBANK1                                    cstackBANK1  000000
__HcstackCOMRAM                                   cstackCOMRAM 000000
__Hdata                                           data         000000
__HdataBANK0                                      dataBANK0    000000
__HdataBANK1                                      dataBANK1    000000
__HdataCOMRAM                                     dataCOMRAM   000000
__Heeprom_data                                    eeprom_data  000000
__Hfarbss                                         farbss       000000
__Hfardata                                        fardata      000000
__Hheap                                           heap         000000
__Hibigdata                                       ibigdata     000000
__Hidata                                          idata        000000
__HidataBANK0                                     idataBANK0   000000
__HidataBANK1                                     idataBANK1   000000
__HidataCOMRAM                                    idataCOMRAM  000000
__Hidloc                                          idloc        200008
__Hifardata                                       ifardata     000000
__Hinit                                           init         00005E
__Hintcode                                        intcode      00000E
__Hintcode_body                                   intcode_body 000000
__Hintcodelo                                      intcodelo    00005A
__Hintentry                                       intentry     000000
__Hintret                                         intret       000000
__Hintsave_regs                                   intsave_regs 000000
__Hirdata                                         irdata       000000
__Hmediumconst                                    mediumconst  000000
__HnvFARRAM                                       nvFARRAM     000000
__Hnvbit                                          nvbit        000000
__Hnvrram                                         nvrram       000000
__Hparam                                          rparam       000000
__Hpowerup                                        powerup      00005A
__Hram                                            ram          000000
__Hramtop                                         ramtop       001000
__Hrbit                                           rbit         000000
__Hrbss                                           rbss         000000
__Hrdata                                          rdata        000000
__Hreset_vec                                      reset_vec    000004
__Hrparam                                         rparam       000000
__Hsfr                                            sfr          000000
__Hsmallconst                                     smallconst   00100C
__Hspace_0                                        (abs)        00247A
__Hspace_1                                        (abs)        000117
__Hspace_2                                        (abs)        000000
__Hspace_4                                        (abs)        60000E
__Hstack                                          stack        000000
__Hstruct                                         struct       000000
__Htemp                                           temp         00006D
__Htext                                           text         000000
__Htext0                                          text0        000000
__Htext1                                          text1        000000
__Htext10                                         text10       000000
__Htext11                                         text11       000000
__Htext12                                         text12       000000
__Htext13                                         text13       000000
__Htext14                                         text14       000000
__Htext15                                         text15       000000
__Htext16                                         text16       000000
__Htext17                                         text17       000000
__Htext18                                         text18       000000
__Htext19                                         text19       000000
__Htext2                                          text2        000000
__Htext20                                         text20       000000
__Htext21                                         text21       000000
__Htext22                                         text22       000000
__Htext23                                         text23       000000
__Htext24                                         text24       000000
__Htext25                                         text25       000000
__Htext26                                         text26       000000
__Htext27                                         text27       000000
__Htext28                                         text28       000000
__Htext29                                         text29       000000
__Htext3                                          text3        000000
__Htext30                                         text30       000000
__Htext31                                         text31       000000
__Htext32                                         text32       000000
__Htext33                                         text33       000000
__Htext34                                         text34       000000
__Htext35                                         text35       000000
__Htext37                                         text37       000000
__Htext38                                         text38       000000
__Htext39                                         text39       000000
__Htext4                                          text4        000000
__Htext40                                         text40       000000
__Htext41                                         text41       000000
__Htext42                                         text42       000000
__Htext43                                         text43       000000
__Htext44                                         text44       000000
__Htext45                                         text45       000000
__Htext46                                         text46       000000
__Htext47                                         text47       000000
__Htext48                                         text48       000000
__Htext49                                         text49       000000
__Htext5                                          text5        000000
__Htext50                                         text50       000000
__Htext51                                         text51       000000
__Htext52                                         text52       000000
__Htext53                                         text53       000000
__Htext54                                         text54       000000
__Htext55                                         text55       000000
__Htext56                                         text56       000000
__Htext57                                         text57       000000
__Htext58                                         text58       000000
__Htext59                                         text59       000000
__Htext6                                          text6        000000
__Htext60                                         text60       000000
__Htext61                                         text61       000000
__Htext62                                         text62       000000
__Htext63                                         text63       000000
__Htext7                                          text7        000000
__Htext8                                          text8        000000
__LRAM                                            (abs)        000001
__L__absolute__                                   __absolute__ 000000
__Labs1                                           abs1         000000
__Lbank0                                          bank0        000000
__Lbank1                                          bank1        000000
__Lbank10                                         bank10       000000
__Lbank11                                         bank11       000000
__Lbank12                                         bank12       000000
__Lbank13                                         bank13       000000
__Lbank14                                         bank14       000000
__Lbank15                                         bank15       000000
__Lbank2                                          bank2        000000
__Lbank3                                          bank3        000000
__Lbank4                                          bank4        000000
__Lbank5                                          bank5        000000
__Lbank6                                          bank6        000000
__Lbank7                                          bank7        000000
__Lbank8                                          bank8        000000
__Lbank9                                          bank9        000000
__Lbigbss                                         bigbss       000000
__Lbigdata                                        bigdata      000000
__Lbigram                                         bigram       000000
__Lbigsfr                                         bigsfr       000000
__Lbss                                            bss          000000
__LbssBANK0                                       bssBANK0     000000
__LbssCOMRAM                                      bssCOMRAM    000000
__Lcinit                                          cinit        000000
__Lclrtext                                        clrtext      000000
__Lcomram                                         comram       000000
__Lconfig                                         config       000000
__Lconst                                          const        000000
__LcstackBANK0                                    cstackBANK0  000000
__LcstackBANK1                                    cstackBANK1  000000
__LcstackCOMRAM                                   cstackCOMRAM 000000
__Ldata                                           data         000000
__LdataBANK0                                      dataBANK0    000000
__LdataBANK1                                      dataBANK1    000000
__LdataCOMRAM                                     dataCOMRAM   000000
__Leeprom_data                                    eeprom_data  000000
__Lfarbss                                         farbss       000000
__Lfardata                                        fardata      000000
__Lheap                                           heap         000000
__Libigdata                                       ibigdata     000000
__Lidata                                          idata        000000
__LidataBANK0                                     idataBANK0   000000
__LidataBANK1                                     idataBANK1   000000
__LidataCOMRAM                                    idataCOMRAM  000000
__Lidloc                                          idloc        000000
__Lifardata                                       ifardata     000000
__Linit                                           init         00005A
__Lintcode                                        intcode      000008
__Lintcode_body                                   intcode_body 000000
__Lintcodelo                                      intcodelo    000018
__Lintentry                                       intentry     000000
__Lintret                                         intret       000000
__Lintsave_regs                                   intsave_regs 000000
__Lirdata                                         irdata       000000
__Lmediumconst                                    mediumconst  000000
__LnvFARRAM                                       nvFARRAM     000000
__Lnvbit                                          nvbit        000000
__Lnvrram                                         nvrram       000000
__Lparam                                          rparam       000000
__Lpowerup                                        powerup      00005A
__Lram                                            ram          000000
__Lramtop                                         ramtop       001000
__Lrbit                                           rbit         000000
__Lrbss                                           rbss         000000
__Lrdata                                          rdata        000000
__Lreset_vec                                      reset_vec    000000
__Lrparam                                         rparam       000000
__Lsfr                                            sfr          000000
__Lsmallconst                                     smallconst   001000
__Lspace_0                                        (abs)        000000
__Lspace_1                                        (abs)        000000
__Lspace_2                                        (abs)        000000
__Lspace_4                                        (abs)        000000
__Lstack                                          stack        000000
__Lstruct                                         struct       000000
__Ltemp                                           temp         00006C
__Ltext                                           text         000000
__Ltext0                                          text0        000000
__Ltext1                                          text1        000000
__Ltext10                                         text10       000000
__Ltext11                                         text11       000000
__Ltext12                                         text12       000000
__Ltext13                                         text13       000000
__Ltext14                                         text14       000000
__Ltext15                                         text15       000000
__Ltext16                                         text16       000000
__Ltext17                                         text17       000000
__Ltext18                                         text18       000000
__Ltext19                                         text19       000000
__Ltext2                                          text2        000000
__Ltext20                                         text20       000000
__Ltext21                                         text21       000000
__Ltext22                                         text22       000000
__Ltext23                                         text23       000000
__Ltext24                                         text24       000000
__Ltext25                                         text25       000000
__Ltext26                                         text26       000000
__Ltext27                                         text27       000000
__Ltext28                                         text28       000000
__Ltext29                                         text29       000000
__Ltext3                                          text3        000000
__Ltext30                                         text30       000000
__Ltext31                                         text31       000000
__Ltext32                                         text32       000000
__Ltext33                                         text33       000000
__Ltext34                                         text34       000000
__Ltext35                                         text35       000000
__Ltext37                                         text37       000000
__Ltext38                                         text38       000000
__Ltext39                                         text39       000000
__Ltext4                                          text4        000000
__Ltext40                                         text40       000000
__Ltext41                                         text41       000000
__Ltext42                                         text42       000000
__Ltext43                                         text43       000000
__Ltext44                                         text44       000000
__Ltext45                                         text45       000000
__Ltext46                                         text46       000000
__Ltext47                                         text47       000000
__Ltext48                                         text48       000000
__Ltext49                                         text49       000000
__Ltext5                                          text5        000000
__Ltext50                                         text50       000000
__Ltext51                                         text51       000000
__Ltext52                                         text52       000000
__Ltext53                                         text53       000000
__Ltext54                                         text54       000000
__Ltext55                                         text55       000000
__Ltext56                                         text56       000000
__Ltext57                                         text57       000000
__Ltext58                                         text58       000000
__Ltext59                                         text59       000000
__Ltext6                                          text6        000000
__Ltext60                                         text60       000000
__Ltext61                                         text61       000000
__Ltext62                                         text62       000000
__Ltext63                                         text63       000000
__Ltext7                                          text7        000000
__Ltext8                                          text8        000000
__S0                                              (abs)        00247A
__S1                                              (abs)        000117
__S4                                              (abs)        000000
__S5                                              (abs)        000000
___heap_hi                                        (abs)        000000
___heap_lo                                        (abs)        000000
___inthi_sp                                       stack        000000
___intlo_sp                                       stack        000000
___param_bank                                     (abs)        000000
___rparam_used                                    (abs)        000001
___sp                                             stack        000000
__accesstop                                       (abs)        000080
__activetblptr                                    (abs)        000003
__end_of_ADC_ISR                                  text35       00246A
__end_of_CCP1_Capture_Mode_Read_Value             text34       001EC4
__end_of_CCP1_ISR                                 text31       002128
__end_of_CCP1_interruptHundler                    text32       001C80
__end_of_EUSART_ASYNC_ReadByteNonBlocking         text30       00203A
__end_of_EUSART_RX_ISR                            text28       00209C
__end_of_EUSART_Rx_InterruptHandler               text29       0021FE
__end_of_EUSART_TX_ISR                            text26       0020FA
__end_of_EUSART_Tx_InterruptHandler               text27       00236E
__end_of_INT0_ISR                                 text25       002466
__end_of_INT1_ISR                                 text24       002462
__end_of_INT2_ISR                                 text23       00245E
__end_of_InterruptCheck                           text10       00138E
__end_of_InterruptManagerHigh                     intcode_body 0021AE
__end_of_InterruptManagerLow                      intcodelo    00005A
__end_of_RB4_ISR                                  text22       002354
__end_of_RB5_ISR                                  text21       00233A
__end_of_RB6_ISR                                  text20       002320
__end_of_RB7_ISR                                  text19       002306
__end_of_SPI_Init                                 text6        001882
__end_of_SPI_WriteByteBlocking                    text8        0023EE
__end_of_SPI_WriteStringBlocking                  text7        001DF8
__end_of_TMR1_ISR                                 text18       00243E
__end_of_TMR2_ISR                                 text17       002452
__end_of_TMR3_ISR                                 text15       001F68
__end_of_TMRO_ISR                                 text11       001F32
__end_of_Timer1_Read_value                        text14       001D40
__end_of_Timer1_Write_value                       text13       00221E
__end_of_Timer3_Write_value                       text33       00223E
__end_of__initialization                          cinit        001C0A
__end_of_app_intialize                            text1        00229C
__end_of_gpio_pin_direction_intialize             text5        0019CC
__end_of_gpio_pin_intialize                       text3        001E48
__end_of_gpio_pin_write_logic                     text4        001AFE
__end_of_led_initialize                           text2        001B92
__end_of_main                                     text0        0022D2
__end_of_timer0_interruptHundler                  text12       002008
__end_of_timer3_interruptHundler                  text16       0022EC
__end_ofi2_ADC_ISR                                text62       00247A
__end_ofi2_CCP1_Capture_Mode_Read_Value           text61       001EFC
__end_ofi2_CCP1_ISR                               text58       002184
__end_ofi2_CCP1_interruptHundler                  text59       001CE2
__end_ofi2_EUSART_ASYNC_ReadByteNonBlocking       text57       00206C
__end_ofi2_EUSART_RX_ISR                          text55       0020CC
__end_ofi2_EUSART_Rx_InterruptHandler             text56       0022B8
__end_ofi2_EUSART_TX_ISR                          text53       002156
__end_ofi2_EUSART_Tx_InterruptHandler             text54       002432
__end_ofi2_INT0_ISR                               text52       002476
__end_ofi2_INT1_ISR                               text51       002472
__end_ofi2_INT2_ISR                               text50       00246E
__end_ofi2_InterruptCheck                         text37       001710
__end_ofi2_RB4_ISR                                text49       0023D6
__end_ofi2_RB5_ISR                                text48       0023BC
__end_ofi2_RB6_ISR                                text47       0023A2
__end_ofi2_RB7_ISR                                text46       002388
__end_ofi2_TMR1_ISR                               text45       00244A
__end_ofi2_TMR2_ISR                               text44       00245A
__end_ofi2_TMR3_ISR                               text42       001FD4
__end_ofi2_TMRO_ISR                               text38       001F9E
__end_ofi2_Timer1_Read_value                      text41       001D9E
__end_ofi2_Timer1_Write_value                     text40       00225E
__end_ofi2_Timer3_Write_value                     text60       00227E
__end_ofi2_timer0_interruptHundler                text39       0021D8
__end_ofi2_timer3_interruptHundler                text43       002422
__initialization                                  cinit        001B92
__mediumconst                                     mediumconst  000000
__pbssBANK0                                       bssBANK0     0000C3
__pbssCOMRAM                                      bssCOMRAM    000001
__pcinit                                          cinit        001B92
__pcstackBANK0                                    cstackBANK0  0000F2
__pcstackBANK1                                    cstackBANK1  000113
__pcstackCOMRAM                                   cstackCOMRAM 000041
__pdataBANK0                                      dataBANK0    000080
__pdataBANK1                                      dataBANK1    000100
__pdataCOMRAM                                     dataCOMRAM   00005C
__pidataBANK0                                     idataBANK0   001E48
__pidataBANK1                                     idataBANK1   0023EE
__pidataCOMRAM                                    idataCOMRAM  002401
__pintcode                                        intcode      000008
__pintcode_body                                   intcode_body 002184
__pintcodelo                                      intcodelo    000018
__psmallconst                                     smallconst   001000
__ptext0                                          text0        0022B8
__ptext1                                          text1        00227E
__ptext10                                         text10       00100C
__ptext11                                         text11       001EFC
__ptext12                                         text12       001FD4
__ptext13                                         text13       0021FE
__ptext14                                         text14       001CE2
__ptext15                                         text15       001F32
__ptext16                                         text16       0022D2
__ptext17                                         text17       00244A
__ptext18                                         text18       002432
__ptext19                                         text19       0022EC
__ptext2                                          text2        001AFE
__ptext20                                         text20       002306
__ptext21                                         text21       002320
__ptext22                                         text22       00233A
__ptext23                                         text23       00245A
__ptext24                                         text24       00245E
__ptext25                                         text25       002462
__ptext26                                         text26       0020CC
__ptext27                                         text27       002354
__ptext28                                         text28       00206C
__ptext29                                         text29       0021D8
__ptext3                                          text3        001DF8
__ptext30                                         text30       002008
__ptext31                                         text31       0020FA
__ptext32                                         text32       001C14
__ptext33                                         text33       00221E
__ptext34                                         text34       001E8C
__ptext35                                         text35       002466
__ptext37                                         text37       00138E
__ptext38                                         text38       001F68
__ptext39                                         text39       0021AE
__ptext4                                          text4        0019CC
__ptext40                                         text40       00223E
__ptext41                                         text41       001D40
__ptext42                                         text42       001F9E
__ptext43                                         text43       002412
__ptext44                                         text44       002452
__ptext45                                         text45       00243E
__ptext46                                         text46       00236E
__ptext47                                         text47       002388
__ptext48                                         text48       0023A2
__ptext49                                         text49       0023BC
__ptext5                                          text5        001882
__ptext50                                         text50       00246A
__ptext51                                         text51       00246E
__ptext52                                         text52       002472
__ptext53                                         text53       002128
__ptext54                                         text54       002422
__ptext55                                         text55       00209C
__ptext56                                         text56       00229C
__ptext57                                         text57       00203A
__ptext58                                         text58       002156
__ptext59                                         text59       001C80
__ptext6                                          text6        001710
__ptext60                                         text60       00225E
__ptext61                                         text61       001EC4
__ptext62                                         text62       002476
__ptext63                                         text63       000000
__ptext7                                          text7        001D9E
__ptext8                                          text8        0023D6
__ramtop                                          ramtop       001000
__smallconst                                      smallconst   001000
_app_intialize                                    text1        00227E
_ccp1_capature_value                              bssCOMRAM    00003B
_ccp1_obj                                         dataBANK0    0000A5
_freqenct_measured                                bssBANK0     0000D4
_gpio_pin_direction_intialize                     text5        001882
_gpio_pin_intialize                               text3        001DF8
_gpio_pin_write_logic                             text4        0019CC
_lat_registers                                    dataCOMRAM   00005C
_lcd_1                                            dataBANK0    0000AC
_lcd_2                                            dataBANK0    000094
_led1                                             dataCOMRAM   00006B
_led2                                             dataCOMRAM   000066
_led_initialize                                   text2        001AFE
_main                                             text0        0022B8
_port_registers                                   dataBANK0    000080
_rec_uart_data                                    bssCOMRAM    00003F
_timer0                                           dataBANK0    00009E
_timer0_count                                     bssCOMRAM    000035
_timer0_interruptHundler                          text12       001FD4
_timer0_interruptHundler$intlevel1                text12       001FDE
_timer0_preload                                   bssCOMRAM    000013
_timer1                                           dataBANK0    0000BD
_timer1_count                                     bssCOMRAM    000040
_timer1_preload                                   bssCOMRAM    00000F
_timer2                                           dataBANK0    0000B2
_timer2_preload                                   bssCOMRAM    000036
_timer3                                           dataBANK0    0000B7
_timer3_interruptHundler                          text16       0022D2
_timer3_interruptHundler$intlevel1                text16       0022DC
_timer3_overflow                                  bssBANK0     0000E4
_timer3_preload                                   bssCOMRAM    000009
_tris_registers                                   dataBANK0    00008A
_usart_obj                                        dataBANK1    000100
_usart_rx_valid                                   bssBANK0     0000E0
_usart_tx_valid                                   bssBANK0     0000DC
btemp                                             temp         00006C
end_of_initialization                             cinit        001C0A
gpio_pin_direction_intialize@_pin_config          cstackBANK0  0000F2
gpio_pin_direction_intialize@ret                  cstackBANK0  0000FA
gpio_pin_intialize@_pin_config                    cstackBANK0  0000FC
gpio_pin_intialize@ret                            cstackBANK0  0000FE
gpio_pin_write_logic@_pin_config                  cstackBANK0  0000F2
gpio_pin_write_logic@logic                        cstackBANK0  0000F4
gpio_pin_write_logic@ret                          cstackBANK0  0000FB
i2CCP1_Capture_Mode_Read_Value@_capture_value     cstackCOMRAM 000041
i2CCP1_Capture_Mode_Read_Value@compare_temp_value cstackCOMRAM 000043
i2EUSART_ASYNC_ReadByteNonBlocking@_data          cstackCOMRAM 000041
i2RB4_ISR@RB4_Source                              cstackCOMRAM 000041
i2RB5_ISR@RB5_Source                              cstackCOMRAM 000041
i2RB6_ISR@RB6_Source                              cstackCOMRAM 000041
i2RB7_ISR@RB7_Source                              cstackCOMRAM 000041
i2Timer1_Read_value@_timer                        cstackCOMRAM 000041
i2Timer1_Read_value@_value                        cstackCOMRAM 000043
i2Timer1_Read_value@tmr1h                         cstackCOMRAM 000048
i2Timer1_Read_value@tmr1l                         cstackCOMRAM 000047
i2Timer1_Write_value@_timer                       cstackCOMRAM 000041
i2Timer1_Write_value@_value                       cstackCOMRAM 000043
i2Timer3_Write_value@_timer                       cstackCOMRAM 000041
i2Timer3_Write_value@_value                       cstackCOMRAM 000043
i2_ADC_ISR                                        text62       002476
i2_CCP1_Capture_Mode_Read_Value                   text61       001EC4
i2_CCP1_ISR                                       text58       002156
i2_CCP1_interruptHundler                          text59       001C80
i2_EUSART_ASYNC_ReadByteNonBlocking               text57       00203A
i2_EUSART_RX_ISR                                  text55       00209C
i2_EUSART_Rx_InterruptHandler                     text56       00229C
i2_EUSART_TX_ISR                                  text53       002128
i2_EUSART_Tx_InterruptHandler                     text54       002422
i2_INT0_ISR                                       text52       002472
i2_INT1_ISR                                       text51       00246E
i2_INT2_ISR                                       text50       00246A
i2_InterruptCheck                                 text37       00138E
i2_RB4_ISR                                        text49       0023BC
i2_RB5_ISR                                        text48       0023A2
i2_RB6_ISR                                        text47       002388
i2_RB7_ISR                                        text46       00236E
i2_TMR1_ISR                                       text45       00243E
i2_TMR2_ISR                                       text44       002452
i2_TMR3_ISR                                       text42       001F9E
i2_TMRO_ISR                                       text38       001F68
i2_Timer1_Read_value                              text41       001D40
i2_Timer1_Write_value                             text40       00223E
i2_Timer3_Write_value                             text60       00225E
i2_timer0_interruptHundler                        text39       0021AE
i2_timer3_interruptHundler                        text43       002412
int$flags                                         temp         00006C
int_func                                          intcode_body 002184
intlevel0                                         text         000000
intlevel1                                         text         000000
intlevel2                                         text         000000
intlevel3                                         text         000000
isa$std                                           (abs)        000001
isa$xinst                                         (abs)        000000
led_initialize@F3048                              bssCOMRAM    00003A
led_initialize@led                                cstackBANK1  000113
led_initialize@pin_obj                            cstackBANK1  000116
led_initialize@ret                                cstackBANK1  000115
led_turn_off@F3058                                bssCOMRAM    000038
led_turn_on@F3053                                 bssCOMRAM    000039
led_turn_toggle@F3063                             bssCOMRAM    000037
stackhi                                           (abs)        000000
stacklo                                           (abs)        000000
start                                             init         00005A
start_initialization                              cinit        001B92
ttemp5                                            temp         00006D
ttemp6                                            temp         000070
ttemp7                                            temp         000074
wtemp8                                            temp         00006D


MODULE INFORMATION

Module		Function		Class		Link	Load	Size
MCAL_Layer/Timer/Timer3/hal_timer3.c
		_TMR3_ISR      		CODE           	1F32	0000	54
		_Timer3_Write_value		CODE           	221E	0000	32

MCAL_Layer/Timer/Timer3/hal_timer3.c estimated size: 86

MCAL_Layer/Timer/Timer2/hal_timer2.c
		_TMR2_ISR      		CODE           	244A	0000	8

MCAL_Layer/Timer/Timer2/hal_timer2.c estimated size: 8

MCAL_Layer/Timer/Timer1/hal_timer1.c
		_Timer1_Read_value		CODE           	1CE2	0000	94
		_TMR1_ISR      		CODE           	2432	0000	12
		_Timer1_Write_value		CODE           	21FE	0000	32

MCAL_Layer/Timer/Timer1/hal_timer1.c estimated size: 138

MCAL_Layer/Timer/Timer0/hal_timer0.c
		_TMRO_ISR      		CODE           	1EFC	0000	54

MCAL_Layer/Timer/Timer0/hal_timer0.c estimated size: 54

MCAL_Layer/SPI/hal_SPI.c
		_SPI_WriteStringBlocking		CODE           	1D9E	0000	90
		_SPI_WriteByteBlocking		CODE           	23D6	0000	24
		_SPI_Init      		CODE           	1710	0000	370

MCAL_Layer/SPI/hal_SPI.c estimated size: 484

shared
		i2_EUSART_Rx_InterruptHandler		CODE           	229C	0000	28
		i2_EUSART_Tx_InterruptHandler		CODE           	2422	0000	16
		i2_RB6_ISR     		CODE           	2388	0000	26
		i2_INT1_ISR    		CODE           	246E	0000	4
		i2_TMR1_ISR    		CODE           	243E	0000	12
		i2_RB7_ISR     		CODE           	236E	0000	26
		i2_CCP1_ISR    		CODE           	2156	0000	46
		i2_timer0_interruptHundler		CODE           	21AE	0000	42
		i2_timer3_interruptHundler		CODE           	2412	0000	16
		i2_Timer1_Read_value		CODE           	1D40	0000	94
		i2_EUSART_RX_ISR		CODE           	209C	0000	48
		i2_EUSART_TX_ISR		CODE           	2128	0000	46
		__initialization		CODE           	1B92	0000	120
		i2_Timer1_Write_value		CODE           	223E	0000	32
		i2_Timer3_Write_value		CODE           	225E	0000	32
		i2_InterruptCheck		CODE           	138E	0000	898
		i2_INT2_ISR    		CODE           	246A	0000	4
		i2_TMRO_ISR    		CODE           	1F68	0000	54
		i2_TMR2_ISR    		CODE           	2452	0000	8
		i2_RB4_ISR     		CODE           	23BC	0000	26
		i2_ADC_ISR     		CODE           	2476	0000	4
		i2_EUSART_ASYNC_ReadByteNonBlocking		CODE           	203A	0000	50
		i2_INT0_ISR    		CODE           	2472	0000	4
		i2_CCP1_interruptHundler		CODE           	1C80	0000	98
		i2_RB5_ISR     		CODE           	23A2	0000	26
		i2_TMR3_ISR    		CODE           	1F9E	0000	54
		i2_CCP1_Capture_Mode_Read_Value		CODE           	1EC4	0000	56

shared estimated size: 1870

MCAL_Layer/Interrupt/mcal_external_interrupt.c
		_RB4_ISR       		CODE           	233A	0000	26
		_RB5_ISR       		CODE           	2320	0000	26
		_RB6_ISR       		CODE           	2306	0000	26
		_RB7_ISR       		CODE           	22EC	0000	26
		_INT0_ISR      		CODE           	2462	0000	4
		_INT1_ISR      		CODE           	245E	0000	4
		_INT2_ISR      		CODE           	245A	0000	4

MCAL_Layer/Interrupt/mcal_external_interrupt.c estimated size: 116

MCAL_Layer/ADC/hal_adc.c
		_ADC_ISR       		CODE           	2466	0000	4

MCAL_Layer/ADC/hal_adc.c estimated size: 4

MCAL_Layer/Interrupt/mcal_interrupt_manager.c
		_InterruptCheck		CODE           	100C	0000	898
		_InterruptManagerLow		CODE           	0018	0000	66
		_InterruptManagerHigh		CODE           	0008	0000	48

MCAL_Layer/Interrupt/mcal_interrupt_manager.c estimated size: 1012

MCAL_Layer/GPIO/hal_gpio.c
		_gpio_pin_write_logic		CODE           	19CC	0000	306
		_gpio_pin_intialize		CODE           	1DF8	0000	80
		_gpio_pin_direction_intialize		CODE           	1882	0000	330

MCAL_Layer/GPIO/hal_gpio.c estimated size: 716

MCAL_Layer/USART/hal_usart.c
		_EUSART_RX_ISR 		CODE           	206C	0000	48
		_EUSART_TX_ISR 		CODE           	20CC	0000	46
		_EUSART_ASYNC_ReadByteNonBlocking		CODE           	2008	0000	50

MCAL_Layer/USART/hal_usart.c estimated size: 144

ECU_Layer/LED/ecu_led.c
		_led_initialize		CODE           	1AFE	0000	148

ECU_Layer/LED/ecu_led.c estimated size: 148

application.c
		_timer0_interruptHundler		CODE           	1FD4	0000	52
		_timer3_interruptHundler		CODE           	22D2	0000	26
		_main          		CODE           	22B8	0000	26
		_app_intialize 		CODE           	227E	0000	30
		_CCP1_interruptHundler		CODE           	1C14	0000	108
		_EUSART_Rx_InterruptHandler		CODE           	21D8	0000	38
		_EUSART_Tx_InterruptHandler		CODE           	2354	0000	26

application.c estimated size: 306

MCAL_Layer/CCP/CCP1/hal_ccp1.c
		_CCP1_ISR      		CODE           	20FA	0000	46
		_CCP1_Capture_Mode_Read_Value		CODE           	1E8C	0000	56

MCAL_Layer/CCP/CCP1/hal_ccp1.c estimated size: 102

